******************************************************************************
                  MSP430 Linker Unix v18.12.4                  
******************************************************************************
>> Linked Wed Feb 26 17:04:38 2020

OUTPUT FILE NAME:   <firmware_v5.out>
ENTRY POINT SYMBOL: "_c_int00_noargs"  address: 00003460


MEMORY CONFIGURATION

         name            origin    length      used     unused   attr    fill
----------------------  --------  ---------  --------  --------  ----  --------
  SFR                   00000000   00000010  00000000  00000010  RWIX
  PERIPHERALS_8BIT      00000010   000000f0  00000000  000000f0  RWIX
  PERIPHERALS_16BIT     00000100   00000100  00000000  00000100  RWIX
  RAM                   00000200   00000800  00000183  0000067d  RWIX
  INFOB                 00001000   00000080  00000000  00000080  RWIX
  INFOA                 00001080   00000080  00000000  00000080  RWIX
  FLASH                 00001100   0000eee0  0000251b  0000c9c5  RWIX
  INT00                 0000ffe0   00000002  00000002  00000000  RWIX
  INT01                 0000ffe2   00000002  00000002  00000000  RWIX
  INT02                 0000ffe4   00000002  00000002  00000000  RWIX
  INT03                 0000ffe6   00000002  00000002  00000000  RWIX
  INT04                 0000ffe8   00000002  00000002  00000000  RWIX
  INT05                 0000ffea   00000002  00000002  00000000  RWIX
  INT06                 0000ffec   00000002  00000002  00000000  RWIX
  INT07                 0000ffee   00000002  00000002  00000000  RWIX
  INT08                 0000fff0   00000002  00000002  00000000  RWIX
  INT09                 0000fff2   00000002  00000002  00000000  RWIX
  INT10                 0000fff4   00000002  00000002  00000000  RWIX
  INT11                 0000fff6   00000002  00000002  00000000  RWIX
  INT12                 0000fff8   00000002  00000002  00000000  RWIX
  INT13                 0000fffa   00000002  00000002  00000000  RWIX
  INT14                 0000fffc   00000002  00000002  00000000  RWIX
  RESET                 0000fffe   00000002  00000002  00000000  RWIX


SECTION ALLOCATION MAP

 output                                  attributes/
section   page    origin      length       input sections
--------  ----  ----------  ----------   ----------------
.bss       0    00000200    0000011b     UNINITIALIZED
                  00000200    00000100     (.common:mem)
                  00000300    0000001a     (.common:message)
                  0000031a    00000001     (.common:checksum)

.data      0    0000031c    00000018     UNINITIALIZED
                  0000031c    0000000c     v5_main.obj (.data)
                  00000328    00000004     v5_main.obj (.data:__nan_union)
                  0000032c    00000003     xbee.obj (.data)
                  0000032f    00000001     --HOLE--
                  00000330    00000002     rts430_eabi.lib : errno.c.obj (.data)
                  00000332    00000002     wait.obj (.data)

.stack     0    000009b0    00000050     UNINITIALIZED
                  000009b0    00000002     rts430_eabi.lib : boot.c.obj (.stack)
                  000009b2    0000004e     --HOLE--

.text      0    00001100    000024f4     
                  00001100    0000034c     v5_main.obj (.text:taking_data_long)
                  0000144c    000002fa     rts430_eabi.lib : addd.c.obj (.text:__mspabi_addd)
                  00001746    00000292     v5_main.obj (.text:taking_data_short)
                  000019d8    00000286     rts430_eabi.lib : frcmpyd.c.obj (.text:__TI_frcmpyd)
                  00001c5e    0000026e                     : mpyd.c.obj (.text:__mspabi_mpyd)
                  00001ecc    00000260                     : frcaddd.c.obj (.text:__TI_frcaddd)
                  0000212c    0000013c                     : e_sqrtf.c.obj (.text:sqrtf)
                  00002268    00000132                     : fs_add.asm.obj (.text)
                  0000239a    000000ca     adt7410.obj (.text:temperature_sensor_read)
                  00002464    000000c4     rts430_eabi.lib : fs_mpy.asm.obj (.text)
                  00002528    000000be                     : renormd.c.obj (.text:__TI_renormd)
                  000025e6    000000ac                     : fltlid.c.obj (.text:__mspabi_fltlid)
                  00002692    0000009c                     : fs_div.asm.obj (.text)
                  0000272e    00000094     Relay.obj (.text:set_mode)
                  000027c2    00000092     Relay.obj (.text:port1_isr)
                  00002854    00000092     stat.obj (.text:sd)
                  000028e6    0000008c     rts430_eabi.lib : cvtdf.c.obj (.text:__mspabi_cvtdf)
                  00002972    0000008c     adt7410.obj (.text:temperature_sensor_write)
                  000029fe    0000008a     rts430_eabi.lib : fltuld.c.obj (.text:__mspabi_fltuld)
                  00002a88    00000082     xbee.obj (.text:tx_request)
                  00002b0a    0000007c     rts430_eabi.lib : copy_decompress_lzss.c.obj (.text:decompress:lzss:__TI_decompress_lzss)
                  00002b86    0000007c     xbee.obj (.text:rx_request)
                  00002c02    00000074     rts430_eabi.lib : fixdul.c.obj (.text:__mspabi_fixdul)
                  00002c76    00000068     Relay.obj (.text:relay_setup)
                  00002cde    00000068     rts430_eabi.lib : fs_toi.asm.obj (.text)
                  00002d46    00000066     wait.obj (.text:schedule)
                  00002dac    00000064     xbee.obj (.text:setup_isr)
                  00002e10    00000062     v5_main.obj (.text:main)
                  00002e72    0000005c     rts430_eabi.lib : lsr32.asm.obj (.text:l_lsr_const)
                  00002ece    0000005c     xbee.obj (.text:message_decode)
                  00002f2a    0000004e     ltc2327.obj (.text:clock_bits)
                  00002f78    0000004c     rts430_eabi.lib : lsr16.asm.obj (.text)
                  00002fc4    00000048     wait.obj (.text:wait)
                  0000300c    00000046     usart.obj (.text:usart_setup)
                  00003052    00000042     rts430_eabi.lib : autoinit.c.obj (.text:__TI_auto_init_nobinit_nopinit:__TI_auto_init_nobinit_nopinit)
                  00003094    0000003e     adt7410.obj (.text:clock_out)
                  000030d2    0000003e     rts430_eabi.lib : asr32.asm.obj (.text:l_asr_const)
                  00003110    0000003e                     : lsl32.asm.obj (.text:l_lsl_const)
                  0000314e    0000003e     stat.obj (.text:sum)
                  0000318c    00000038     stat.obj (.text:mean)
                  000031c4    00000036     rts430_eabi.lib : fs_itof.asm.obj (.text)
                  000031fa    00000034     v5_main.obj (.text:port_setup)
                  0000322e    00000032     adt7410.obj (.text:clock_in)
                  00003260    00000032     rts430_eabi.lib : fs_ultof.asm.obj (.text)
                  00003292    00000030     ltc2327.obj (.text:adc_setup)
                  000032c2    0000002e     rts430_eabi.lib : subd.c.obj (.text:__mspabi_subd)
                  000032f0    0000002e     wait.obj (.text:clock_setup)
                  0000331e    0000002e     rts430_eabi.lib : mult32_hw.asm.obj (.text)
                  0000334c    0000002c                     : asr16.asm.obj (.text)
                  00003378    0000002c                     : div16s.asm.obj (.text)
                  000033a4    0000002c                     : lsl16.asm.obj (.text)
                  000033d0    00000028     usart.obj (.text:usart_send_word_msb_first)
                  000033f8    00000026     adt7410.obj (.text:check_ack)
                  0000341e    00000022     usart.obj (.text:usart_send_msg)
                  00003440    00000020     wait.obj (.text:timerB0_irq)
                  00003460    0000001c     rts430_eabi.lib : boot.c.obj (.text:_c_int00_noargs)
                  0000347c    00000016     Relay.obj (.text:Reed_setup)
                  00003492    00000016     rts430_eabi.lib : div16u.asm.obj (.text)
                  000034a8    00000014                     : copy_zero_init.c.obj (.text:decompress:ZI:__TI_zero_init_nomemset:__TI_zero_init_nomemset)
                  000034bc    00000014                     : mult16_hw.asm.obj (.text)
                  000034d0    00000012                     : fixdu.c.obj (.text:__mspabi_fixdu)
                  000034e2    00000012                     : copy_decompress_none.c.obj (.text:decompress:none:__TI_decompress_none)
                  000034f4    00000012                     : lsr32.asm.obj (.text:l_lsr)
                  00003506    00000012                     : memcpy.c.obj (.text:memcpy)
                  00003518    00000012     adt7410.obj (.text:temperature_sensor_setup)
                  0000352a    00000012     wait.obj (.text:timerA0_irq)
                  0000353c    00000010     adt7410.obj (.text:CLOCK)
                  0000354c    00000010     xbee.obj (.text:SLEEP)
                  0000355c    00000010     rts430_eabi.lib : asr32.asm.obj (.text:l_asr)
                  0000356c    00000010                     : lsl32.asm.obj (.text:l_lsl)
                  0000357c    00000010                     : epilog.asm.obj (.text)
                  0000358c    00000010     usart.obj (.text:usart_send_byte)
                  0000359c    0000000c     rts430_eabi.lib : fltid.c.obj (.text:__mspabi_fltid)
                  000035a8    0000000c     xbee.obj (.text:xbee_setup)
                  000035b4    0000000a     Relay.obj (.text:activate_relay_irq)
                  000035be    00000008     rts430_eabi.lib : isr_trap.asm.obj (.text:_isr:__TI_ISR_TRAP)
                  000035c6    00000008     v5_main.obj (.text:debug_led_off)
                  000035ce    00000008     v5_main.obj (.text:debug_led_on)
                  000035d6    00000006     rts430_eabi.lib : fltud.c.obj (.text:__mspabi_fltud)
                  000035dc    00000006                     : exit.c.obj (.text:abort)
                  000035e2    00000006     usart.obj (.text:usart_reset_checksum)
                  000035e8    00000006     wait.obj (.text:watchdog_timer)
                  000035ee    00000004     rts430_eabi.lib : pre_init.c.obj (.text:_system_pre_init)
                  000035f2    00000002                     : startup.c.obj (.text:_system_post_cinit)

.const     0    000035f4    00000005     
                  000035f4    00000005     xbee.obj (.const:.string:$P$T0$1)

.cinit     0    000035fa    00000022     
                  000035fa    00000010     (.cinit..data.load) [load image, compression = lzss]
                  0000360a    00000006     (__TI_handler_table)
                  00003610    00000004     (.cinit..bss.load) [load image, compression = zero_init]
                  00003614    00000008     (__TI_cinit_table)

.binit     0    00001100    00000000     

.init_array 
*          0    00001100    00000000     UNINITIALIZED

DACDMA     0    0000ffe0    00000002     
                  0000ffe0    00000002     rts430_eabi.lib : int00.asm.obj (.int00)

PORT2      0    0000ffe2    00000002     
                  0000ffe2    00000002     rts430_eabi.lib : int01.asm.obj (.int01)

USART1TX   0    0000ffe4    00000002     
                  0000ffe4    00000002     rts430_eabi.lib : int02.asm.obj (.int02)

USART1RX   0    0000ffe6    00000002     
                  0000ffe6    00000002     rts430_eabi.lib : int03.asm.obj (.int03)

PORT1      0    0000ffe8    00000002     
                  0000ffe8    00000002     Relay.obj (.int04)

TIMERA1    0    0000ffea    00000002     
                  0000ffea    00000002     rts430_eabi.lib : int05.asm.obj (.int05)

TIMERA0    0    0000ffec    00000002     
                  0000ffec    00000002     wait.obj (.int06)

ADC12      0    0000ffee    00000002     
                  0000ffee    00000002     rts430_eabi.lib : int07.asm.obj (.int07)

USART0TX   0    0000fff0    00000002     
                  0000fff0    00000002     rts430_eabi.lib : int08.asm.obj (.int08)

USART0RX   0    0000fff2    00000002     
                  0000fff2    00000002     xbee.obj (.int09)

WDT        0    0000fff4    00000002     
                  0000fff4    00000002     wait.obj (.int10)

COMPARATORA 
*          0    0000fff6    00000002     
                  0000fff6    00000002     rts430_eabi.lib : int11.asm.obj (.int11)

TIMERB1    0    0000fff8    00000002     
                  0000fff8    00000002     rts430_eabi.lib : int12.asm.obj (.int12)

TIMERB0    0    0000fffa    00000002     
                  0000fffa    00000002     wait.obj (.int13)

NMI        0    0000fffc    00000002     
                  0000fffc    00000002     rts430_eabi.lib : int14.asm.obj (.int14)

.reset     0    0000fffe    00000002     
                  0000fffe    00000002     rts430_eabi.lib : boot.c.obj (.reset)

MODULE SUMMARY

       Module                       code   ro data   rw data
       ------                       ----   -------   -------
    ./
       v5_main.obj                  1668   0         298    
       adt7410.obj                  526    0         0      
       xbee.obj                     474    7         3      
       Relay.obj                    430    2         0      
       wait.obj                     276    6         2      
       stat.obj                     264    0         0      
       usart.obj                    166    0         1      
       ltc2327.obj                  126    0         0      
    +--+----------------------------+------+---------+---------+
       Total:                       3930   15        304    
                                                            
    /home/roessing/ti/ccs901/ccs/tools/compiler/ti-cgt-msp430_18.12.4.LTS/lib/rts430_eabi.lib
       addd.c.obj                   762    0         0      
       frcmpyd.c.obj                646    0         0      
       mpyd.c.obj                   622    0         0      
       frcaddd.c.obj                608    0         0      
       e_sqrtf.c.obj                316    0         0      
       fs_add.asm.obj               306    0         0      
       fs_mpy.asm.obj               196    0         0      
       renormd.c.obj                190    0         0      
       fltlid.c.obj                 172    0         0      
       fs_div.asm.obj               156    0         0      
       cvtdf.c.obj                  140    0         0      
       fltuld.c.obj                 138    0         0      
       copy_decompress_lzss.c.obj   124    0         0      
       fixdul.c.obj                 116    0         0      
       lsr32.asm.obj                110    0         0      
       fs_toi.asm.obj               104    0         0      
       asr32.asm.obj                78     0         0      
       lsl32.asm.obj                78     0         0      
       lsr16.asm.obj                76     0         0      
       autoinit.c.obj               66     0         0      
       fs_itof.asm.obj              54     0         0      
       fs_ultof.asm.obj             50     0         0      
       mult32_hw.asm.obj            46     0         0      
       subd.c.obj                   46     0         0      
       asr16.asm.obj                44     0         0      
       div16s.asm.obj               44     0         0      
       lsl16.asm.obj                44     0         0      
       boot.c.obj                   28     2         0      
       div16u.asm.obj               22     0         0      
       copy_zero_init.c.obj         20     0         0      
       mult16_hw.asm.obj            20     0         0      
       copy_decompress_none.c.obj   18     0         0      
       fixdu.c.obj                  18     0         0      
       memcpy.c.obj                 18     0         0      
       epilog.asm.obj               16     0         0      
       fltid.c.obj                  12     0         0      
       isr_trap.asm.obj             8      0         0      
       exit.c.obj                   6      0         0      
       fltud.c.obj                  6      0         0      
       pre_init.c.obj               4      0         0      
       errno.c.obj                  0      0         2      
       int00.asm.obj                0      2         0      
       int01.asm.obj                0      2         0      
       int02.asm.obj                0      2         0      
       int03.asm.obj                0      2         0      
       int05.asm.obj                0      2         0      
       int07.asm.obj                0      2         0      
       int08.asm.obj                0      2         0      
       int11.asm.obj                0      2         0      
       int12.asm.obj                0      2         0      
       int14.asm.obj                0      2         0      
       startup.c.obj                2      0         0      
    +--+----------------------------+------+---------+---------+
       Total:                       5530   22        2      
                                                            
       Stack:                       0      0         80     
       Linker Generated:            0      34        0      
    +--+----------------------------+------+---------+---------+
       Grand Total:                 9460   71        386    


LINKER GENERATED COPY TABLES

__TI_cinit_table @ 00003614 records: 2, size/record: 4, table size: 8
	.data: load addr=000035fa, load size=00000010 bytes, run addr=0000031c, run size=00000018 bytes, compression=lzss
	.bss: load addr=00003610, load size=00000004 bytes, run addr=00000200, run size=0000011b bytes, compression=zero_init


LINKER GENERATED HANDLER TABLE

__TI_handler_table @ 0000360a records: 3, size/record: 2, table size: 6
	index: 0, handler: __TI_zero_init
	index: 1, handler: __TI_decompress_lzss
	index: 2, handler: __TI_decompress_none


GLOBAL SYMBOLS: SORTED ALPHABETICALLY BY Name 

address   name                          
-------   ----                          
000001a0  ADC12CTL0                     
000001a2  ADC12CTL1                     
000001a6  ADC12IE                       
000001a4  ADC12IFG                      
000001a8  ADC12IV                       
00000080  ADC12MCTL0                    
00000081  ADC12MCTL1                    
0000008a  ADC12MCTL10                   
0000008b  ADC12MCTL11                   
0000008c  ADC12MCTL12                   
0000008d  ADC12MCTL13                   
0000008e  ADC12MCTL14                   
0000008f  ADC12MCTL15                   
00000082  ADC12MCTL2                    
00000083  ADC12MCTL3                    
00000084  ADC12MCTL4                    
00000085  ADC12MCTL5                    
00000086  ADC12MCTL6                    
00000087  ADC12MCTL7                    
00000088  ADC12MCTL8                    
00000089  ADC12MCTL9                    
00000140  ADC12MEM0                     
00000142  ADC12MEM1                     
00000154  ADC12MEM10                    
00000156  ADC12MEM11                    
00000158  ADC12MEM12                    
0000015a  ADC12MEM13                    
0000015c  ADC12MEM14                    
0000015e  ADC12MEM15                    
00000144  ADC12MEM2                     
00000146  ADC12MEM3                     
00000148  ADC12MEM4                     
0000014a  ADC12MEM5                     
0000014c  ADC12MEM6                     
0000014e  ADC12MEM7                     
00000150  ADC12MEM8                     
00000152  ADC12MEM9                     
00000057  BCSCTL1                       
00000058  BCSCTL2                       
000035dc  C$$EXIT                       
00000059  CACTL1                        
0000005a  CACTL2                        
0000005b  CAPD                          
0000353c  CLOCK                         
000001c0  DAC12_0CTL                    
000001c8  DAC12_0DAT                    
000001c2  DAC12_1CTL                    
000001ca  DAC12_1DAT                    
00000056  DCOCTL                        
0000031c  DEST_ADDR_high                
0000031d  DEST_ADDR_low                 
000001e0  DMA0CTL                       
000001e4  DMA0DA                        
000001e2  DMA0SA                        
000001e6  DMA0SZ                        
000001e8  DMA1CTL                       
000001ec  DMA1DA                        
000001ea  DMA1SA                        
000001ee  DMA1SZ                        
000001f0  DMA2CTL                       
000001f4  DMA2DA                        
000001f2  DMA2SA                        
000001f6  DMA2SZ                        
00000122  DMACTL0                       
00000124  DMACTL1                       
00000128  FCTL1                         
0000012a  FCTL2                         
0000012c  FCTL3                         
00000072  I2CDCTL                       
00000076  I2CDRB                        
00000076  I2CDRW                        
00000050  I2CIE                         
00000051  I2CIFG                        
0000011c  I2CIV                         
00000052  I2CNDAT                       
00000118  I2COA                         
00000073  I2CPSC                        
0000011a  I2CSA                         
00000074  I2CSCLH                       
00000075  I2CSCLL                       
00000071  I2CTCTL                       
00000000  IE1                           
00000001  IE2                           
00000002  IFG1                          
00000003  IFG2                          
00000134  MAC                           
00000136  MACS                          
00000004  ME1                           
00000005  ME2                           
00000130  MPY                           
00000132  MPYS                          
00000138  OP2                           
00000022  P1DIR                         
00000025  P1IE                          
00000024  P1IES                         
00000023  P1IFG                         
00000020  P1IN                          
00000021  P1OUT                         
00000026  P1SEL                         
0000002a  P2DIR                         
0000002d  P2IE                          
0000002c  P2IES                         
0000002b  P2IFG                         
00000028  P2IN                          
00000029  P2OUT                         
0000002e  P2SEL                         
0000001a  P3DIR                         
00000018  P3IN                          
00000019  P3OUT                         
0000001b  P3SEL                         
0000001e  P4DIR                         
0000001c  P4IN                          
0000001d  P4OUT                         
0000001f  P4SEL                         
00000032  P5DIR                         
00000030  P5IN                          
00000031  P5OUT                         
00000033  P5SEL                         
00000036  P6DIR                         
00000034  P6IN                          
00000035  P6OUT                         
00000037  P6SEL                         
0000013c  RESHI                         
0000013a  RESLO                         
0000347c  Reed_setup                    
0000354c  SLEEP                         
0000013e  SUMEXT                        
00000055  SVSCTL                        
00000172  TACCR0                        
00000174  TACCR1                        
00000176  TACCR2                        
00000162  TACCTL0                       
00000164  TACCTL1                       
00000166  TACCTL2                       
00000160  TACTL                         
0000012e  TAIV                          
00000170  TAR                           
00000192  TBCCR0                        
00000194  TBCCR1                        
00000196  TBCCR2                        
00000198  TBCCR3                        
0000019a  TBCCR4                        
0000019c  TBCCR5                        
0000019e  TBCCR6                        
00000182  TBCCTL0                       
00000184  TBCCTL1                       
00000186  TBCCTL2                       
00000188  TBCCTL3                       
0000018a  TBCCTL4                       
0000018c  TBCCTL5                       
0000018e  TBCCTL6                       
00000180  TBCTL                         
0000011e  TBIV                          
00000190  TBR                           
00000074  U0BR0                         
00000075  U0BR1                         
00000070  U0CTL                         
00000073  U0MCTL                        
00000072  U0RCTL                        
00000076  U0RXBUF                       
00000071  U0TCTL                        
00000077  U0TXBUF                       
0000007c  U1BR0                         
0000007d  U1BR1                         
00000078  U1CTL                         
0000007b  U1MCTL                        
0000007a  U1RCTL                        
0000007e  U1RXBUF                       
00000079  U1TCTL                        
0000007f  U1TXBUF                       
00000120  WDTCTL                        
00000a00  __STACK_END                   
00000050  __STACK_SIZE                  
00003614  __TI_CINIT_Base               
0000361c  __TI_CINIT_Limit              
0000360a  __TI_Handler_Table_Base       
00003610  __TI_Handler_Table_Limit      
000035be  __TI_ISR_TRAP                 
00003052  __TI_auto_init_nobinit_nopinit
00002b0a  __TI_decompress_lzss          
000034e2  __TI_decompress_none          
00001ecc  __TI_frcaddd                  
000019d8  __TI_frcmpyd                  
0000ffe0  __TI_int00                    
0000ffe2  __TI_int01                    
0000ffe4  __TI_int02                    
0000ffe6  __TI_int03                    
0000ffe8  __TI_int04                    
0000ffea  __TI_int05                    
0000ffec  __TI_int06                    
0000ffee  __TI_int07                    
0000fff0  __TI_int08                    
0000fff2  __TI_int09                    
0000fff4  __TI_int10                    
0000fff6  __TI_int11                    
0000fff8  __TI_int12                    
0000fffa  __TI_int13                    
0000fffc  __TI_int14                    
ffffffff  __TI_pprof_out_hndl           
ffffffff  __TI_prof_data_size           
ffffffff  __TI_prof_data_start          
00002528  __TI_renormd                  
000034a8  __TI_zero_init_nomemset       
ffffffff  __c_args__                    
0000144c  __mspabi_addd                 
0000226e  __mspabi_addf                 
000028e6  __mspabi_cvtdf                
00002692  __mspabi_divf                 
00003378  __mspabi_divi                 
00003492  __mspabi_divu                 
000034d0  __mspabi_fixdu                
00002c02  __mspabi_fixdul               
00002cde  __mspabi_fixfi                
0000359c  __mspabi_fltid                
000031c4  __mspabi_fltif                
000025e6  __mspabi_fltlid               
000035d6  __mspabi_fltud                
000029fe  __mspabi_fltuld               
00003260  __mspabi_fltulf               
00003588  __mspabi_func_epilog_1        
00003586  __mspabi_func_epilog_2        
00003584  __mspabi_func_epilog_3        
00003582  __mspabi_func_epilog_4        
00003580  __mspabi_func_epilog_5        
0000357e  __mspabi_func_epilog_6        
0000357c  __mspabi_func_epilog_7        
00001c5e  __mspabi_mpyd                 
00002464  __mspabi_mpyf                 
000034bc  __mspabi_mpyi_hw              
0000331e  __mspabi_mpyl_hw              
00003378  __mspabi_remi                 
00003492  __mspabi_remu                 
000033a4  __mspabi_slli                 
000033cc  __mspabi_slli_1               
000033ba  __mspabi_slli_10              
000033b8  __mspabi_slli_11              
000033b6  __mspabi_slli_12              
000033b4  __mspabi_slli_13              
000033b2  __mspabi_slli_14              
000033b0  __mspabi_slli_15              
000033ca  __mspabi_slli_2               
000033c8  __mspabi_slli_3               
000033c6  __mspabi_slli_4               
000033c4  __mspabi_slli_5               
000033c2  __mspabi_slli_6               
000033c0  __mspabi_slli_7               
000033be  __mspabi_slli_8               
000033bc  __mspabi_slli_9               
0000356c  __mspabi_slll                 
00003148  __mspabi_slll_1               
00003124  __mspabi_slll_10              
00003120  __mspabi_slll_11              
0000311c  __mspabi_slll_12              
00003118  __mspabi_slll_13              
00003114  __mspabi_slll_14              
00003110  __mspabi_slll_15              
00003144  __mspabi_slll_2               
00003140  __mspabi_slll_3               
0000313c  __mspabi_slll_4               
00003138  __mspabi_slll_5               
00003134  __mspabi_slll_6               
00003130  __mspabi_slll_7               
0000312c  __mspabi_slll_8               
00003128  __mspabi_slll_9               
0000334c  __mspabi_srai                 
00003374  __mspabi_srai_1               
00003362  __mspabi_srai_10              
00003360  __mspabi_srai_11              
0000335e  __mspabi_srai_12              
0000335c  __mspabi_srai_13              
0000335a  __mspabi_srai_14              
00003358  __mspabi_srai_15              
00003372  __mspabi_srai_2               
00003370  __mspabi_srai_3               
0000336e  __mspabi_srai_4               
0000336c  __mspabi_srai_5               
0000336a  __mspabi_srai_6               
00003368  __mspabi_srai_7               
00003366  __mspabi_srai_8               
00003364  __mspabi_srai_9               
0000355c  __mspabi_sral                 
0000310a  __mspabi_sral_1               
000030e6  __mspabi_sral_10              
000030e2  __mspabi_sral_11              
000030de  __mspabi_sral_12              
000030da  __mspabi_sral_13              
000030d6  __mspabi_sral_14              
000030d2  __mspabi_sral_15              
00003106  __mspabi_sral_2               
00003102  __mspabi_sral_3               
000030fe  __mspabi_sral_4               
000030fa  __mspabi_sral_5               
000030f6  __mspabi_sral_6               
000030f2  __mspabi_sral_7               
000030ee  __mspabi_sral_8               
000030ea  __mspabi_sral_9               
00002f78  __mspabi_srli                 
00002fbe  __mspabi_srli_1               
00002f9a  __mspabi_srli_10              
00002f96  __mspabi_srli_11              
00002f92  __mspabi_srli_12              
00002f8e  __mspabi_srli_13              
00002f8a  __mspabi_srli_14              
00002f86  __mspabi_srli_15              
00002fba  __mspabi_srli_2               
00002fb6  __mspabi_srli_3               
00002fb2  __mspabi_srli_4               
00002fae  __mspabi_srli_5               
00002faa  __mspabi_srli_6               
00002fa6  __mspabi_srli_7               
00002fa2  __mspabi_srli_8               
00002f9e  __mspabi_srli_9               
000034f4  __mspabi_srll                 
00002ec6  __mspabi_srll_1               
00002e90  __mspabi_srll_10              
00002e8a  __mspabi_srll_11              
00002e84  __mspabi_srll_12              
00002e7e  __mspabi_srll_13              
00002e78  __mspabi_srll_14              
00002e72  __mspabi_srll_15              
00002ec0  __mspabi_srll_2               
00002eba  __mspabi_srll_3               
00002eb4  __mspabi_srll_4               
00002eae  __mspabi_srll_5               
00002ea8  __mspabi_srll_6               
00002ea2  __mspabi_srll_7               
00002e9c  __mspabi_srll_8               
00002e96  __mspabi_srll_9               
000032c2  __mspabi_subd                 
00002268  __mspabi_subf                 
00003460  _c_int00_noargs               
0000fffe  _reset_vector                 
000009b0  _stack                        
000035f2  _system_post_cinit            
000035ee  _system_pre_init              
000035dc  abort                         
000035b4  activate_relay_irq            
00003292  adc_setup                     
000033f8  check_ack                     
0000031a  checksum                      
00002f2a  clock_bits                    
0000322e  clock_in                      
00003094  clock_out                     
000032f0  clock_setup                   
0000031e  dataID                        
000035c6  debug_led_off                 
000035ce  debug_led_on                  
0000031f  delay                         
00000330  errno                         
0000032e  frame_id                      
00002e10  main                          
0000318c  mean                          
00000200  mem                           
00003506  memcpy                        
00000300  message                       
00002ece  message_decode                
00000321  mode                          
000027c2  port1_isr                     
000031fa  port_setup                    
00000324  pos                           
00002c76  relay_setup                   
00000322  running                       
00002b86  rx_request                    
00002d46  schedule                      
00002854  sd                            
0000272e  set_mode                      
00000320  set_up                        
00002dac  setup_isr                     
0000212c  sqrtf                         
0000032c  success                       
0000314e  sum                           
00001100  taking_data_long              
00001746  taking_data_short             
00000332  task                          
0000239a  temperature_sensor_read       
00003518  temperature_sensor_setup      
00002972  temperature_sensor_write      
00000326  timeout                       
0000352a  timerA0_irq                   
00003440  timerB0_irq                   
00002a88  tx_request                    
000035e2  usart_reset_checksum          
0000358c  usart_send_byte               
0000341e  usart_send_msg                
000033d0  usart_send_word_msb_first     
0000300c  usart_setup                   
00002fc4  wait                          
000035e8  watchdog_timer                
000035a8  xbee_setup                    


GLOBAL SYMBOLS: SORTED BY Symbol Address 

address   name                          
-------   ----                          
00000000  IE1                           
00000001  IE2                           
00000002  IFG1                          
00000003  IFG2                          
00000004  ME1                           
00000005  ME2                           
00000018  P3IN                          
00000019  P3OUT                         
0000001a  P3DIR                         
0000001b  P3SEL                         
0000001c  P4IN                          
0000001d  P4OUT                         
0000001e  P4DIR                         
0000001f  P4SEL                         
00000020  P1IN                          
00000021  P1OUT                         
00000022  P1DIR                         
00000023  P1IFG                         
00000024  P1IES                         
00000025  P1IE                          
00000026  P1SEL                         
00000028  P2IN                          
00000029  P2OUT                         
0000002a  P2DIR                         
0000002b  P2IFG                         
0000002c  P2IES                         
0000002d  P2IE                          
0000002e  P2SEL                         
00000030  P5IN                          
00000031  P5OUT                         
00000032  P5DIR                         
00000033  P5SEL                         
00000034  P6IN                          
00000035  P6OUT                         
00000036  P6DIR                         
00000037  P6SEL                         
00000050  I2CIE                         
00000050  __STACK_SIZE                  
00000051  I2CIFG                        
00000052  I2CNDAT                       
00000055  SVSCTL                        
00000056  DCOCTL                        
00000057  BCSCTL1                       
00000058  BCSCTL2                       
00000059  CACTL1                        
0000005a  CACTL2                        
0000005b  CAPD                          
00000070  U0CTL                         
00000071  I2CTCTL                       
00000071  U0TCTL                        
00000072  I2CDCTL                       
00000072  U0RCTL                        
00000073  I2CPSC                        
00000073  U0MCTL                        
00000074  I2CSCLH                       
00000074  U0BR0                         
00000075  I2CSCLL                       
00000075  U0BR1                         
00000076  I2CDRB                        
00000076  I2CDRW                        
00000076  U0RXBUF                       
00000077  U0TXBUF                       
00000078  U1CTL                         
00000079  U1TCTL                        
0000007a  U1RCTL                        
0000007b  U1MCTL                        
0000007c  U1BR0                         
0000007d  U1BR1                         
0000007e  U1RXBUF                       
0000007f  U1TXBUF                       
00000080  ADC12MCTL0                    
00000081  ADC12MCTL1                    
00000082  ADC12MCTL2                    
00000083  ADC12MCTL3                    
00000084  ADC12MCTL4                    
00000085  ADC12MCTL5                    
00000086  ADC12MCTL6                    
00000087  ADC12MCTL7                    
00000088  ADC12MCTL8                    
00000089  ADC12MCTL9                    
0000008a  ADC12MCTL10                   
0000008b  ADC12MCTL11                   
0000008c  ADC12MCTL12                   
0000008d  ADC12MCTL13                   
0000008e  ADC12MCTL14                   
0000008f  ADC12MCTL15                   
00000118  I2COA                         
0000011a  I2CSA                         
0000011c  I2CIV                         
0000011e  TBIV                          
00000120  WDTCTL                        
00000122  DMACTL0                       
00000124  DMACTL1                       
00000128  FCTL1                         
0000012a  FCTL2                         
0000012c  FCTL3                         
0000012e  TAIV                          
00000130  MPY                           
00000132  MPYS                          
00000134  MAC                           
00000136  MACS                          
00000138  OP2                           
0000013a  RESLO                         
0000013c  RESHI                         
0000013e  SUMEXT                        
00000140  ADC12MEM0                     
00000142  ADC12MEM1                     
00000144  ADC12MEM2                     
00000146  ADC12MEM3                     
00000148  ADC12MEM4                     
0000014a  ADC12MEM5                     
0000014c  ADC12MEM6                     
0000014e  ADC12MEM7                     
00000150  ADC12MEM8                     
00000152  ADC12MEM9                     
00000154  ADC12MEM10                    
00000156  ADC12MEM11                    
00000158  ADC12MEM12                    
0000015a  ADC12MEM13                    
0000015c  ADC12MEM14                    
0000015e  ADC12MEM15                    
00000160  TACTL                         
00000162  TACCTL0                       
00000164  TACCTL1                       
00000166  TACCTL2                       
00000170  TAR                           
00000172  TACCR0                        
00000174  TACCR1                        
00000176  TACCR2                        
00000180  TBCTL                         
00000182  TBCCTL0                       
00000184  TBCCTL1                       
00000186  TBCCTL2                       
00000188  TBCCTL3                       
0000018a  TBCCTL4                       
0000018c  TBCCTL5                       
0000018e  TBCCTL6                       
00000190  TBR                           
00000192  TBCCR0                        
00000194  TBCCR1                        
00000196  TBCCR2                        
00000198  TBCCR3                        
0000019a  TBCCR4                        
0000019c  TBCCR5                        
0000019e  TBCCR6                        
000001a0  ADC12CTL0                     
000001a2  ADC12CTL1                     
000001a4  ADC12IFG                      
000001a6  ADC12IE                       
000001a8  ADC12IV                       
000001c0  DAC12_0CTL                    
000001c2  DAC12_1CTL                    
000001c8  DAC12_0DAT                    
000001ca  DAC12_1DAT                    
000001e0  DMA0CTL                       
000001e2  DMA0SA                        
000001e4  DMA0DA                        
000001e6  DMA0SZ                        
000001e8  DMA1CTL                       
000001ea  DMA1SA                        
000001ec  DMA1DA                        
000001ee  DMA1SZ                        
000001f0  DMA2CTL                       
000001f2  DMA2SA                        
000001f4  DMA2DA                        
000001f6  DMA2SZ                        
00000200  mem                           
00000300  message                       
0000031a  checksum                      
0000031c  DEST_ADDR_high                
0000031d  DEST_ADDR_low                 
0000031e  dataID                        
0000031f  delay                         
00000320  set_up                        
00000321  mode                          
00000322  running                       
00000324  pos                           
00000326  timeout                       
0000032c  success                       
0000032e  frame_id                      
00000330  errno                         
00000332  task                          
000009b0  _stack                        
00000a00  __STACK_END                   
00001100  taking_data_long              
0000144c  __mspabi_addd                 
00001746  taking_data_short             
000019d8  __TI_frcmpyd                  
00001c5e  __mspabi_mpyd                 
00001ecc  __TI_frcaddd                  
0000212c  sqrtf                         
00002268  __mspabi_subf                 
0000226e  __mspabi_addf                 
0000239a  temperature_sensor_read       
00002464  __mspabi_mpyf                 
00002528  __TI_renormd                  
000025e6  __mspabi_fltlid               
00002692  __mspabi_divf                 
0000272e  set_mode                      
000027c2  port1_isr                     
00002854  sd                            
000028e6  __mspabi_cvtdf                
00002972  temperature_sensor_write      
000029fe  __mspabi_fltuld               
00002a88  tx_request                    
00002b0a  __TI_decompress_lzss          
00002b86  rx_request                    
00002c02  __mspabi_fixdul               
00002c76  relay_setup                   
00002cde  __mspabi_fixfi                
00002d46  schedule                      
00002dac  setup_isr                     
00002e10  main                          
00002e72  __mspabi_srll_15              
00002e78  __mspabi_srll_14              
00002e7e  __mspabi_srll_13              
00002e84  __mspabi_srll_12              
00002e8a  __mspabi_srll_11              
00002e90  __mspabi_srll_10              
00002e96  __mspabi_srll_9               
00002e9c  __mspabi_srll_8               
00002ea2  __mspabi_srll_7               
00002ea8  __mspabi_srll_6               
00002eae  __mspabi_srll_5               
00002eb4  __mspabi_srll_4               
00002eba  __mspabi_srll_3               
00002ec0  __mspabi_srll_2               
00002ec6  __mspabi_srll_1               
00002ece  message_decode                
00002f2a  clock_bits                    
00002f78  __mspabi_srli                 
00002f86  __mspabi_srli_15              
00002f8a  __mspabi_srli_14              
00002f8e  __mspabi_srli_13              
00002f92  __mspabi_srli_12              
00002f96  __mspabi_srli_11              
00002f9a  __mspabi_srli_10              
00002f9e  __mspabi_srli_9               
00002fa2  __mspabi_srli_8               
00002fa6  __mspabi_srli_7               
00002faa  __mspabi_srli_6               
00002fae  __mspabi_srli_5               
00002fb2  __mspabi_srli_4               
00002fb6  __mspabi_srli_3               
00002fba  __mspabi_srli_2               
00002fbe  __mspabi_srli_1               
00002fc4  wait                          
0000300c  usart_setup                   
00003052  __TI_auto_init_nobinit_nopinit
00003094  clock_out                     
000030d2  __mspabi_sral_15              
000030d6  __mspabi_sral_14              
000030da  __mspabi_sral_13              
000030de  __mspabi_sral_12              
000030e2  __mspabi_sral_11              
000030e6  __mspabi_sral_10              
000030ea  __mspabi_sral_9               
000030ee  __mspabi_sral_8               
000030f2  __mspabi_sral_7               
000030f6  __mspabi_sral_6               
000030fa  __mspabi_sral_5               
000030fe  __mspabi_sral_4               
00003102  __mspabi_sral_3               
00003106  __mspabi_sral_2               
0000310a  __mspabi_sral_1               
00003110  __mspabi_slll_15              
00003114  __mspabi_slll_14              
00003118  __mspabi_slll_13              
0000311c  __mspabi_slll_12              
00003120  __mspabi_slll_11              
00003124  __mspabi_slll_10              
00003128  __mspabi_slll_9               
0000312c  __mspabi_slll_8               
00003130  __mspabi_slll_7               
00003134  __mspabi_slll_6               
00003138  __mspabi_slll_5               
0000313c  __mspabi_slll_4               
00003140  __mspabi_slll_3               
00003144  __mspabi_slll_2               
00003148  __mspabi_slll_1               
0000314e  sum                           
0000318c  mean                          
000031c4  __mspabi_fltif                
000031fa  port_setup                    
0000322e  clock_in                      
00003260  __mspabi_fltulf               
00003292  adc_setup                     
000032c2  __mspabi_subd                 
000032f0  clock_setup                   
0000331e  __mspabi_mpyl_hw              
0000334c  __mspabi_srai                 
00003358  __mspabi_srai_15              
0000335a  __mspabi_srai_14              
0000335c  __mspabi_srai_13              
0000335e  __mspabi_srai_12              
00003360  __mspabi_srai_11              
00003362  __mspabi_srai_10              
00003364  __mspabi_srai_9               
00003366  __mspabi_srai_8               
00003368  __mspabi_srai_7               
0000336a  __mspabi_srai_6               
0000336c  __mspabi_srai_5               
0000336e  __mspabi_srai_4               
00003370  __mspabi_srai_3               
00003372  __mspabi_srai_2               
00003374  __mspabi_srai_1               
00003378  __mspabi_divi                 
00003378  __mspabi_remi                 
000033a4  __mspabi_slli                 
000033b0  __mspabi_slli_15              
000033b2  __mspabi_slli_14              
000033b4  __mspabi_slli_13              
000033b6  __mspabi_slli_12              
000033b8  __mspabi_slli_11              
000033ba  __mspabi_slli_10              
000033bc  __mspabi_slli_9               
000033be  __mspabi_slli_8               
000033c0  __mspabi_slli_7               
000033c2  __mspabi_slli_6               
000033c4  __mspabi_slli_5               
000033c6  __mspabi_slli_4               
000033c8  __mspabi_slli_3               
000033ca  __mspabi_slli_2               
000033cc  __mspabi_slli_1               
000033d0  usart_send_word_msb_first     
000033f8  check_ack                     
0000341e  usart_send_msg                
00003440  timerB0_irq                   
00003460  _c_int00_noargs               
0000347c  Reed_setup                    
00003492  __mspabi_divu                 
00003492  __mspabi_remu                 
000034a8  __TI_zero_init_nomemset       
000034bc  __mspabi_mpyi_hw              
000034d0  __mspabi_fixdu                
000034e2  __TI_decompress_none          
000034f4  __mspabi_srll                 
00003506  memcpy                        
00003518  temperature_sensor_setup      
0000352a  timerA0_irq                   
0000353c  CLOCK                         
0000354c  SLEEP                         
0000355c  __mspabi_sral                 
0000356c  __mspabi_slll                 
0000357c  __mspabi_func_epilog_7        
0000357e  __mspabi_func_epilog_6        
00003580  __mspabi_func_epilog_5        
00003582  __mspabi_func_epilog_4        
00003584  __mspabi_func_epilog_3        
00003586  __mspabi_func_epilog_2        
00003588  __mspabi_func_epilog_1        
0000358c  usart_send_byte               
0000359c  __mspabi_fltid                
000035a8  xbee_setup                    
000035b4  activate_relay_irq            
000035be  __TI_ISR_TRAP                 
000035c6  debug_led_off                 
000035ce  debug_led_on                  
000035d6  __mspabi_fltud                
000035dc  C$$EXIT                       
000035dc  abort                         
000035e2  usart_reset_checksum          
000035e8  watchdog_timer                
000035ee  _system_pre_init              
000035f2  _system_post_cinit            
0000360a  __TI_Handler_Table_Base       
00003610  __TI_Handler_Table_Limit      
00003614  __TI_CINIT_Base               
0000361c  __TI_CINIT_Limit              
0000ffe0  __TI_int00                    
0000ffe2  __TI_int01                    
0000ffe4  __TI_int02                    
0000ffe6  __TI_int03                    
0000ffe8  __TI_int04                    
0000ffea  __TI_int05                    
0000ffec  __TI_int06                    
0000ffee  __TI_int07                    
0000fff0  __TI_int08                    
0000fff2  __TI_int09                    
0000fff4  __TI_int10                    
0000fff6  __TI_int11                    
0000fff8  __TI_int12                    
0000fffa  __TI_int13                    
0000fffc  __TI_int14                    
0000fffe  _reset_vector                 
ffffffff  __TI_pprof_out_hndl           
ffffffff  __TI_prof_data_size           
ffffffff  __TI_prof_data_start          
ffffffff  __c_args__                    

[389 symbols]
