<?xml version="1.0" encoding="ISO-8859-1" ?>
<link_info>
   <banner>MSP430 Linker Unix v18.12.4.LTS</banner>
   <copyright>Copyright (c) 2003-2018 Texas Instruments Incorporated</copyright>
   <link_time>0x5e569716</link_time>
   <link_errors>0x0</link_errors>
   <output_file>firmware_v5.out</output_file>
   <entry_point>
      <name>_c_int00_noargs</name>
      <address>0x3460</address>
   </entry_point>
   <input_file_list>
      <input_file id="fl-1">
         <path>./</path>
         <kind>object</kind>
         <file>Relay.obj</file>
         <name>Relay.obj</name>
      </input_file>
      <input_file id="fl-2">
         <path>./</path>
         <kind>object</kind>
         <file>adt7410.obj</file>
         <name>adt7410.obj</name>
      </input_file>
      <input_file id="fl-3">
         <path>./</path>
         <kind>object</kind>
         <file>crc.obj</file>
         <name>crc.obj</name>
      </input_file>
      <input_file id="fl-4">
         <path>./</path>
         <kind>object</kind>
         <file>ltc2327.obj</file>
         <name>ltc2327.obj</name>
      </input_file>
      <input_file id="fl-5">
         <path>./</path>
         <kind>object</kind>
         <file>stat.obj</file>
         <name>stat.obj</name>
      </input_file>
      <input_file id="fl-6">
         <path>./</path>
         <kind>object</kind>
         <file>usart.obj</file>
         <name>usart.obj</name>
      </input_file>
      <input_file id="fl-7">
         <path>./</path>
         <kind>object</kind>
         <file>v5_main.obj</file>
         <name>v5_main.obj</name>
      </input_file>
      <input_file id="fl-8">
         <path>./</path>
         <kind>object</kind>
         <file>wait.obj</file>
         <name>wait.obj</name>
      </input_file>
      <input_file id="fl-9">
         <path>./</path>
         <kind>object</kind>
         <file>xbee.obj</file>
         <name>xbee.obj</name>
      </input_file>
      <input_file id="fl-e">
         <kind>object</kind>
         <file>&lt;internal&gt;</file>
         <name>&lt;internal&gt;</name>
      </input_file>
      <input_file id="fl-24">
         <path>/home/roessing/ti/ccs901/ccs/tools/compiler/ti-cgt-msp430_18.12.4.LTS/lib/</path>
         <kind>archive</kind>
         <file>rts430_eabi.lib</file>
         <name>e_sqrtf.c.obj</name>
      </input_file>
      <input_file id="fl-25">
         <path>/home/roessing/ti/ccs901/ccs/tools/compiler/ti-cgt-msp430_18.12.4.LTS/lib/</path>
         <kind>archive</kind>
         <file>rts430_eabi.lib</file>
         <name>asr16.asm.obj</name>
      </input_file>
      <input_file id="fl-26">
         <path>/home/roessing/ti/ccs901/ccs/tools/compiler/ti-cgt-msp430_18.12.4.LTS/lib/</path>
         <kind>archive</kind>
         <file>rts430_eabi.lib</file>
         <name>div16s.asm.obj</name>
      </input_file>
      <input_file id="fl-27">
         <path>/home/roessing/ti/ccs901/ccs/tools/compiler/ti-cgt-msp430_18.12.4.LTS/lib/</path>
         <kind>archive</kind>
         <file>rts430_eabi.lib</file>
         <name>div16u.asm.obj</name>
      </input_file>
      <input_file id="fl-28">
         <path>/home/roessing/ti/ccs901/ccs/tools/compiler/ti-cgt-msp430_18.12.4.LTS/lib/</path>
         <kind>archive</kind>
         <file>rts430_eabi.lib</file>
         <name>epilog.asm.obj</name>
      </input_file>
      <input_file id="fl-29">
         <path>/home/roessing/ti/ccs901/ccs/tools/compiler/ti-cgt-msp430_18.12.4.LTS/lib/</path>
         <kind>archive</kind>
         <file>rts430_eabi.lib</file>
         <name>fs_add.asm.obj</name>
      </input_file>
      <input_file id="fl-2a">
         <path>/home/roessing/ti/ccs901/ccs/tools/compiler/ti-cgt-msp430_18.12.4.LTS/lib/</path>
         <kind>archive</kind>
         <file>rts430_eabi.lib</file>
         <name>fs_div.asm.obj</name>
      </input_file>
      <input_file id="fl-2b">
         <path>/home/roessing/ti/ccs901/ccs/tools/compiler/ti-cgt-msp430_18.12.4.LTS/lib/</path>
         <kind>archive</kind>
         <file>rts430_eabi.lib</file>
         <name>fs_itof.asm.obj</name>
      </input_file>
      <input_file id="fl-2c">
         <path>/home/roessing/ti/ccs901/ccs/tools/compiler/ti-cgt-msp430_18.12.4.LTS/lib/</path>
         <kind>archive</kind>
         <file>rts430_eabi.lib</file>
         <name>fs_mpy.asm.obj</name>
      </input_file>
      <input_file id="fl-2d">
         <path>/home/roessing/ti/ccs901/ccs/tools/compiler/ti-cgt-msp430_18.12.4.LTS/lib/</path>
         <kind>archive</kind>
         <file>rts430_eabi.lib</file>
         <name>fs_toi.asm.obj</name>
      </input_file>
      <input_file id="fl-2e">
         <path>/home/roessing/ti/ccs901/ccs/tools/compiler/ti-cgt-msp430_18.12.4.LTS/lib/</path>
         <kind>archive</kind>
         <file>rts430_eabi.lib</file>
         <name>fs_ultof.asm.obj</name>
      </input_file>
      <input_file id="fl-2f">
         <path>/home/roessing/ti/ccs901/ccs/tools/compiler/ti-cgt-msp430_18.12.4.LTS/lib/</path>
         <kind>archive</kind>
         <file>rts430_eabi.lib</file>
         <name>int00.asm.obj</name>
      </input_file>
      <input_file id="fl-30">
         <path>/home/roessing/ti/ccs901/ccs/tools/compiler/ti-cgt-msp430_18.12.4.LTS/lib/</path>
         <kind>archive</kind>
         <file>rts430_eabi.lib</file>
         <name>int01.asm.obj</name>
      </input_file>
      <input_file id="fl-31">
         <path>/home/roessing/ti/ccs901/ccs/tools/compiler/ti-cgt-msp430_18.12.4.LTS/lib/</path>
         <kind>archive</kind>
         <file>rts430_eabi.lib</file>
         <name>int02.asm.obj</name>
      </input_file>
      <input_file id="fl-32">
         <path>/home/roessing/ti/ccs901/ccs/tools/compiler/ti-cgt-msp430_18.12.4.LTS/lib/</path>
         <kind>archive</kind>
         <file>rts430_eabi.lib</file>
         <name>int03.asm.obj</name>
      </input_file>
      <input_file id="fl-33">
         <path>/home/roessing/ti/ccs901/ccs/tools/compiler/ti-cgt-msp430_18.12.4.LTS/lib/</path>
         <kind>archive</kind>
         <file>rts430_eabi.lib</file>
         <name>int05.asm.obj</name>
      </input_file>
      <input_file id="fl-34">
         <path>/home/roessing/ti/ccs901/ccs/tools/compiler/ti-cgt-msp430_18.12.4.LTS/lib/</path>
         <kind>archive</kind>
         <file>rts430_eabi.lib</file>
         <name>int07.asm.obj</name>
      </input_file>
      <input_file id="fl-35">
         <path>/home/roessing/ti/ccs901/ccs/tools/compiler/ti-cgt-msp430_18.12.4.LTS/lib/</path>
         <kind>archive</kind>
         <file>rts430_eabi.lib</file>
         <name>int08.asm.obj</name>
      </input_file>
      <input_file id="fl-36">
         <path>/home/roessing/ti/ccs901/ccs/tools/compiler/ti-cgt-msp430_18.12.4.LTS/lib/</path>
         <kind>archive</kind>
         <file>rts430_eabi.lib</file>
         <name>int11.asm.obj</name>
      </input_file>
      <input_file id="fl-37">
         <path>/home/roessing/ti/ccs901/ccs/tools/compiler/ti-cgt-msp430_18.12.4.LTS/lib/</path>
         <kind>archive</kind>
         <file>rts430_eabi.lib</file>
         <name>int12.asm.obj</name>
      </input_file>
      <input_file id="fl-38">
         <path>/home/roessing/ti/ccs901/ccs/tools/compiler/ti-cgt-msp430_18.12.4.LTS/lib/</path>
         <kind>archive</kind>
         <file>rts430_eabi.lib</file>
         <name>int14.asm.obj</name>
      </input_file>
      <input_file id="fl-39">
         <path>/home/roessing/ti/ccs901/ccs/tools/compiler/ti-cgt-msp430_18.12.4.LTS/lib/</path>
         <kind>archive</kind>
         <file>rts430_eabi.lib</file>
         <name>isr_trap.asm.obj</name>
      </input_file>
      <input_file id="fl-3a">
         <path>/home/roessing/ti/ccs901/ccs/tools/compiler/ti-cgt-msp430_18.12.4.LTS/lib/</path>
         <kind>archive</kind>
         <file>rts430_eabi.lib</file>
         <name>lsl16.asm.obj</name>
      </input_file>
      <input_file id="fl-3b">
         <path>/home/roessing/ti/ccs901/ccs/tools/compiler/ti-cgt-msp430_18.12.4.LTS/lib/</path>
         <kind>archive</kind>
         <file>rts430_eabi.lib</file>
         <name>lsr16.asm.obj</name>
      </input_file>
      <input_file id="fl-3c">
         <path>/home/roessing/ti/ccs901/ccs/tools/compiler/ti-cgt-msp430_18.12.4.LTS/lib/</path>
         <kind>archive</kind>
         <file>rts430_eabi.lib</file>
         <name>mult16.asm.obj</name>
      </input_file>
      <input_file id="fl-3d">
         <path>/home/roessing/ti/ccs901/ccs/tools/compiler/ti-cgt-msp430_18.12.4.LTS/lib/</path>
         <kind>archive</kind>
         <file>rts430_eabi.lib</file>
         <name>mult16_hw.asm.obj</name>
      </input_file>
      <input_file id="fl-3e">
         <path>/home/roessing/ti/ccs901/ccs/tools/compiler/ti-cgt-msp430_18.12.4.LTS/lib/</path>
         <kind>archive</kind>
         <file>rts430_eabi.lib</file>
         <name>mult1632.asm.obj</name>
      </input_file>
      <input_file id="fl-3f">
         <path>/home/roessing/ti/ccs901/ccs/tools/compiler/ti-cgt-msp430_18.12.4.LTS/lib/</path>
         <kind>archive</kind>
         <file>rts430_eabi.lib</file>
         <name>mult1632_hw.asm.obj</name>
      </input_file>
      <input_file id="fl-40">
         <path>/home/roessing/ti/ccs901/ccs/tools/compiler/ti-cgt-msp430_18.12.4.LTS/lib/</path>
         <kind>archive</kind>
         <file>rts430_eabi.lib</file>
         <name>mult32.asm.obj</name>
      </input_file>
      <input_file id="fl-41">
         <path>/home/roessing/ti/ccs901/ccs/tools/compiler/ti-cgt-msp430_18.12.4.LTS/lib/</path>
         <kind>archive</kind>
         <file>rts430_eabi.lib</file>
         <name>mult32_hw.asm.obj</name>
      </input_file>
      <input_file id="fl-42">
         <path>/home/roessing/ti/ccs901/ccs/tools/compiler/ti-cgt-msp430_18.12.4.LTS/lib/</path>
         <kind>archive</kind>
         <file>rts430_eabi.lib</file>
         <name>mult3264_hw.asm.obj</name>
      </input_file>
      <input_file id="fl-43">
         <path>/home/roessing/ti/ccs901/ccs/tools/compiler/ti-cgt-msp430_18.12.4.LTS/lib/</path>
         <kind>archive</kind>
         <file>rts430_eabi.lib</file>
         <name>mult64_hw.asm.obj</name>
      </input_file>
      <input_file id="fl-44">
         <path>/home/roessing/ti/ccs901/ccs/tools/compiler/ti-cgt-msp430_18.12.4.LTS/lib/</path>
         <kind>archive</kind>
         <file>rts430_eabi.lib</file>
         <name>boot.c.obj</name>
      </input_file>
      <input_file id="fl-45">
         <path>/home/roessing/ti/ccs901/ccs/tools/compiler/ti-cgt-msp430_18.12.4.LTS/lib/</path>
         <kind>archive</kind>
         <file>rts430_eabi.lib</file>
         <name>autoinit.c.obj</name>
      </input_file>
      <input_file id="fl-46">
         <path>/home/roessing/ti/ccs901/ccs/tools/compiler/ti-cgt-msp430_18.12.4.LTS/lib/</path>
         <kind>archive</kind>
         <file>rts430_eabi.lib</file>
         <name>copy_zero_init.c.obj</name>
      </input_file>
      <input_file id="fl-47">
         <path>/home/roessing/ti/ccs901/ccs/tools/compiler/ti-cgt-msp430_18.12.4.LTS/lib/</path>
         <kind>archive</kind>
         <file>rts430_eabi.lib</file>
         <name>cpy_tbl.c.obj</name>
      </input_file>
      <input_file id="fl-48">
         <path>/home/roessing/ti/ccs901/ccs/tools/compiler/ti-cgt-msp430_18.12.4.LTS/lib/</path>
         <kind>archive</kind>
         <file>rts430_eabi.lib</file>
         <name>mpu_init.c.obj</name>
      </input_file>
      <input_file id="fl-49">
         <path>/home/roessing/ti/ccs901/ccs/tools/compiler/ti-cgt-msp430_18.12.4.LTS/lib/</path>
         <kind>archive</kind>
         <file>rts430_eabi.lib</file>
         <name>lsr64.c.obj</name>
      </input_file>
      <input_file id="fl-4a">
         <path>/home/roessing/ti/ccs901/ccs/tools/compiler/ti-cgt-msp430_18.12.4.LTS/lib/</path>
         <kind>archive</kind>
         <file>rts430_eabi.lib</file>
         <name>pre_init.c.obj</name>
      </input_file>
      <input_file id="fl-4b">
         <path>/home/roessing/ti/ccs901/ccs/tools/compiler/ti-cgt-msp430_18.12.4.LTS/lib/</path>
         <kind>archive</kind>
         <file>rts430_eabi.lib</file>
         <name>startup.c.obj</name>
      </input_file>
      <input_file id="fl-4c">
         <path>/home/roessing/ti/ccs901/ccs/tools/compiler/ti-cgt-msp430_18.12.4.LTS/lib/</path>
         <kind>archive</kind>
         <file>rts430_eabi.lib</file>
         <name>copy_decompress_none.c.obj</name>
      </input_file>
      <input_file id="fl-4d">
         <path>/home/roessing/ti/ccs901/ccs/tools/compiler/ti-cgt-msp430_18.12.4.LTS/lib/</path>
         <kind>archive</kind>
         <file>rts430_eabi.lib</file>
         <name>copy_decompress_lzss.c.obj</name>
      </input_file>
      <input_file id="fl-4e">
         <path>/home/roessing/ti/ccs901/ccs/tools/compiler/ti-cgt-msp430_18.12.4.LTS/lib/</path>
         <kind>archive</kind>
         <file>rts430_eabi.lib</file>
         <name>cvtdf.c.obj</name>
      </input_file>
      <input_file id="fl-4f">
         <path>/home/roessing/ti/ccs901/ccs/tools/compiler/ti-cgt-msp430_18.12.4.LTS/lib/</path>
         <kind>archive</kind>
         <file>rts430_eabi.lib</file>
         <name>fixdu.c.obj</name>
      </input_file>
      <input_file id="fl-50">
         <path>/home/roessing/ti/ccs901/ccs/tools/compiler/ti-cgt-msp430_18.12.4.LTS/lib/</path>
         <kind>archive</kind>
         <file>rts430_eabi.lib</file>
         <name>fixdul.c.obj</name>
      </input_file>
      <input_file id="fl-51">
         <path>/home/roessing/ti/ccs901/ccs/tools/compiler/ti-cgt-msp430_18.12.4.LTS/lib/</path>
         <kind>archive</kind>
         <file>rts430_eabi.lib</file>
         <name>fltid.c.obj</name>
      </input_file>
      <input_file id="fl-52">
         <path>/home/roessing/ti/ccs901/ccs/tools/compiler/ti-cgt-msp430_18.12.4.LTS/lib/</path>
         <kind>archive</kind>
         <file>rts430_eabi.lib</file>
         <name>fltlid.c.obj</name>
      </input_file>
      <input_file id="fl-53">
         <path>/home/roessing/ti/ccs901/ccs/tools/compiler/ti-cgt-msp430_18.12.4.LTS/lib/</path>
         <kind>archive</kind>
         <file>rts430_eabi.lib</file>
         <name>fltud.c.obj</name>
      </input_file>
      <input_file id="fl-54">
         <path>/home/roessing/ti/ccs901/ccs/tools/compiler/ti-cgt-msp430_18.12.4.LTS/lib/</path>
         <kind>archive</kind>
         <file>rts430_eabi.lib</file>
         <name>fltuld.c.obj</name>
      </input_file>
      <input_file id="fl-55">
         <path>/home/roessing/ti/ccs901/ccs/tools/compiler/ti-cgt-msp430_18.12.4.LTS/lib/</path>
         <kind>archive</kind>
         <file>rts430_eabi.lib</file>
         <name>mpyd.c.obj</name>
      </input_file>
      <input_file id="fl-56">
         <path>/home/roessing/ti/ccs901/ccs/tools/compiler/ti-cgt-msp430_18.12.4.LTS/lib/</path>
         <kind>archive</kind>
         <file>rts430_eabi.lib</file>
         <name>subd.c.obj</name>
      </input_file>
      <input_file id="fl-57">
         <path>/home/roessing/ti/ccs901/ccs/tools/compiler/ti-cgt-msp430_18.12.4.LTS/lib/</path>
         <kind>archive</kind>
         <file>rts430_eabi.lib</file>
         <name>exit.c.obj</name>
      </input_file>
      <input_file id="fl-58">
         <path>/home/roessing/ti/ccs901/ccs/tools/compiler/ti-cgt-msp430_18.12.4.LTS/lib/</path>
         <kind>archive</kind>
         <file>rts430_eabi.lib</file>
         <name>_lock.c.obj</name>
      </input_file>
      <input_file id="fl-59">
         <path>/home/roessing/ti/ccs901/ccs/tools/compiler/ti-cgt-msp430_18.12.4.LTS/lib/</path>
         <kind>archive</kind>
         <file>rts430_eabi.lib</file>
         <name>args_main.c.obj</name>
      </input_file>
      <input_file id="fl-5a">
         <path>/home/roessing/ti/ccs901/ccs/tools/compiler/ti-cgt-msp430_18.12.4.LTS/lib/</path>
         <kind>archive</kind>
         <file>rts430_eabi.lib</file>
         <name>memcpy.c.obj</name>
      </input_file>
      <input_file id="fl-5b">
         <path>/home/roessing/ti/ccs901/ccs/tools/compiler/ti-cgt-msp430_18.12.4.LTS/lib/</path>
         <kind>archive</kind>
         <file>rts430_eabi.lib</file>
         <name>errno.c.obj</name>
      </input_file>
      <input_file id="fl-5c">
         <path>/home/roessing/ti/ccs901/ccs/tools/compiler/ti-cgt-msp430_18.12.4.LTS/lib/</path>
         <kind>archive</kind>
         <file>rts430_eabi.lib</file>
         <name>lsl32.asm.obj</name>
      </input_file>
      <input_file id="fl-5d">
         <path>/home/roessing/ti/ccs901/ccs/tools/compiler/ti-cgt-msp430_18.12.4.LTS/lib/</path>
         <kind>archive</kind>
         <file>rts430_eabi.lib</file>
         <name>lsr32.asm.obj</name>
      </input_file>
      <input_file id="fl-5e">
         <path>/home/roessing/ti/ccs901/ccs/tools/compiler/ti-cgt-msp430_18.12.4.LTS/lib/</path>
         <kind>archive</kind>
         <file>rts430_eabi.lib</file>
         <name>exit_gvars.c.obj</name>
      </input_file>
      <input_file id="fl-5f">
         <path>/home/roessing/ti/ccs901/ccs/tools/compiler/ti-cgt-msp430_18.12.4.LTS/lib/</path>
         <kind>archive</kind>
         <file>rts430_eabi.lib</file>
         <name>addd.c.obj</name>
      </input_file>
      <input_file id="fl-60">
         <path>/home/roessing/ti/ccs901/ccs/tools/compiler/ti-cgt-msp430_18.12.4.LTS/lib/</path>
         <kind>archive</kind>
         <file>rts430_eabi.lib</file>
         <name>frcaddd.c.obj</name>
      </input_file>
      <input_file id="fl-61">
         <path>/home/roessing/ti/ccs901/ccs/tools/compiler/ti-cgt-msp430_18.12.4.LTS/lib/</path>
         <kind>archive</kind>
         <file>rts430_eabi.lib</file>
         <name>frcmpyd.c.obj</name>
      </input_file>
      <input_file id="fl-62">
         <path>/home/roessing/ti/ccs901/ccs/tools/compiler/ti-cgt-msp430_18.12.4.LTS/lib/</path>
         <kind>archive</kind>
         <file>rts430_eabi.lib</file>
         <name>renormd.c.obj</name>
      </input_file>
      <input_file id="fl-63">
         <path>/home/roessing/ti/ccs901/ccs/tools/compiler/ti-cgt-msp430_18.12.4.LTS/lib/</path>
         <kind>archive</kind>
         <file>rts430_eabi.lib</file>
         <name>asr32.asm.obj</name>
      </input_file>
   </input_file_list>
   <object_component_list>
      <object_component id="oc-308">
         <name>.common:checksum</name>
         <uninitialized>true</uninitialized>
         <run_address>0x31a</run_address>
         <size>0x1</size>
      </object_component>
      <object_component id="oc-1bc">
         <name>.common:message</name>
         <uninitialized>true</uninitialized>
         <run_address>0x300</run_address>
         <size>0x1a</size>
      </object_component>
      <object_component id="oc-36d">
         <name>.common:mem</name>
         <uninitialized>true</uninitialized>
         <run_address>0x200</run_address>
         <size>0x100</size>
      </object_component>
      <object_component id="oc-37f">
         <name>.data:__nan_union</name>
         <load_address>0x328</load_address>
         <run_address>0x328</run_address>
         <size>0x4</size>
         <input_file_ref idref="fl-7"/>
      </object_component>
      <object_component id="oc-199">
         <name>.data</name>
         <load_address>0x31c</load_address>
         <run_address>0x31c</run_address>
         <size>0xc</size>
         <input_file_ref idref="fl-7"/>
      </object_component>
      <object_component id="oc-1cd">
         <name>.data</name>
         <load_address>0x332</load_address>
         <run_address>0x332</run_address>
         <size>0x2</size>
         <input_file_ref idref="fl-8"/>
      </object_component>
      <object_component id="oc-2ed">
         <name>.data</name>
         <load_address>0x32c</load_address>
         <run_address>0x32c</run_address>
         <size>0x3</size>
         <input_file_ref idref="fl-9"/>
      </object_component>
      <object_component id="oc-491">
         <name>.data</name>
         <load_address>0x330</load_address>
         <run_address>0x330</run_address>
         <size>0x2</size>
         <input_file_ref idref="fl-5b"/>
      </object_component>
      <object_component id="oc-f5">
         <name>.stack</name>
         <uninitialized>true</uninitialized>
         <run_address>0x9b0</run_address>
         <size>0x2</size>
         <input_file_ref idref="fl-44"/>
      </object_component>
      <object_component id="oc-510">
         <name>.stack</name>
         <uninitialized>true</uninitialized>
         <run_address>0x9b0</run_address>
         <size>0x0</size>
      </object_component>
      <object_component id="oc-275">
         <name>.text:taking_data_long</name>
         <load_address>0x1100</load_address>
         <run_address>0x1100</run_address>
         <size>0x34c</size>
         <input_file_ref idref="fl-7"/>
      </object_component>
      <object_component id="oc-417">
         <name>.text:__mspabi_addd</name>
         <load_address>0x144c</load_address>
         <run_address>0x144c</run_address>
         <size>0x2fa</size>
         <input_file_ref idref="fl-5f"/>
      </object_component>
      <object_component id="oc-26f">
         <name>.text:taking_data_short</name>
         <load_address>0x1746</load_address>
         <run_address>0x1746</run_address>
         <size>0x292</size>
         <input_file_ref idref="fl-7"/>
      </object_component>
      <object_component id="oc-2c8">
         <name>.text:__TI_frcmpyd</name>
         <load_address>0x19d8</load_address>
         <run_address>0x19d8</run_address>
         <size>0x286</size>
         <input_file_ref idref="fl-61"/>
      </object_component>
      <object_component id="oc-20e">
         <name>.text:__mspabi_mpyd</name>
         <load_address>0x1c5e</load_address>
         <run_address>0x1c5e</run_address>
         <size>0x26e</size>
         <input_file_ref idref="fl-55"/>
      </object_component>
      <object_component id="oc-480">
         <name>.text:__TI_frcaddd</name>
         <load_address>0x1ecc</load_address>
         <run_address>0x1ecc</run_address>
         <size>0x260</size>
         <input_file_ref idref="fl-60"/>
      </object_component>
      <object_component id="oc-438">
         <name>.text:sqrtf</name>
         <load_address>0x212c</load_address>
         <run_address>0x212c</run_address>
         <size>0x13c</size>
         <input_file_ref idref="fl-24"/>
      </object_component>
      <object_component id="oc-433">
         <name>.text</name>
         <load_address>0x2268</load_address>
         <run_address>0x2268</run_address>
         <size>0x132</size>
         <input_file_ref idref="fl-29"/>
      </object_component>
      <object_component id="oc-340">
         <name>.text:temperature_sensor_read</name>
         <load_address>0x239a</load_address>
         <run_address>0x239a</run_address>
         <size>0xca</size>
         <input_file_ref idref="fl-2"/>
      </object_component>
      <object_component id="oc-35d">
         <name>.text</name>
         <load_address>0x2464</load_address>
         <run_address>0x2464</run_address>
         <size>0xc4</size>
         <input_file_ref idref="fl-2c"/>
      </object_component>
      <object_component id="oc-4b5">
         <name>.text:__TI_renormd</name>
         <load_address>0x2528</load_address>
         <run_address>0x2528</run_address>
         <size>0xbe</size>
         <input_file_ref idref="fl-62"/>
      </object_component>
      <object_component id="oc-410">
         <name>.text:__mspabi_fltlid</name>
         <load_address>0x25e6</load_address>
         <run_address>0x25e6</run_address>
         <size>0xac</size>
         <input_file_ref idref="fl-52"/>
      </object_component>
      <object_component id="oc-42c">
         <name>.text</name>
         <load_address>0x2692</load_address>
         <run_address>0x2692</run_address>
         <size>0x9c</size>
         <input_file_ref idref="fl-2a"/>
      </object_component>
      <object_component id="oc-1c5">
         <name>.text:set_mode</name>
         <load_address>0x272e</load_address>
         <run_address>0x272e</run_address>
         <size>0x94</size>
         <input_file_ref idref="fl-1"/>
      </object_component>
      <object_component id="oc-125">
         <name>.text:port1_isr</name>
         <load_address>0x27c2</load_address>
         <run_address>0x27c2</run_address>
         <size>0x92</size>
         <input_file_ref idref="fl-1"/>
      </object_component>
      <object_component id="oc-379">
         <name>.text:sd</name>
         <load_address>0x2854</load_address>
         <run_address>0x2854</run_address>
         <size>0x92</size>
         <input_file_ref idref="fl-5"/>
      </object_component>
      <object_component id="oc-352">
         <name>.text:__mspabi_cvtdf</name>
         <load_address>0x28e6</load_address>
         <run_address>0x28e6</run_address>
         <size>0x8c</size>
         <input_file_ref idref="fl-4e"/>
      </object_component>
      <object_component id="oc-33a">
         <name>.text:temperature_sensor_write</name>
         <load_address>0x2972</load_address>
         <run_address>0x2972</run_address>
         <size>0x8c</size>
         <input_file_ref idref="fl-2"/>
      </object_component>
      <object_component id="oc-2bc">
         <name>.text:__mspabi_fltuld</name>
         <load_address>0x29fe</load_address>
         <run_address>0x29fe</run_address>
         <size>0x8a</size>
         <input_file_ref idref="fl-54"/>
      </object_component>
      <object_component id="oc-248">
         <name>.text:tx_request</name>
         <load_address>0x2a88</load_address>
         <run_address>0x2a88</run_address>
         <size>0x82</size>
         <input_file_ref idref="fl-9"/>
      </object_component>
      <object_component id="oc-33">
         <name>.text:decompress:lzss:__TI_decompress_lzss</name>
         <load_address>0x2b0a</load_address>
         <run_address>0x2b0a</run_address>
         <size>0x7c</size>
         <input_file_ref idref="fl-4d"/>
      </object_component>
      <object_component id="oc-1bf">
         <name>.text:rx_request</name>
         <load_address>0x2b86</load_address>
         <run_address>0x2b86</run_address>
         <size>0x7c</size>
         <input_file_ref idref="fl-9"/>
      </object_component>
      <object_component id="oc-2d5">
         <name>.text:__mspabi_fixdul</name>
         <load_address>0x2c02</load_address>
         <run_address>0x2c02</run_address>
         <size>0x74</size>
         <input_file_ref idref="fl-50"/>
      </object_component>
      <object_component id="oc-314">
         <name>.text:relay_setup</name>
         <load_address>0x2c76</load_address>
         <run_address>0x2c76</run_address>
         <size>0x68</size>
         <input_file_ref idref="fl-1"/>
      </object_component>
      <object_component id="oc-382">
         <name>.text</name>
         <load_address>0x2cde</load_address>
         <run_address>0x2cde</run_address>
         <size>0x68</size>
         <input_file_ref idref="fl-2d"/>
      </object_component>
      <object_component id="oc-1b4">
         <name>.text:schedule</name>
         <load_address>0x2d46</load_address>
         <run_address>0x2d46</run_address>
         <size>0x66</size>
         <input_file_ref idref="fl-8"/>
      </object_component>
      <object_component id="oc-131">
         <name>.text:setup_isr</name>
         <load_address>0x2dac</load_address>
         <run_address>0x2dac</run_address>
         <size>0x64</size>
         <input_file_ref idref="fl-9"/>
      </object_component>
      <object_component id="oc-1df">
         <name>.text:main</name>
         <load_address>0x2e10</load_address>
         <run_address>0x2e10</run_address>
         <size>0x62</size>
         <input_file_ref idref="fl-7"/>
      </object_component>
      <object_component id="oc-3c0">
         <name>.text:l_lsr_const</name>
         <load_address>0x2e72</load_address>
         <run_address>0x2e72</run_address>
         <size>0x5c</size>
         <input_file_ref idref="fl-5d"/>
      </object_component>
      <object_component id="oc-23f">
         <name>.text:message_decode</name>
         <load_address>0x2ece</load_address>
         <run_address>0x2ece</run_address>
         <size>0x5c</size>
         <input_file_ref idref="fl-9"/>
      </object_component>
      <object_component id="oc-367">
         <name>.text:clock_bits</name>
         <load_address>0x2f2a</load_address>
         <run_address>0x2f2a</run_address>
         <size>0x4e</size>
         <input_file_ref idref="fl-4"/>
      </object_component>
      <object_component id="oc-fe">
         <name>.text</name>
         <load_address>0x2f78</load_address>
         <run_address>0x2f78</run_address>
         <size>0x4c</size>
         <input_file_ref idref="fl-3b"/>
      </object_component>
      <object_component id="oc-1a8">
         <name>.text:wait</name>
         <load_address>0x2fc4</load_address>
         <run_address>0x2fc4</run_address>
         <size>0x48</size>
         <input_file_ref idref="fl-8"/>
      </object_component>
      <object_component id="oc-263">
         <name>.text:usart_setup</name>
         <load_address>0x300c</load_address>
         <run_address>0x300c</run_address>
         <size>0x46</size>
         <input_file_ref idref="fl-6"/>
      </object_component>
      <object_component id="oc-289">
         <name>.text:__TI_auto_init_nobinit_nopinit:__TI_auto_init_nobinit_nopinit</name>
         <load_address>0x3052</load_address>
         <run_address>0x3052</run_address>
         <size>0x42</size>
         <input_file_ref idref="fl-45"/>
      </object_component>
      <object_component id="oc-3f6">
         <name>.text:clock_out</name>
         <load_address>0x3094</load_address>
         <run_address>0x3094</run_address>
         <size>0x3e</size>
         <input_file_ref idref="fl-2"/>
      </object_component>
      <object_component id="oc-3c8">
         <name>.text:l_asr_const</name>
         <load_address>0x30d2</load_address>
         <run_address>0x30d2</run_address>
         <size>0x3e</size>
         <input_file_ref idref="fl-63"/>
      </object_component>
      <object_component id="oc-3bb">
         <name>.text:l_lsl_const</name>
         <load_address>0x3110</load_address>
         <run_address>0x3110</run_address>
         <size>0x3e</size>
         <input_file_ref idref="fl-5c"/>
      </object_component>
      <object_component id="oc-426">
         <name>.text:sum</name>
         <load_address>0x314e</load_address>
         <run_address>0x314e</run_address>
         <size>0x3e</size>
         <input_file_ref idref="fl-5"/>
      </object_component>
      <object_component id="oc-373">
         <name>.text:mean</name>
         <load_address>0x318c</load_address>
         <run_address>0x318c</run_address>
         <size>0x38</size>
         <input_file_ref idref="fl-5"/>
      </object_component>
      <object_component id="oc-358">
         <name>.text</name>
         <load_address>0x31c4</load_address>
         <run_address>0x31c4</run_address>
         <size>0x36</size>
         <input_file_ref idref="fl-2b"/>
      </object_component>
      <object_component id="oc-25d">
         <name>.text:port_setup</name>
         <load_address>0x31fa</load_address>
         <run_address>0x31fa</run_address>
         <size>0x34</size>
         <input_file_ref idref="fl-7"/>
      </object_component>
      <object_component id="oc-409">
         <name>.text:clock_in</name>
         <load_address>0x322e</load_address>
         <run_address>0x322e</run_address>
         <size>0x32</size>
         <input_file_ref idref="fl-2"/>
      </object_component>
      <object_component id="oc-36e">
         <name>.text</name>
         <load_address>0x3260</load_address>
         <run_address>0x3260</run_address>
         <size>0x32</size>
         <input_file_ref idref="fl-2e"/>
      </object_component>
      <object_component id="oc-31a">
         <name>.text:adc_setup</name>
         <load_address>0x3292</load_address>
         <run_address>0x3292</run_address>
         <size>0x30</size>
         <input_file_ref idref="fl-4"/>
      </object_component>
      <object_component id="oc-34c">
         <name>.text:__mspabi_subd</name>
         <load_address>0x32c2</load_address>
         <run_address>0x32c2</run_address>
         <size>0x2e</size>
         <input_file_ref idref="fl-56"/>
      </object_component>
      <object_component id="oc-257">
         <name>.text:clock_setup</name>
         <load_address>0x32f0</load_address>
         <run_address>0x32f0</run_address>
         <size>0x2e</size>
         <input_file_ref idref="fl-8"/>
      </object_component>
      <object_component id="oc-3cd">
         <name>.text</name>
         <load_address>0x331e</load_address>
         <run_address>0x331e</run_address>
         <size>0x2e</size>
         <input_file_ref idref="fl-41"/>
      </object_component>
      <object_component id="oc-2c3">
         <name>.text</name>
         <load_address>0x334c</load_address>
         <run_address>0x334c</run_address>
         <size>0x2c</size>
         <input_file_ref idref="fl-25"/>
      </object_component>
      <object_component id="oc-335">
         <name>.text</name>
         <load_address>0x3378</load_address>
         <run_address>0x3378</run_address>
         <size>0x2c</size>
         <input_file_ref idref="fl-26"/>
      </object_component>
      <object_component id="oc-f9">
         <name>.text</name>
         <load_address>0x33a4</load_address>
         <run_address>0x33a4</run_address>
         <size>0x2c</size>
         <input_file_ref idref="fl-3a"/>
      </object_component>
      <object_component id="oc-2f6">
         <name>.text:usart_send_word_msb_first</name>
         <load_address>0x33d0</load_address>
         <run_address>0x33d0</run_address>
         <size>0x28</size>
         <input_file_ref idref="fl-6"/>
      </object_component>
      <object_component id="oc-3fc">
         <name>.text:check_ack</name>
         <load_address>0x33f8</load_address>
         <run_address>0x33f8</run_address>
         <size>0x26</size>
         <input_file_ref idref="fl-2"/>
      </object_component>
      <object_component id="oc-302">
         <name>.text:usart_send_msg</name>
         <load_address>0x341e</load_address>
         <run_address>0x341e</run_address>
         <size>0x22</size>
         <input_file_ref idref="fl-6"/>
      </object_component>
      <object_component id="oc-13d">
         <name>.text:timerB0_irq</name>
         <load_address>0x3440</load_address>
         <run_address>0x3440</run_address>
         <size>0x20</size>
         <input_file_ref idref="fl-8"/>
      </object_component>
      <object_component id="oc-155">
         <name>.text:_c_int00_noargs</name>
         <load_address>0x3460</load_address>
         <run_address>0x3460</run_address>
         <size>0x1c</size>
         <input_file_ref idref="fl-44"/>
      </object_component>
      <object_component id="oc-32c">
         <name>.text:Reed_setup</name>
         <load_address>0x347c</load_address>
         <run_address>0x347c</run_address>
         <size>0x16</size>
         <input_file_ref idref="fl-1"/>
      </object_component>
      <object_component id="oc-3f0">
         <name>.text</name>
         <load_address>0x3492</load_address>
         <run_address>0x3492</run_address>
         <size>0x16</size>
         <input_file_ref idref="fl-27"/>
      </object_component>
      <object_component id="oc-143">
         <name>.text:decompress:ZI:__TI_zero_init_nomemset:__TI_zero_init_nomemset</name>
         <load_address>0x34a8</load_address>
         <run_address>0x34a8</run_address>
         <size>0x14</size>
         <input_file_ref idref="fl-46"/>
      </object_component>
      <object_component id="oc-362">
         <name>.text</name>
         <load_address>0x34bc</load_address>
         <run_address>0x34bc</run_address>
         <size>0x14</size>
         <input_file_ref idref="fl-3d"/>
      </object_component>
      <object_component id="oc-214">
         <name>.text:__mspabi_fixdu</name>
         <load_address>0x34d0</load_address>
         <run_address>0x34d0</run_address>
         <size>0x12</size>
         <input_file_ref idref="fl-4f"/>
      </object_component>
      <object_component id="oc-39">
         <name>.text:decompress:none:__TI_decompress_none</name>
         <load_address>0x34e2</load_address>
         <run_address>0x34e2</run_address>
         <size>0x12</size>
         <input_file_ref idref="fl-4c"/>
      </object_component>
      <object_component id="oc-3d6">
         <name>.text:l_lsr</name>
         <load_address>0x34f4</load_address>
         <run_address>0x34f4</run_address>
         <size>0x12</size>
         <input_file_ref idref="fl-5d"/>
      </object_component>
      <object_component id="oc-113">
         <name>.text:memcpy</name>
         <load_address>0x3506</load_address>
         <run_address>0x3506</run_address>
         <size>0x12</size>
         <input_file_ref idref="fl-5a"/>
      </object_component>
      <object_component id="oc-320">
         <name>.text:temperature_sensor_setup</name>
         <load_address>0x3518</load_address>
         <run_address>0x3518</run_address>
         <size>0x12</size>
         <input_file_ref idref="fl-2"/>
      </object_component>
      <object_component id="oc-12b">
         <name>.text:timerA0_irq</name>
         <load_address>0x352a</load_address>
         <run_address>0x352a</run_address>
         <size>0x12</size>
         <input_file_ref idref="fl-8"/>
      </object_component>
      <object_component id="oc-402">
         <name>.text:CLOCK</name>
         <load_address>0x353c</load_address>
         <run_address>0x353c</run_address>
         <size>0x10</size>
         <input_file_ref idref="fl-2"/>
      </object_component>
      <object_component id="oc-1a2">
         <name>.text:SLEEP</name>
         <load_address>0x354c</load_address>
         <run_address>0x354c</run_address>
         <size>0x10</size>
         <input_file_ref idref="fl-9"/>
      </object_component>
      <object_component id="oc-4b0">
         <name>.text:l_asr</name>
         <load_address>0x355c</load_address>
         <run_address>0x355c</run_address>
         <size>0x10</size>
         <input_file_ref idref="fl-63"/>
      </object_component>
      <object_component id="oc-4ab">
         <name>.text:l_lsl</name>
         <load_address>0x356c</load_address>
         <run_address>0x356c</run_address>
         <size>0x10</size>
         <input_file_ref idref="fl-5c"/>
      </object_component>
      <object_component id="oc-103">
         <name>.text</name>
         <load_address>0x357c</load_address>
         <run_address>0x357c</run_address>
         <size>0x10</size>
         <input_file_ref idref="fl-28"/>
      </object_component>
      <object_component id="oc-2f0">
         <name>.text:usart_send_byte</name>
         <load_address>0x358c</load_address>
         <run_address>0x358c</run_address>
         <size>0x10</size>
         <input_file_ref idref="fl-6"/>
      </object_component>
      <object_component id="oc-346">
         <name>.text:__mspabi_fltid</name>
         <load_address>0x359c</load_address>
         <run_address>0x359c</run_address>
         <size>0xc</size>
         <input_file_ref idref="fl-51"/>
      </object_component>
      <object_component id="oc-326">
         <name>.text:xbee_setup</name>
         <load_address>0x35a8</load_address>
         <run_address>0x35a8</run_address>
         <size>0xc</size>
         <input_file_ref idref="fl-9"/>
      </object_component>
      <object_component id="oc-1ae">
         <name>.text:activate_relay_irq</name>
         <load_address>0x35b4</load_address>
         <run_address>0x35b4</run_address>
         <size>0xa</size>
         <input_file_ref idref="fl-1"/>
      </object_component>
      <object_component id="oc-120">
         <name>.text:_isr:__TI_ISR_TRAP</name>
         <load_address>0x35be</load_address>
         <run_address>0x35be</run_address>
         <size>0x8</size>
         <input_file_ref idref="fl-39"/>
      </object_component>
      <object_component id="oc-19c">
         <name>.text:debug_led_off</name>
         <load_address>0x35c6</load_address>
         <run_address>0x35c6</run_address>
         <size>0x8</size>
         <input_file_ref idref="fl-7"/>
      </object_component>
      <object_component id="oc-269">
         <name>.text:debug_led_on</name>
         <load_address>0x35ce</load_address>
         <run_address>0x35ce</run_address>
         <size>0x8</size>
         <input_file_ref idref="fl-7"/>
      </object_component>
      <object_component id="oc-208">
         <name>.text:__mspabi_fltud</name>
         <load_address>0x35d6</load_address>
         <run_address>0x35d6</run_address>
         <size>0x6</size>
         <input_file_ref idref="fl-53"/>
      </object_component>
      <object_component id="oc-27d">
         <name>.text:abort</name>
         <load_address>0x35dc</load_address>
         <run_address>0x35dc</run_address>
         <size>0x6</size>
         <input_file_ref idref="fl-57"/>
      </object_component>
      <object_component id="oc-2fc">
         <name>.text:usart_reset_checksum</name>
         <load_address>0x35e2</load_address>
         <run_address>0x35e2</run_address>
         <size>0x6</size>
         <input_file_ref idref="fl-6"/>
      </object_component>
      <object_component id="oc-137">
         <name>.text:watchdog_timer</name>
         <load_address>0x35e8</load_address>
         <run_address>0x35e8</run_address>
         <size>0x6</size>
         <input_file_ref idref="fl-8"/>
      </object_component>
      <object_component id="oc-1d9">
         <name>.text:_system_pre_init</name>
         <load_address>0x35ee</load_address>
         <run_address>0x35ee</run_address>
         <size>0x4</size>
         <input_file_ref idref="fl-4a"/>
      </object_component>
      <object_component id="oc-39a">
         <name>.text:_system_post_cinit</name>
         <load_address>0x35f2</load_address>
         <run_address>0x35f2</run_address>
         <size>0x2</size>
         <input_file_ref idref="fl-4b"/>
      </object_component>
      <object_component id="oc-50f">
         <name>.cinit..data.load</name>
         <load_address>0x35fa</load_address>
         <run_address>0x35fa</run_address>
         <size>0x10</size>
      </object_component>
      <object_component id="oc-50c">
         <name>__TI_handler_table</name>
         <load_address>0x360a</load_address>
         <run_address>0x360a</run_address>
         <size>0x6</size>
      </object_component>
      <object_component id="oc-50e">
         <name>.cinit..bss.load</name>
         <load_address>0x3610</load_address>
         <run_address>0x3610</run_address>
         <size>0x4</size>
      </object_component>
      <object_component id="oc-50d">
         <name>__TI_cinit_table</name>
         <load_address>0x3614</load_address>
         <run_address>0x3614</run_address>
         <size>0x8</size>
      </object_component>
      <object_component id="oc-245">
         <name>.const:.string:$P$T0$1</name>
         <load_address>0x35f4</load_address>
         <run_address>0x35f4</run_address>
         <size>0x5</size>
         <input_file_ref idref="fl-9"/>
      </object_component>
      <object_component id="oc-4d1">
         <name>.binit</name>
         <load_address>0x1100</load_address>
         <run_address>0x1100</run_address>
         <size>0x0</size>
      </object_component>
      <object_component id="oc-3f">
         <name>.int00</name>
         <load_address>0xffe0</load_address>
         <run_address>0xffe0</run_address>
         <size>0x2</size>
         <input_file_ref idref="fl-2f"/>
      </object_component>
      <object_component id="oc-40">
         <name>.int01</name>
         <load_address>0xffe2</load_address>
         <run_address>0xffe2</run_address>
         <size>0x2</size>
         <input_file_ref idref="fl-30"/>
      </object_component>
      <object_component id="oc-41">
         <name>.int02</name>
         <load_address>0xffe4</load_address>
         <run_address>0xffe4</run_address>
         <size>0x2</size>
         <input_file_ref idref="fl-31"/>
      </object_component>
      <object_component id="oc-42">
         <name>.int03</name>
         <load_address>0xffe6</load_address>
         <run_address>0xffe6</run_address>
         <size>0x2</size>
         <input_file_ref idref="fl-32"/>
      </object_component>
      <object_component id="oc-43">
         <name>.int04</name>
         <load_address>0xffe8</load_address>
         <run_address>0xffe8</run_address>
         <size>0x2</size>
         <input_file_ref idref="fl-1"/>
      </object_component>
      <object_component id="oc-44">
         <name>.int05</name>
         <load_address>0xffea</load_address>
         <run_address>0xffea</run_address>
         <size>0x2</size>
         <input_file_ref idref="fl-33"/>
      </object_component>
      <object_component id="oc-45">
         <name>.int06</name>
         <load_address>0xffec</load_address>
         <run_address>0xffec</run_address>
         <size>0x2</size>
         <input_file_ref idref="fl-8"/>
      </object_component>
      <object_component id="oc-46">
         <name>.int07</name>
         <load_address>0xffee</load_address>
         <run_address>0xffee</run_address>
         <size>0x2</size>
         <input_file_ref idref="fl-34"/>
      </object_component>
      <object_component id="oc-47">
         <name>.int08</name>
         <load_address>0xfff0</load_address>
         <run_address>0xfff0</run_address>
         <size>0x2</size>
         <input_file_ref idref="fl-35"/>
      </object_component>
      <object_component id="oc-48">
         <name>.int09</name>
         <load_address>0xfff2</load_address>
         <run_address>0xfff2</run_address>
         <size>0x2</size>
         <input_file_ref idref="fl-9"/>
      </object_component>
      <object_component id="oc-49">
         <name>.int10</name>
         <load_address>0xfff4</load_address>
         <run_address>0xfff4</run_address>
         <size>0x2</size>
         <input_file_ref idref="fl-8"/>
      </object_component>
      <object_component id="oc-4a">
         <name>.int11</name>
         <load_address>0xfff6</load_address>
         <run_address>0xfff6</run_address>
         <size>0x2</size>
         <input_file_ref idref="fl-36"/>
      </object_component>
      <object_component id="oc-4b">
         <name>.int12</name>
         <load_address>0xfff8</load_address>
         <run_address>0xfff8</run_address>
         <size>0x2</size>
         <input_file_ref idref="fl-37"/>
      </object_component>
      <object_component id="oc-4c">
         <name>.int13</name>
         <load_address>0xfffa</load_address>
         <run_address>0xfffa</run_address>
         <size>0x2</size>
         <input_file_ref idref="fl-8"/>
      </object_component>
      <object_component id="oc-4d">
         <name>.int14</name>
         <load_address>0xfffc</load_address>
         <run_address>0xfffc</run_address>
         <size>0x2</size>
         <input_file_ref idref="fl-38"/>
      </object_component>
      <object_component id="oc-f8">
         <name>.reset</name>
         <load_address>0xfffe</load_address>
         <run_address>0xfffe</run_address>
         <size>0x2</size>
         <input_file_ref idref="fl-44"/>
      </object_component>
      <object_component id="oc-2de">
         <name>.debug_info</name>
         <load_address>0x0</load_address>
         <run_address>0x0</run_address>
         <size>0x5a4</size>
         <input_file_ref idref="fl-1"/>
      </object_component>
      <object_component id="oc-1c6">
         <name>.debug_info</name>
         <load_address>0x5a4</load_address>
         <run_address>0x5a4</run_address>
         <size>0x183</size>
         <input_file_ref idref="fl-1"/>
      </object_component>
      <object_component id="oc-315">
         <name>.debug_info</name>
         <load_address>0x727</load_address>
         <run_address>0x727</run_address>
         <size>0x151</size>
         <input_file_ref idref="fl-1"/>
      </object_component>
      <object_component id="oc-126">
         <name>.debug_info</name>
         <load_address>0x878</load_address>
         <run_address>0x878</run_address>
         <size>0x188</size>
         <input_file_ref idref="fl-1"/>
      </object_component>
      <object_component id="oc-1af">
         <name>.debug_info</name>
         <load_address>0xa00</load_address>
         <run_address>0xa00</run_address>
         <size>0x149</size>
         <input_file_ref idref="fl-1"/>
      </object_component>
      <object_component id="oc-32d">
         <name>.debug_info</name>
         <load_address>0xb49</load_address>
         <run_address>0xb49</run_address>
         <size>0x139</size>
         <input_file_ref idref="fl-1"/>
      </object_component>
      <object_component id="oc-221">
         <name>.debug_info</name>
         <load_address>0xc82</load_address>
         <run_address>0xc82</run_address>
         <size>0x658</size>
         <input_file_ref idref="fl-1"/>
      </object_component>
      <object_component id="oc-2e0">
         <name>.debug_info</name>
         <load_address>0x12da</load_address>
         <run_address>0x12da</run_address>
         <size>0xc8</size>
         <input_file_ref idref="fl-1"/>
      </object_component>
      <object_component id="oc-2e5">
         <name>.debug_info</name>
         <load_address>0x13a2</load_address>
         <run_address>0x13a2</run_address>
         <size>0x57</size>
         <input_file_ref idref="fl-1"/>
      </object_component>
      <object_component id="oc-22b">
         <name>.debug_info</name>
         <load_address>0x13f9</load_address>
         <run_address>0x13f9</run_address>
         <size>0x2e1</size>
         <input_file_ref idref="fl-1"/>
      </object_component>
      <object_component id="oc-226">
         <name>.debug_info</name>
         <load_address>0x16da</load_address>
         <run_address>0x16da</run_address>
         <size>0x23a</size>
         <input_file_ref idref="fl-1"/>
      </object_component>
      <object_component id="oc-235">
         <name>.debug_info</name>
         <load_address>0x1914</load_address>
         <run_address>0x1914</run_address>
         <size>0x566</size>
         <input_file_ref idref="fl-1"/>
      </object_component>
      <object_component id="oc-441">
         <name>.debug_info</name>
         <load_address>0x1e7a</load_address>
         <run_address>0x1e7a</run_address>
         <size>0x51</size>
         <input_file_ref idref="fl-1"/>
      </object_component>
      <object_component id="oc-10e">
         <name>.debug_info</name>
         <load_address>0x1ecb</load_address>
         <run_address>0x1ecb</run_address>
         <size>0x84</size>
         <input_file_ref idref="fl-1"/>
      </object_component>
      <object_component id="oc-3de">
         <name>.debug_info</name>
         <load_address>0x1f4f</load_address>
         <run_address>0x1f4f</run_address>
         <size>0x53</size>
         <input_file_ref idref="fl-1"/>
      </object_component>
      <object_component id="oc-230">
         <name>.debug_info</name>
         <load_address>0x1fa2</load_address>
         <run_address>0x1fa2</run_address>
         <size>0x39</size>
         <input_file_ref idref="fl-1"/>
      </object_component>
      <object_component id="oc-23a">
         <name>.debug_info</name>
         <load_address>0x1fdb</load_address>
         <run_address>0x1fdb</run_address>
         <size>0x57b</size>
         <input_file_ref idref="fl-1"/>
      </object_component>
      <object_component id="oc-47a">
         <name>.debug_info</name>
         <load_address>0x2556</load_address>
         <run_address>0x2556</run_address>
         <size>0x413</size>
         <input_file_ref idref="fl-2"/>
      </object_component>
      <object_component id="oc-403">
         <name>.debug_info</name>
         <load_address>0x2969</load_address>
         <run_address>0x2969</run_address>
         <size>0x15f</size>
         <input_file_ref idref="fl-2"/>
      </object_component>
      <object_component id="oc-3f7">
         <name>.debug_info</name>
         <load_address>0x2ac8</load_address>
         <run_address>0x2ac8</run_address>
         <size>0x1a2</size>
         <input_file_ref idref="fl-2"/>
      </object_component>
      <object_component id="oc-3fd">
         <name>.debug_info</name>
         <load_address>0x2c6a</load_address>
         <run_address>0x2c6a</run_address>
         <size>0x169</size>
         <input_file_ref idref="fl-2"/>
      </object_component>
      <object_component id="oc-33b">
         <name>.debug_info</name>
         <load_address>0x2dd3</load_address>
         <run_address>0x2dd3</run_address>
         <size>0x2a7</size>
         <input_file_ref idref="fl-2"/>
      </object_component>
      <object_component id="oc-321">
         <name>.debug_info</name>
         <load_address>0x307a</load_address>
         <run_address>0x307a</run_address>
         <size>0x15b</size>
         <input_file_ref idref="fl-2"/>
      </object_component>
      <object_component id="oc-40a">
         <name>.debug_info</name>
         <load_address>0x31d5</load_address>
         <run_address>0x31d5</run_address>
         <size>0x184</size>
         <input_file_ref idref="fl-2"/>
      </object_component>
      <object_component id="oc-341">
         <name>.debug_info</name>
         <load_address>0x3359</load_address>
         <run_address>0x3359</run_address>
         <size>0x2b5</size>
         <input_file_ref idref="fl-2"/>
      </object_component>
      <object_component id="oc-424">
         <name>.debug_info</name>
         <load_address>0x360e</load_address>
         <run_address>0x360e</run_address>
         <size>0x3f7</size>
         <input_file_ref idref="fl-4"/>
      </object_component>
      <object_component id="oc-368">
         <name>.debug_info</name>
         <load_address>0x3a05</load_address>
         <run_address>0x3a05</run_address>
         <size>0x18d</size>
         <input_file_ref idref="fl-4"/>
      </object_component>
      <object_component id="oc-31b">
         <name>.debug_info</name>
         <load_address>0x3b92</load_address>
         <run_address>0x3b92</run_address>
         <size>0x13d</size>
         <input_file_ref idref="fl-4"/>
      </object_component>
      <object_component id="oc-432">
         <name>.debug_info</name>
         <load_address>0x3ccf</load_address>
         <run_address>0x3ccf</run_address>
         <size>0x1d3</size>
         <input_file_ref idref="fl-5"/>
      </object_component>
      <object_component id="oc-427">
         <name>.debug_info</name>
         <load_address>0x3ea2</load_address>
         <run_address>0x3ea2</run_address>
         <size>0x1c1</size>
         <input_file_ref idref="fl-5"/>
      </object_component>
      <object_component id="oc-37a">
         <name>.debug_info</name>
         <load_address>0x4063</load_address>
         <run_address>0x4063</run_address>
         <size>0x25a</size>
         <input_file_ref idref="fl-5"/>
      </object_component>
      <object_component id="oc-374">
         <name>.debug_info</name>
         <load_address>0x42bd</load_address>
         <run_address>0x42bd</run_address>
         <size>0x1b3</size>
         <input_file_ref idref="fl-5"/>
      </object_component>
      <object_component id="oc-309">
         <name>.debug_info</name>
         <load_address>0x4470</load_address>
         <run_address>0x4470</run_address>
         <size>0x450</size>
         <input_file_ref idref="fl-6"/>
      </object_component>
      <object_component id="oc-264">
         <name>.debug_info</name>
         <load_address>0x48c0</load_address>
         <run_address>0x48c0</run_address>
         <size>0x13b</size>
         <input_file_ref idref="fl-6"/>
      </object_component>
      <object_component id="oc-2f7">
         <name>.debug_info</name>
         <load_address>0x49fb</load_address>
         <run_address>0x49fb</run_address>
         <size>0x1a4</size>
         <input_file_ref idref="fl-6"/>
      </object_component>
      <object_component id="oc-303">
         <name>.debug_info</name>
         <load_address>0x4b9f</load_address>
         <run_address>0x4b9f</run_address>
         <size>0x1a9</size>
         <input_file_ref idref="fl-6"/>
      </object_component>
      <object_component id="oc-2f1">
         <name>.debug_info</name>
         <load_address>0x4d48</load_address>
         <run_address>0x4d48</run_address>
         <size>0x161</size>
         <input_file_ref idref="fl-6"/>
      </object_component>
      <object_component id="oc-2fd">
         <name>.debug_info</name>
         <load_address>0x4ea9</load_address>
         <run_address>0x4ea9</run_address>
         <size>0x14d</size>
         <input_file_ref idref="fl-6"/>
      </object_component>
      <object_component id="oc-1bd">
         <name>.debug_info</name>
         <load_address>0x4ff6</load_address>
         <run_address>0x4ff6</run_address>
         <size>0x7d8</size>
         <input_file_ref idref="fl-7"/>
      </object_component>
      <object_component id="oc-380">
         <name>.debug_info</name>
         <load_address>0x57ce</load_address>
         <run_address>0x57ce</run_address>
         <size>0x110</size>
         <input_file_ref idref="fl-7"/>
      </object_component>
      <object_component id="oc-19a">
         <name>.debug_info</name>
         <load_address>0x58de</load_address>
         <run_address>0x58de</run_address>
         <size>0x205</size>
         <input_file_ref idref="fl-7"/>
      </object_component>
      <object_component id="oc-26a">
         <name>.debug_info</name>
         <load_address>0x5ae3</load_address>
         <run_address>0x5ae3</run_address>
         <size>0x143</size>
         <input_file_ref idref="fl-7"/>
      </object_component>
      <object_component id="oc-19d">
         <name>.debug_info</name>
         <load_address>0x5c26</load_address>
         <run_address>0x5c26</run_address>
         <size>0x145</size>
         <input_file_ref idref="fl-7"/>
      </object_component>
      <object_component id="oc-270">
         <name>.debug_info</name>
         <load_address>0x5d6b</load_address>
         <run_address>0x5d6b</run_address>
         <size>0x450</size>
         <input_file_ref idref="fl-7"/>
      </object_component>
      <object_component id="oc-276">
         <name>.debug_info</name>
         <load_address>0x61bb</load_address>
         <run_address>0x61bb</run_address>
         <size>0x4ce</size>
         <input_file_ref idref="fl-7"/>
      </object_component>
      <object_component id="oc-25e">
         <name>.debug_info</name>
         <load_address>0x6689</load_address>
         <run_address>0x6689</run_address>
         <size>0x1b1</size>
         <input_file_ref idref="fl-7"/>
      </object_component>
      <object_component id="oc-1e0">
         <name>.debug_info</name>
         <load_address>0x683a</load_address>
         <run_address>0x683a</run_address>
         <size>0x1b0</size>
         <input_file_ref idref="fl-7"/>
      </object_component>
      <object_component id="oc-21d">
         <name>.debug_info</name>
         <load_address>0x69ea</load_address>
         <run_address>0x69ea</run_address>
         <size>0x558</size>
         <input_file_ref idref="fl-8"/>
      </object_component>
      <object_component id="oc-1ce">
         <name>.debug_info</name>
         <load_address>0x6f42</load_address>
         <run_address>0x6f42</run_address>
         <size>0x100</size>
         <input_file_ref idref="fl-8"/>
      </object_component>
      <object_component id="oc-138">
         <name>.debug_info</name>
         <load_address>0x7042</load_address>
         <run_address>0x7042</run_address>
         <size>0x13f</size>
         <input_file_ref idref="fl-8"/>
      </object_component>
      <object_component id="oc-1a9">
         <name>.debug_info</name>
         <load_address>0x7181</load_address>
         <run_address>0x7181</run_address>
         <size>0x175</size>
         <input_file_ref idref="fl-8"/>
      </object_component>
      <object_component id="oc-13e">
         <name>.debug_info</name>
         <load_address>0x72f6</load_address>
         <run_address>0x72f6</run_address>
         <size>0x140</size>
         <input_file_ref idref="fl-8"/>
      </object_component>
      <object_component id="oc-12c">
         <name>.debug_info</name>
         <load_address>0x7436</load_address>
         <run_address>0x7436</run_address>
         <size>0x139</size>
         <input_file_ref idref="fl-8"/>
      </object_component>
      <object_component id="oc-1b5">
         <name>.debug_info</name>
         <load_address>0x756f</load_address>
         <run_address>0x756f</run_address>
         <size>0x1c0</size>
         <input_file_ref idref="fl-8"/>
      </object_component>
      <object_component id="oc-258">
         <name>.debug_info</name>
         <load_address>0x772f</load_address>
         <run_address>0x772f</run_address>
         <size>0x143</size>
         <input_file_ref idref="fl-8"/>
      </object_component>
      <object_component id="oc-24f">
         <name>.debug_info</name>
         <load_address>0x7872</load_address>
         <run_address>0x7872</run_address>
         <size>0x6cb</size>
         <input_file_ref idref="fl-9"/>
      </object_component>
      <object_component id="oc-2ee">
         <name>.debug_info</name>
         <load_address>0x7f3d</load_address>
         <run_address>0x7f3d</run_address>
         <size>0x127</size>
         <input_file_ref idref="fl-9"/>
      </object_component>
      <object_component id="oc-246">
         <name>.debug_info</name>
         <load_address>0x8064</load_address>
         <run_address>0x8064</run_address>
         <size>0x105</size>
         <input_file_ref idref="fl-9"/>
      </object_component>
      <object_component id="oc-1a3">
         <name>.debug_info</name>
         <load_address>0x8169</load_address>
         <run_address>0x8169</run_address>
         <size>0x142</size>
         <input_file_ref idref="fl-9"/>
      </object_component>
      <object_component id="oc-327">
         <name>.debug_info</name>
         <load_address>0x82ab</load_address>
         <run_address>0x82ab</run_address>
         <size>0x142</size>
         <input_file_ref idref="fl-9"/>
      </object_component>
      <object_component id="oc-249">
         <name>.debug_info</name>
         <load_address>0x83ed</load_address>
         <run_address>0x83ed</run_address>
         <size>0x31a</size>
         <input_file_ref idref="fl-9"/>
      </object_component>
      <object_component id="oc-240">
         <name>.debug_info</name>
         <load_address>0x8707</load_address>
         <run_address>0x8707</run_address>
         <size>0x177</size>
         <input_file_ref idref="fl-9"/>
      </object_component>
      <object_component id="oc-1c0">
         <name>.debug_info</name>
         <load_address>0x887e</load_address>
         <run_address>0x887e</run_address>
         <size>0x1f8</size>
         <input_file_ref idref="fl-9"/>
      </object_component>
      <object_component id="oc-132">
         <name>.debug_info</name>
         <load_address>0x8a76</load_address>
         <run_address>0x8a76</run_address>
         <size>0x175</size>
         <input_file_ref idref="fl-9"/>
      </object_component>
      <object_component id="oc-30e">
         <name>.debug_info</name>
         <load_address>0x8beb</load_address>
         <run_address>0x8beb</run_address>
         <size>0x566</size>
         <input_file_ref idref="fl-9"/>
      </object_component>
      <object_component id="oc-495">
         <name>.debug_info</name>
         <load_address>0x9151</load_address>
         <run_address>0x9151</run_address>
         <size>0x17d</size>
         <input_file_ref idref="fl-24"/>
      </object_component>
      <object_component id="oc-439">
         <name>.debug_info</name>
         <load_address>0x92ce</load_address>
         <run_address>0x92ce</run_address>
         <size>0x20c</size>
         <input_file_ref idref="fl-24"/>
      </object_component>
      <object_component id="oc-4c3">
         <name>.debug_info</name>
         <load_address>0x94da</load_address>
         <run_address>0x94da</run_address>
         <size>0x39</size>
         <input_file_ref idref="fl-24"/>
      </object_component>
      <object_component id="oc-496">
         <name>.debug_info</name>
         <load_address>0x9513</load_address>
         <run_address>0x9513</run_address>
         <size>0x39</size>
         <input_file_ref idref="fl-24"/>
      </object_component>
      <object_component id="oc-2c4">
         <name>.debug_info</name>
         <load_address>0x954c</load_address>
         <run_address>0x954c</run_address>
         <size>0x11f</size>
         <input_file_ref idref="fl-25"/>
      </object_component>
      <object_component id="oc-336">
         <name>.debug_info</name>
         <load_address>0x966b</load_address>
         <run_address>0x966b</run_address>
         <size>0x134</size>
         <input_file_ref idref="fl-26"/>
      </object_component>
      <object_component id="oc-3f1">
         <name>.debug_info</name>
         <load_address>0x979f</load_address>
         <run_address>0x979f</run_address>
         <size>0x120</size>
         <input_file_ref idref="fl-27"/>
      </object_component>
      <object_component id="oc-104">
         <name>.debug_info</name>
         <load_address>0x98bf</load_address>
         <run_address>0x98bf</run_address>
         <size>0x12d</size>
         <input_file_ref idref="fl-28"/>
      </object_component>
      <object_component id="oc-434">
         <name>.debug_info</name>
         <load_address>0x99ec</load_address>
         <run_address>0x99ec</run_address>
         <size>0x120</size>
         <input_file_ref idref="fl-29"/>
      </object_component>
      <object_component id="oc-42d">
         <name>.debug_info</name>
         <load_address>0x9b0c</load_address>
         <run_address>0x9b0c</run_address>
         <size>0x120</size>
         <input_file_ref idref="fl-2a"/>
      </object_component>
      <object_component id="oc-359">
         <name>.debug_info</name>
         <load_address>0x9c2c</load_address>
         <run_address>0x9c2c</run_address>
         <size>0x129</size>
         <input_file_ref idref="fl-2b"/>
      </object_component>
      <object_component id="oc-35e">
         <name>.debug_info</name>
         <load_address>0x9d55</load_address>
         <run_address>0x9d55</run_address>
         <size>0x120</size>
         <input_file_ref idref="fl-2c"/>
      </object_component>
      <object_component id="oc-383">
         <name>.debug_info</name>
         <load_address>0x9e75</load_address>
         <run_address>0x9e75</run_address>
         <size>0x134</size>
         <input_file_ref idref="fl-2d"/>
      </object_component>
      <object_component id="oc-36f">
         <name>.debug_info</name>
         <load_address>0x9fa9</load_address>
         <run_address>0x9fa9</run_address>
         <size>0x126</size>
         <input_file_ref idref="fl-2e"/>
      </object_component>
      <object_component id="oc-121">
         <name>.debug_info</name>
         <load_address>0xa0cf</load_address>
         <run_address>0xa0cf</run_address>
         <size>0x10e</size>
         <input_file_ref idref="fl-39"/>
      </object_component>
      <object_component id="oc-fa">
         <name>.debug_info</name>
         <load_address>0xa1dd</load_address>
         <run_address>0xa1dd</run_address>
         <size>0x11f</size>
         <input_file_ref idref="fl-3a"/>
      </object_component>
      <object_component id="oc-ff">
         <name>.debug_info</name>
         <load_address>0xa2fc</load_address>
         <run_address>0xa2fc</run_address>
         <size>0x11f</size>
         <input_file_ref idref="fl-3b"/>
      </object_component>
      <object_component id="oc-363">
         <name>.debug_info</name>
         <load_address>0xa41b</load_address>
         <run_address>0xa41b</run_address>
         <size>0x11e</size>
         <input_file_ref idref="fl-3d"/>
      </object_component>
      <object_component id="oc-3ce">
         <name>.debug_info</name>
         <load_address>0xa539</load_address>
         <run_address>0xa539</run_address>
         <size>0x11e</size>
         <input_file_ref idref="fl-41"/>
      </object_component>
      <object_component id="oc-f6">
         <name>.debug_info</name>
         <load_address>0xa657</load_address>
         <run_address>0xa657</run_address>
         <size>0xff</size>
         <input_file_ref idref="fl-44"/>
      </object_component>
      <object_component id="oc-156">
         <name>.debug_info</name>
         <load_address>0xa756</load_address>
         <run_address>0xa756</run_address>
         <size>0x179</size>
         <input_file_ref idref="fl-44"/>
      </object_component>
      <object_component id="oc-3a1">
         <name>.debug_info</name>
         <load_address>0xa8cf</load_address>
         <run_address>0xa8cf</run_address>
         <size>0x3dd</size>
         <input_file_ref idref="fl-45"/>
      </object_component>
      <object_component id="oc-28a">
         <name>.debug_info</name>
         <load_address>0xacac</load_address>
         <run_address>0xacac</run_address>
         <size>0x1df</size>
         <input_file_ref idref="fl-45"/>
      </object_component>
      <object_component id="oc-45d">
         <name>.debug_info</name>
         <load_address>0xae8b</load_address>
         <run_address>0xae8b</run_address>
         <size>0x39</size>
         <input_file_ref idref="fl-45"/>
      </object_component>
      <object_component id="oc-469">
         <name>.debug_info</name>
         <load_address>0xaec4</load_address>
         <run_address>0xaec4</run_address>
         <size>0x2c</size>
         <input_file_ref idref="fl-45"/>
      </object_component>
      <object_component id="oc-3ac">
         <name>.debug_info</name>
         <load_address>0xaef0</load_address>
         <run_address>0xaef0</run_address>
         <size>0x2c</size>
         <input_file_ref idref="fl-45"/>
      </object_component>
      <object_component id="oc-462">
         <name>.debug_info</name>
         <load_address>0xaf1c</load_address>
         <run_address>0xaf1c</run_address>
         <size>0xcd</size>
         <input_file_ref idref="fl-45"/>
      </object_component>
      <object_component id="oc-1d7">
         <name>.debug_info</name>
         <load_address>0xafe9</load_address>
         <run_address>0xafe9</run_address>
         <size>0x174</size>
         <input_file_ref idref="fl-46"/>
      </object_component>
      <object_component id="oc-144">
         <name>.debug_info</name>
         <load_address>0xb15d</load_address>
         <run_address>0xb15d</run_address>
         <size>0x1d1</size>
         <input_file_ref idref="fl-46"/>
      </object_component>
      <object_component id="oc-1d2">
         <name>.debug_info</name>
         <load_address>0xb32e</load_address>
         <run_address>0xb32e</run_address>
         <size>0x46</size>
         <input_file_ref idref="fl-46"/>
      </object_component>
      <object_component id="oc-18c">
         <name>.debug_info</name>
         <load_address>0xb374</load_address>
         <run_address>0xb374</run_address>
         <size>0x2c</size>
         <input_file_ref idref="fl-46"/>
      </object_component>
      <object_component id="oc-1da">
         <name>.debug_info</name>
         <load_address>0xb3a0</load_address>
         <run_address>0xb3a0</run_address>
         <size>0x152</size>
         <input_file_ref idref="fl-4a"/>
      </object_component>
      <object_component id="oc-39b">
         <name>.debug_info</name>
         <load_address>0xb4f2</load_address>
         <run_address>0xb4f2</run_address>
         <size>0x14f</size>
         <input_file_ref idref="fl-4b"/>
      </object_component>
      <object_component id="oc-11f">
         <name>.debug_info</name>
         <load_address>0xb641</load_address>
         <run_address>0xb641</run_address>
         <size>0x17f</size>
         <input_file_ref idref="fl-4c"/>
      </object_component>
      <object_component id="oc-3a">
         <name>.debug_info</name>
         <load_address>0xb7c0</load_address>
         <run_address>0xb7c0</run_address>
         <size>0x1e9</size>
         <input_file_ref idref="fl-4c"/>
      </object_component>
      <object_component id="oc-11a">
         <name>.debug_info</name>
         <load_address>0xb9a9</load_address>
         <run_address>0xb9a9</run_address>
         <size>0x46</size>
         <input_file_ref idref="fl-4c"/>
      </object_component>
      <object_component id="oc-191">
         <name>.debug_info</name>
         <load_address>0xb9ef</load_address>
         <run_address>0xb9ef</run_address>
         <size>0x2c</size>
         <input_file_ref idref="fl-4c"/>
      </object_component>
      <object_component id="oc-189">
         <name>.debug_info</name>
         <load_address>0xba1b</load_address>
         <run_address>0xba1b</run_address>
         <size>0x175</size>
         <input_file_ref idref="fl-4d"/>
      </object_component>
      <object_component id="oc-34">
         <name>.debug_info</name>
         <load_address>0xbb90</load_address>
         <run_address>0xbb90</run_address>
         <size>0x291</size>
         <input_file_ref idref="fl-4d"/>
      </object_component>
      <object_component id="oc-109">
         <name>.debug_info</name>
         <load_address>0xbe21</load_address>
         <run_address>0xbe21</run_address>
         <size>0x60</size>
         <input_file_ref idref="fl-4d"/>
      </object_component>
      <object_component id="oc-1fb">
         <name>.debug_info</name>
         <load_address>0xbe81</load_address>
         <run_address>0xbe81</run_address>
         <size>0x46</size>
         <input_file_ref idref="fl-4d"/>
      </object_component>
      <object_component id="oc-184">
         <name>.debug_info</name>
         <load_address>0xbec7</load_address>
         <run_address>0xbec7</run_address>
         <size>0x39</size>
         <input_file_ref idref="fl-4d"/>
      </object_component>
      <object_component id="oc-41f">
         <name>.debug_info</name>
         <load_address>0xbf00</load_address>
         <run_address>0xbf00</run_address>
         <size>0x164</size>
         <input_file_ref idref="fl-4e"/>
      </object_component>
      <object_component id="oc-353">
         <name>.debug_info</name>
         <load_address>0xc064</load_address>
         <run_address>0xc064</run_address>
         <size>0x1d7</size>
         <input_file_ref idref="fl-4e"/>
      </object_component>
      <object_component id="oc-217">
         <name>.debug_info</name>
         <load_address>0xc23b</load_address>
         <run_address>0xc23b</run_address>
         <size>0x16a</size>
         <input_file_ref idref="fl-4f"/>
      </object_component>
      <object_component id="oc-2d8">
         <name>.debug_info</name>
         <load_address>0xc3a5</load_address>
         <run_address>0xc3a5</run_address>
         <size>0x1bf</size>
         <input_file_ref idref="fl-50"/>
      </object_component>
      <object_component id="oc-2cf">
         <name>.debug_info</name>
         <load_address>0xc564</load_address>
         <run_address>0xc564</run_address>
         <size>0x94</size>
         <input_file_ref idref="fl-50"/>
      </object_component>
      <object_component id="oc-349">
         <name>.debug_info</name>
         <load_address>0xc5f8</load_address>
         <run_address>0xc5f8</run_address>
         <size>0x165</size>
         <input_file_ref idref="fl-51"/>
      </object_component>
      <object_component id="oc-47f">
         <name>.debug_info</name>
         <load_address>0xc75d</load_address>
         <run_address>0xc75d</run_address>
         <size>0x16a</size>
         <input_file_ref idref="fl-52"/>
      </object_component>
      <object_component id="oc-413">
         <name>.debug_info</name>
         <load_address>0xc8c7</load_address>
         <run_address>0xc8c7</run_address>
         <size>0x21a</size>
         <input_file_ref idref="fl-52"/>
      </object_component>
      <object_component id="oc-20a">
         <name>.debug_info</name>
         <load_address>0xcae1</load_address>
         <run_address>0xcae1</run_address>
         <size>0x165</size>
         <input_file_ref idref="fl-53"/>
      </object_component>
      <object_component id="oc-3c6">
         <name>.debug_info</name>
         <load_address>0xcc46</load_address>
         <run_address>0xcc46</run_address>
         <size>0x16a</size>
         <input_file_ref idref="fl-54"/>
      </object_component>
      <object_component id="oc-2bd">
         <name>.debug_info</name>
         <load_address>0xcdb0</load_address>
         <run_address>0xcdb0</run_address>
         <size>0x1e2</size>
         <input_file_ref idref="fl-54"/>
      </object_component>
      <object_component id="oc-2d4">
         <name>.debug_info</name>
         <load_address>0xcf92</load_address>
         <run_address>0xcf92</run_address>
         <size>0x1a1</size>
         <input_file_ref idref="fl-55"/>
      </object_component>
      <object_component id="oc-20f">
         <name>.debug_info</name>
         <load_address>0xd133</load_address>
         <run_address>0xd133</run_address>
         <size>0x2df</size>
         <input_file_ref idref="fl-55"/>
      </object_component>
      <object_component id="oc-34e">
         <name>.debug_info</name>
         <load_address>0xd412</load_address>
         <run_address>0xd412</run_address>
         <size>0x18c</size>
         <input_file_ref idref="fl-56"/>
      </object_component>
      <object_component id="oc-27f">
         <name>.debug_info</name>
         <load_address>0xd59e</load_address>
         <run_address>0xd59e</run_address>
         <size>0x121</size>
         <input_file_ref idref="fl-57"/>
      </object_component>
      <object_component id="oc-18b">
         <name>.debug_info</name>
         <load_address>0xd6bf</load_address>
         <run_address>0xd6bf</run_address>
         <size>0x180</size>
         <input_file_ref idref="fl-5a"/>
      </object_component>
      <object_component id="oc-114">
         <name>.debug_info</name>
         <load_address>0xd83f</load_address>
         <run_address>0xd83f</run_address>
         <size>0x179</size>
         <input_file_ref idref="fl-5a"/>
      </object_component>
      <object_component id="oc-492">
         <name>.debug_info</name>
         <load_address>0xd9b8</load_address>
         <run_address>0xd9b8</run_address>
         <size>0xfd</size>
         <input_file_ref idref="fl-5b"/>
      </object_component>
      <object_component id="oc-4ac">
         <name>.debug_info</name>
         <load_address>0xdab5</load_address>
         <run_address>0xdab5</run_address>
         <size>0x11f</size>
         <input_file_ref idref="fl-5c"/>
      </object_component>
      <object_component id="oc-3bc">
         <name>.debug_info</name>
         <load_address>0xdbd4</load_address>
         <run_address>0xdbd4</run_address>
         <size>0x125</size>
         <input_file_ref idref="fl-5c"/>
      </object_component>
      <object_component id="oc-3d7">
         <name>.debug_info</name>
         <load_address>0xdcf9</load_address>
         <run_address>0xdcf9</run_address>
         <size>0x11f</size>
         <input_file_ref idref="fl-5d"/>
      </object_component>
[...]
      </symbol>
      <symbol id="sm-38c">
         <name>__mspabi_addf</name>
         <value>0x226e</value>
         <object_component_ref idref="oc-433"/>
      </symbol>
      <symbol id="sm-39e">
         <name>__mspabi_divf</name>
         <value>0x2692</value>
         <object_component_ref idref="oc-42c"/>
      </symbol>
      <symbol id="sm-3ab">
         <name>__mspabi_fltif</name>
         <value>0x31c4</value>
         <object_component_ref idref="oc-358"/>
      </symbol>
      <symbol id="sm-3c2">
         <name>__mspabi_mpyf</name>
         <value>0x2464</value>
         <object_component_ref idref="oc-35d"/>
      </symbol>
      <symbol id="sm-3d4">
         <name>__mspabi_fixfi</name>
         <value>0x2cde</value>
         <object_component_ref idref="oc-382"/>
      </symbol>
      <symbol id="sm-3e0">
         <name>__mspabi_fltulf</name>
         <value>0x3260</value>
         <object_component_ref idref="oc-36e"/>
      </symbol>
      <symbol id="sm-3e3">
         <name>__TI_int00</name>
         <value>0xffe0</value>
         <object_component_ref idref="oc-3f"/>
      </symbol>
      <symbol id="sm-3e6">
         <name>__TI_int01</name>
         <value>0xffe2</value>
         <object_component_ref idref="oc-40"/>
      </symbol>
      <symbol id="sm-3e9">
         <name>__TI_int02</name>
         <value>0xffe4</value>
         <object_component_ref idref="oc-41"/>
      </symbol>
      <symbol id="sm-3ec">
         <name>__TI_int03</name>
         <value>0xffe6</value>
         <object_component_ref idref="oc-42"/>
      </symbol>
      <symbol id="sm-3ef">
         <name>__TI_int05</name>
         <value>0xffea</value>
         <object_component_ref idref="oc-44"/>
      </symbol>
      <symbol id="sm-3f2">
         <name>__TI_int07</name>
         <value>0xffee</value>
         <object_component_ref idref="oc-46"/>
      </symbol>
      <symbol id="sm-3f5">
         <name>__TI_int08</name>
         <value>0xfff0</value>
         <object_component_ref idref="oc-47"/>
      </symbol>
      <symbol id="sm-3f8">
         <name>__TI_int11</name>
         <value>0xfff6</value>
         <object_component_ref idref="oc-4a"/>
      </symbol>
      <symbol id="sm-3fb">
         <name>__TI_int12</name>
         <value>0xfff8</value>
         <object_component_ref idref="oc-4b"/>
      </symbol>
      <symbol id="sm-3fe">
         <name>__TI_int14</name>
         <value>0xfffc</value>
         <object_component_ref idref="oc-4d"/>
      </symbol>
      <symbol id="sm-406">
         <name>__TI_ISR_TRAP</name>
         <value>0x35be</value>
         <object_component_ref idref="oc-120"/>
      </symbol>
      <symbol id="sm-40e">
         <name>__mspabi_slli</name>
         <value>0x33a4</value>
         <object_component_ref idref="oc-f9"/>
      </symbol>
      <symbol id="sm-40f">
         <name>__mspabi_slli_9</name>
         <value>0x33bc</value>
         <object_component_ref idref="oc-f9"/>
      </symbol>
      <symbol id="sm-410">
         <name>__mspabi_slli_8</name>
         <value>0x33be</value>
         <object_component_ref idref="oc-f9"/>
      </symbol>
      <symbol id="sm-411">
         <name>__mspabi_slli_7</name>
         <value>0x33c0</value>
         <object_component_ref idref="oc-f9"/>
      </symbol>
      <symbol id="sm-412">
         <name>__mspabi_slli_6</name>
         <value>0x33c2</value>
         <object_component_ref idref="oc-f9"/>
      </symbol>
      <symbol id="sm-413">
         <name>__mspabi_slli_5</name>
         <value>0x33c4</value>
         <object_component_ref idref="oc-f9"/>
      </symbol>
      <symbol id="sm-414">
         <name>__mspabi_slli_4</name>
         <value>0x33c6</value>
         <object_component_ref idref="oc-f9"/>
      </symbol>
      <symbol id="sm-415">
         <name>__mspabi_slli_3</name>
         <value>0x33c8</value>
         <object_component_ref idref="oc-f9"/>
      </symbol>
      <symbol id="sm-416">
         <name>__mspabi_slli_2</name>
         <value>0x33ca</value>
         <object_component_ref idref="oc-f9"/>
      </symbol>
      <symbol id="sm-417">
         <name>__mspabi_slli_1</name>
         <value>0x33cc</value>
         <object_component_ref idref="oc-f9"/>
      </symbol>
      <symbol id="sm-418">
         <name>__mspabi_slli_15</name>
         <value>0x33b0</value>
         <object_component_ref idref="oc-f9"/>
      </symbol>
      <symbol id="sm-419">
         <name>__mspabi_slli_14</name>
         <value>0x33b2</value>
         <object_component_ref idref="oc-f9"/>
      </symbol>
      <symbol id="sm-41a">
         <name>__mspabi_slli_13</name>
         <value>0x33b4</value>
         <object_component_ref idref="oc-f9"/>
      </symbol>
      <symbol id="sm-41b">
         <name>__mspabi_slli_12</name>
         <value>0x33b6</value>
         <object_component_ref idref="oc-f9"/>
      </symbol>
      <symbol id="sm-41c">
         <name>__mspabi_slli_11</name>
         <value>0x33b8</value>
         <object_component_ref idref="oc-f9"/>
      </symbol>
      <symbol id="sm-41d">
         <name>__mspabi_slli_10</name>
         <value>0x33ba</value>
         <object_component_ref idref="oc-f9"/>
      </symbol>
      <symbol id="sm-425">
         <name>__mspabi_srli_8</name>
         <value>0x2fa2</value>
         <object_component_ref idref="oc-fe"/>
      </symbol>
      <symbol id="sm-426">
         <name>__mspabi_srli_9</name>
         <value>0x2f9e</value>
         <object_component_ref idref="oc-fe"/>
      </symbol>
      <symbol id="sm-427">
         <name>__mspabi_srli_6</name>
         <value>0x2faa</value>
         <object_component_ref idref="oc-fe"/>
      </symbol>
      <symbol id="sm-428">
         <name>__mspabi_srli_7</name>
         <value>0x2fa6</value>
         <object_component_ref idref="oc-fe"/>
      </symbol>
      <symbol id="sm-429">
         <name>__mspabi_srli_4</name>
         <value>0x2fb2</value>
         <object_component_ref idref="oc-fe"/>
      </symbol>
      <symbol id="sm-42a">
         <name>__mspabi_srli_5</name>
         <value>0x2fae</value>
         <object_component_ref idref="oc-fe"/>
      </symbol>
      <symbol id="sm-42b">
         <name>__mspabi_srli_2</name>
         <value>0x2fba</value>
         <object_component_ref idref="oc-fe"/>
      </symbol>
      <symbol id="sm-42c">
         <name>__mspabi_srli_3</name>
         <value>0x2fb6</value>
         <object_component_ref idref="oc-fe"/>
      </symbol>
      <symbol id="sm-42d">
         <name>__mspabi_srli_1</name>
         <value>0x2fbe</value>
         <object_component_ref idref="oc-fe"/>
      </symbol>
      <symbol id="sm-42e">
         <name>__mspabi_srli</name>
         <value>0x2f78</value>
         <object_component_ref idref="oc-fe"/>
      </symbol>
      <symbol id="sm-42f">
         <name>__mspabi_srli_15</name>
         <value>0x2f86</value>
         <object_component_ref idref="oc-fe"/>
      </symbol>
      <symbol id="sm-430">
         <name>__mspabi_srli_14</name>
         <value>0x2f8a</value>
         <object_component_ref idref="oc-fe"/>
      </symbol>
      <symbol id="sm-431">
         <name>__mspabi_srli_13</name>
         <value>0x2f8e</value>
         <object_component_ref idref="oc-fe"/>
      </symbol>
      <symbol id="sm-432">
         <name>__mspabi_srli_12</name>
         <value>0x2f92</value>
         <object_component_ref idref="oc-fe"/>
      </symbol>
      <symbol id="sm-433">
         <name>__mspabi_srli_11</name>
         <value>0x2f96</value>
         <object_component_ref idref="oc-fe"/>
      </symbol>
      <symbol id="sm-434">
         <name>__mspabi_srli_10</name>
         <value>0x2f9a</value>
         <object_component_ref idref="oc-fe"/>
      </symbol>
      <symbol id="sm-43d">
         <name>__mspabi_mpyi_hw</name>
         <value>0x34bc</value>
         <object_component_ref idref="oc-362"/>
      </symbol>
      <symbol id="sm-448">
         <name>__mspabi_mpyl_hw</name>
         <value>0x331e</value>
         <object_component_ref idref="oc-3cd"/>
      </symbol>
      <symbol id="sm-45a">
         <name>_stack</name>
         <value>0x9b0</value>
         <object_component_ref idref="oc-f5"/>
      </symbol>
      <symbol id="sm-45b">
         <name>_c_int00_noargs</name>
         <value>0x3460</value>
         <object_component_ref idref="oc-155"/>
      </symbol>
      <symbol id="sm-45c">
         <name>_reset_vector</name>
         <value>0xfffe</value>
         <object_component_ref idref="oc-f8"/>
      </symbol>
      <symbol id="sm-47e">
         <name>__TI_auto_init_nobinit_nopinit</name>
         <value>0x3052</value>
         <object_component_ref idref="oc-289"/>
      </symbol>
      <symbol id="sm-496">
         <name>__TI_zero_init_nomemset</name>
         <value>0x34a8</value>
         <object_component_ref idref="oc-143"/>
      </symbol>
      <symbol id="sm-4a2">
         <name>_system_pre_init</name>
         <value>0x35ee</value>
         <object_component_ref idref="oc-1d9"/>
      </symbol>
      <symbol id="sm-4ab">
         <name>_system_post_cinit</name>
         <value>0x35f2</value>
         <object_component_ref idref="oc-39a"/>
      </symbol>
      <symbol id="sm-4c1">
         <name>__TI_decompress_none</name>
         <value>0x34e2</value>
         <object_component_ref idref="oc-39"/>
      </symbol>
      <symbol id="sm-4e4">
         <name>__TI_decompress_lzss</name>
         <value>0x2b0a</value>
         <object_component_ref idref="oc-33"/>
      </symbol>
      <symbol id="sm-4f7">
         <name>__mspabi_cvtdf</name>
         <value>0x28e6</value>
         <object_component_ref idref="oc-352"/>
      </symbol>
      <symbol id="sm-502">
         <name>__mspabi_fixdu</name>
         <value>0x34d0</value>
         <object_component_ref idref="oc-214"/>
      </symbol>
      <symbol id="sm-517">
         <name>__mspabi_fixdul</name>
         <value>0x2c02</value>
         <object_component_ref idref="oc-2d5"/>
      </symbol>
      <symbol id="sm-520">
         <name>__mspabi_fltid</name>
         <value>0x359c</value>
         <object_component_ref idref="oc-346"/>
      </symbol>
      <symbol id="sm-537">
         <name>__mspabi_fltlid</name>
         <value>0x25e6</value>
         <object_component_ref idref="oc-410"/>
      </symbol>
      <symbol id="sm-540">
         <name>__mspabi_fltud</name>
         <value>0x35d6</value>
         <object_component_ref idref="oc-208"/>
      </symbol>
      <symbol id="sm-555">
         <name>__mspabi_fltuld</name>
         <value>0x29fe</value>
         <object_component_ref idref="oc-2bc"/>
      </symbol>
      <symbol id="sm-577">
         <name>__mspabi_mpyd</name>
         <value>0x1c5e</value>
         <object_component_ref idref="oc-20e"/>
      </symbol>
      <symbol id="sm-580">
         <name>__mspabi_subd</name>
         <value>0x32c2</value>
         <object_component_ref idref="oc-34c"/>
      </symbol>
      <symbol id="sm-58a">
         <name>C$$EXIT</name>
         <value>0x35dc</value>
         <object_component_ref idref="oc-27d"/>
      </symbol>
      <symbol id="sm-58b">
         <name>abort</name>
         <value>0x35dc</value>
         <object_component_ref idref="oc-27d"/>
      </symbol>
      <symbol id="sm-59b">
         <name>memcpy</name>
         <value>0x3506</value>
         <object_component_ref idref="oc-113"/>
      </symbol>
      <symbol id="sm-5a2">
         <name>errno</name>
         <value>0x330</value>
         <object_component_ref idref="oc-491"/>
      </symbol>
      <symbol id="sm-5b2">
         <name>__mspabi_slll_9</name>
         <value>0x3128</value>
         <object_component_ref idref="oc-3bb"/>
      </symbol>
      <symbol id="sm-5b3">
         <name>__mspabi_slll_8</name>
         <value>0x312c</value>
         <object_component_ref idref="oc-3bb"/>
      </symbol>
      <symbol id="sm-5b4">
         <name>__mspabi_slll_7</name>
         <value>0x3130</value>
         <object_component_ref idref="oc-3bb"/>
      </symbol>
      <symbol id="sm-5b5">
         <name>__mspabi_slll_6</name>
         <value>0x3134</value>
         <object_component_ref idref="oc-3bb"/>
      </symbol>
      <symbol id="sm-5b6">
         <name>__mspabi_slll_5</name>
         <value>0x3138</value>
         <object_component_ref idref="oc-3bb"/>
      </symbol>
      <symbol id="sm-5b7">
         <name>__mspabi_slll_4</name>
         <value>0x313c</value>
         <object_component_ref idref="oc-3bb"/>
      </symbol>
      <symbol id="sm-5b8">
         <name>__mspabi_slll_3</name>
         <value>0x3140</value>
         <object_component_ref idref="oc-3bb"/>
      </symbol>
      <symbol id="sm-5b9">
         <name>__mspabi_slll_2</name>
         <value>0x3144</value>
         <object_component_ref idref="oc-3bb"/>
      </symbol>
      <symbol id="sm-5ba">
         <name>__mspabi_slll_1</name>
         <value>0x3148</value>
         <object_component_ref idref="oc-3bb"/>
      </symbol>
      <symbol id="sm-5bb">
         <name>__mspabi_slll</name>
         <value>0x356c</value>
         <object_component_ref idref="oc-4ab"/>
      </symbol>
      <symbol id="sm-5bc">
         <name>__mspabi_slll_15</name>
         <value>0x3110</value>
         <object_component_ref idref="oc-3bb"/>
      </symbol>
      <symbol id="sm-5bd">
         <name>__mspabi_slll_14</name>
         <value>0x3114</value>
         <object_component_ref idref="oc-3bb"/>
      </symbol>
      <symbol id="sm-5be">
         <name>__mspabi_slll_13</name>
         <value>0x3118</value>
         <object_component_ref idref="oc-3bb"/>
      </symbol>
      <symbol id="sm-5bf">
         <name>__mspabi_slll_12</name>
         <value>0x311c</value>
         <object_component_ref idref="oc-3bb"/>
      </symbol>
      <symbol id="sm-5c0">
         <name>__mspabi_slll_11</name>
         <value>0x3120</value>
         <object_component_ref idref="oc-3bb"/>
      </symbol>
      <symbol id="sm-5c1">
         <name>__mspabi_slll_10</name>
         <value>0x3124</value>
         <object_component_ref idref="oc-3bb"/>
      </symbol>
      <symbol id="sm-5d1">
         <name>__mspabi_srll_8</name>
         <value>0x2e9c</value>
         <object_component_ref idref="oc-3c0"/>
      </symbol>
      <symbol id="sm-5d2">
         <name>__mspabi_srll_9</name>
         <value>0x2e96</value>
         <object_component_ref idref="oc-3c0"/>
      </symbol>
      <symbol id="sm-5d3">
         <name>__mspabi_srll_6</name>
         <value>0x2ea8</value>
         <object_component_ref idref="oc-3c0"/>
      </symbol>
      <symbol id="sm-5d4">
         <name>__mspabi_srll_7</name>
         <value>0x2ea2</value>
         <object_component_ref idref="oc-3c0"/>
      </symbol>
      <symbol id="sm-5d5">
         <name>__mspabi_srll_4</name>
         <value>0x2eb4</value>
         <object_component_ref idref="oc-3c0"/>
      </symbol>
      <symbol id="sm-5d6">
         <name>__mspabi_srll_5</name>
         <value>0x2eae</value>
         <object_component_ref idref="oc-3c0"/>
      </symbol>
      <symbol id="sm-5d7">
         <name>__mspabi_srll_2</name>
         <value>0x2ec0</value>
         <object_component_ref idref="oc-3c0"/>
      </symbol>
      <symbol id="sm-5d8">
         <name>__mspabi_srll_3</name>
         <value>0x2eba</value>
         <object_component_ref idref="oc-3c0"/>
      </symbol>
      <symbol id="sm-5d9">
         <name>__mspabi_srll_1</name>
         <value>0x2ec6</value>
         <object_component_ref idref="oc-3c0"/>
      </symbol>
      <symbol id="sm-5da">
         <name>__mspabi_srll_15</name>
         <value>0x2e72</value>
         <object_component_ref idref="oc-3c0"/>
      </symbol>
      <symbol id="sm-5db">
         <name>__mspabi_srll_14</name>
         <value>0x2e78</value>
         <object_component_ref idref="oc-3c0"/>
      </symbol>
      <symbol id="sm-5dc">
         <name>__mspabi_srll_13</name>
         <value>0x2e7e</value>
         <object_component_ref idref="oc-3c0"/>
      </symbol>
      <symbol id="sm-5dd">
         <name>__mspabi_srll_12</name>
         <value>0x2e84</value>
         <object_component_ref idref="oc-3c0"/>
      </symbol>
      <symbol id="sm-5de">
         <name>__mspabi_srll_11</name>
         <value>0x2e8a</value>
         <object_component_ref idref="oc-3c0"/>
      </symbol>
      <symbol id="sm-5df">
         <name>__mspabi_srll_10</name>
         <value>0x2e90</value>
         <object_component_ref idref="oc-3c0"/>
      </symbol>
      <symbol id="sm-5e0">
         <name>__mspabi_srll</name>
         <value>0x34f4</value>
         <object_component_ref idref="oc-3d6"/>
      </symbol>
      <symbol id="sm-603">
         <name>__mspabi_addd</name>
         <value>0x144c</value>
         <object_component_ref idref="oc-417"/>
      </symbol>
      <symbol id="sm-624">
         <name>__TI_frcaddd</name>
         <value>0x1ecc</value>
         <object_component_ref idref="oc-480"/>
      </symbol>
      <symbol id="sm-634">
         <name>__TI_frcmpyd</name>
         <value>0x19d8</value>
         <object_component_ref idref="oc-2c8"/>
      </symbol>
      <symbol id="sm-647">
         <name>__TI_renormd</name>
         <value>0x2528</value>
         <object_component_ref idref="oc-4b5"/>
      </symbol>
      <symbol id="sm-657">
         <name>__mspabi_sral</name>
         <value>0x355c</value>
         <object_component_ref idref="oc-4b0"/>
      </symbol>
      <symbol id="sm-658">
         <name>__mspabi_sral_15</name>
         <value>0x30d2</value>
         <object_component_ref idref="oc-3c8"/>
      </symbol>
      <symbol id="sm-659">
         <name>__mspabi_sral_14</name>
         <value>0x30d6</value>
         <object_component_ref idref="oc-3c8"/>
      </symbol>
      <symbol id="sm-65a">
         <name>__mspabi_sral_13</name>
         <value>0x30da</value>
         <object_component_ref idref="oc-3c8"/>
      </symbol>
      <symbol id="sm-65b">
         <name>__mspabi_sral_12</name>
         <value>0x30de</value>
         <object_component_ref idref="oc-3c8"/>
      </symbol>
      <symbol id="sm-65c">
         <name>__mspabi_sral_11</name>
         <value>0x30e2</value>
         <object_component_ref idref="oc-3c8"/>
      </symbol>
      <symbol id="sm-65d">
         <name>__mspabi_sral_10</name>
         <value>0x30e6</value>
         <object_component_ref idref="oc-3c8"/>
      </symbol>
      <symbol id="sm-65e">
         <name>__mspabi_sral_8</name>
         <value>0x30ee</value>
         <object_component_ref idref="oc-3c8"/>
      </symbol>
      <symbol id="sm-65f">
         <name>__mspabi_sral_9</name>
         <value>0x30ea</value>
         <object_component_ref idref="oc-3c8"/>
      </symbol>
      <symbol id="sm-660">
         <name>__mspabi_sral_6</name>
         <value>0x30f6</value>
         <object_component_ref idref="oc-3c8"/>
      </symbol>
      <symbol id="sm-661">
         <name>__mspabi_sral_7</name>
         <value>0x30f2</value>
         <object_component_ref idref="oc-3c8"/>
      </symbol>
      <symbol id="sm-662">
         <name>__mspabi_sral_4</name>
         <value>0x30fe</value>
         <object_component_ref idref="oc-3c8"/>
      </symbol>
      <symbol id="sm-663">
         <name>__mspabi_sral_5</name>
         <value>0x30fa</value>
         <object_component_ref idref="oc-3c8"/>
      </symbol>
      <symbol id="sm-664">
         <name>__mspabi_sral_2</name>
         <value>0x3106</value>
         <object_component_ref idref="oc-3c8"/>
      </symbol>
      <symbol id="sm-665">
         <name>__mspabi_sral_3</name>
         <value>0x3102</value>
         <object_component_ref idref="oc-3c8"/>
      </symbol>
      <symbol id="sm-666">
         <name>__mspabi_sral_1</name>
         <value>0x310a</value>
         <object_component_ref idref="oc-3c8"/>
      </symbol>
   </symbol_table>
   <title>Link successful</title>
</link_info>
