<?xml version="1.0" encoding="ISO-8859-1" ?>
<link_info>
   <banner>MSP430 Linker Unix v18.12.1.LTS</banner>
   <copyright>Copyright (c) 2003-2018 Texas Instruments Incorporated</copyright>
   <link_time>0x65bb6bdc</link_time>
   <link_errors>0x0</link_errors>
   <output_file>frmware_v5_22_1.out</output_file>
   <entry_point>
      <name>_c_int00_noargs</name>
      <address>0x34f0</address>
   </entry_point>
   <input_file_list>
      <input_file id="fl-1">
         <path>./</path>
         <kind>object</kind>
         <file>Relay.obj</file>
         <name>Relay.obj</name>
      </input_file>
      <input_file id="fl-2">
         <path>./</path>
         <kind>object</kind>
         <file>adt7410.obj</file>
         <name>adt7410.obj</name>
      </input_file>
      <input_file id="fl-3">
         <path>./</path>
         <kind>object</kind>
         <file>crc.obj</file>
         <name>crc.obj</name>
      </input_file>
      <input_file id="fl-4">
         <path>./</path>
         <kind>object</kind>
         <file>ltc2327.obj</file>
         <name>ltc2327.obj</name>
      </input_file>
      <input_file id="fl-5">
         <path>./</path>
         <kind>object</kind>
         <file>stat.obj</file>
         <name>stat.obj</name>
      </input_file>
      <input_file id="fl-6">
         <path>./</path>
         <kind>object</kind>
         <file>usart.obj</file>
         <name>usart.obj</name>
      </input_file>
      <input_file id="fl-7">
         <path>./</path>
         <kind>object</kind>
         <file>v5_main.obj</file>
         <name>v5_main.obj</name>
      </input_file>
      <input_file id="fl-8">
         <path>./</path>
         <kind>object</kind>
         <file>wait.obj</file>
         <name>wait.obj</name>
      </input_file>
      <input_file id="fl-9">
         <path>./</path>
         <kind>object</kind>
         <file>xbee.obj</file>
         <name>xbee.obj</name>
      </input_file>
      <input_file id="fl-e">
         <kind>object</kind>
         <file>&lt;internal&gt;</file>
         <name>&lt;internal&gt;</name>
      </input_file>
      <input_file id="fl-24">
         <path>/localhome/calib3/ti/ccs901/ccs/tools/compiler/ti-cgt-msp430_18.12.1.LTS/lib/</path>
         <kind>archive</kind>
         <file>rts430_eabi.lib</file>
         <name>e_sqrtf.c.obj</name>
      </input_file>
      <input_file id="fl-25">
         <path>/localhome/calib3/ti/ccs901/ccs/tools/compiler/ti-cgt-msp430_18.12.1.LTS/lib/</path>
         <kind>archive</kind>
         <file>rts430_eabi.lib</file>
         <name>asr16.asm.obj</name>
      </input_file>
      <input_file id="fl-26">
         <path>/localhome/calib3/ti/ccs901/ccs/tools/compiler/ti-cgt-msp430_18.12.1.LTS/lib/</path>
         <kind>archive</kind>
         <file>rts430_eabi.lib</file>
         <name>div16s.asm.obj</name>
      </input_file>
      <input_file id="fl-27">
         <path>/localhome/calib3/ti/ccs901/ccs/tools/compiler/ti-cgt-msp430_18.12.1.LTS/lib/</path>
         <kind>archive</kind>
         <file>rts430_eabi.lib</file>
         <name>div16u.asm.obj</name>
      </input_file>
      <input_file id="fl-28">
         <path>/localhome/calib3/ti/ccs901/ccs/tools/compiler/ti-cgt-msp430_18.12.1.LTS/lib/</path>
         <kind>archive</kind>
         <file>rts430_eabi.lib</file>
         <name>epilog.asm.obj</name>
      </input_file>
      <input_file id="fl-29">
         <path>/localhome/calib3/ti/ccs901/ccs/tools/compiler/ti-cgt-msp430_18.12.1.LTS/lib/</path>
         <kind>archive</kind>
         <file>rts430_eabi.lib</file>
         <name>fs_add.asm.obj</name>
      </input_file>
      <input_file id="fl-2a">
         <path>/localhome/calib3/ti/ccs901/ccs/tools/compiler/ti-cgt-msp430_18.12.1.LTS/lib/</path>
         <kind>archive</kind>
         <file>rts430_eabi.lib</file>
         <name>fs_div.asm.obj</name>
      </input_file>
      <input_file id="fl-2b">
         <path>/localhome/calib3/ti/ccs901/ccs/tools/compiler/ti-cgt-msp430_18.12.1.LTS/lib/</path>
         <kind>archive</kind>
         <file>rts430_eabi.lib</file>
         <name>fs_itof.asm.obj</name>
      </input_file>
      <input_file id="fl-2c">
         <path>/localhome/calib3/ti/ccs901/ccs/tools/compiler/ti-cgt-msp430_18.12.1.LTS/lib/</path>
         <kind>archive</kind>
         <file>rts430_eabi.lib</file>
         <name>fs_mpy.asm.obj</name>
      </input_file>
      <input_file id="fl-2d">
         <path>/localhome/calib3/ti/ccs901/ccs/tools/compiler/ti-cgt-msp430_18.12.1.LTS/lib/</path>
         <kind>archive</kind>
         <file>rts430_eabi.lib</file>
         <name>fs_toi.asm.obj</name>
      </input_file>
      <input_file id="fl-2e">
         <path>/localhome/calib3/ti/ccs901/ccs/tools/compiler/ti-cgt-msp430_18.12.1.LTS/lib/</path>
         <kind>archive</kind>
         <file>rts430_eabi.lib</file>
         <name>fs_ultof.asm.obj</name>
      </input_file>
      <input_file id="fl-2f">
         <path>/localhome/calib3/ti/ccs901/ccs/tools/compiler/ti-cgt-msp430_18.12.1.LTS/lib/</path>
         <kind>archive</kind>
         <file>rts430_eabi.lib</file>
         <name>int00.asm.obj</name>
      </input_file>
      <input_file id="fl-30">
         <path>/localhome/calib3/ti/ccs901/ccs/tools/compiler/ti-cgt-msp430_18.12.1.LTS/lib/</path>
         <kind>archive</kind>
         <file>rts430_eabi.lib</file>
         <name>int01.asm.obj</name>
      </input_file>
      <input_file id="fl-31">
         <path>/localhome/calib3/ti/ccs901/ccs/tools/compiler/ti-cgt-msp430_18.12.1.LTS/lib/</path>
         <kind>archive</kind>
         <file>rts430_eabi.lib</file>
         <name>int02.asm.obj</name>
      </input_file>
      <input_file id="fl-32">
         <path>/localhome/calib3/ti/ccs901/ccs/tools/compiler/ti-cgt-msp430_18.12.1.LTS/lib/</path>
         <kind>archive</kind>
         <file>rts430_eabi.lib</file>
         <name>int03.asm.obj</name>
      </input_file>
      <input_file id="fl-33">
         <path>/localhome/calib3/ti/ccs901/ccs/tools/compiler/ti-cgt-msp430_18.12.1.LTS/lib/</path>
         <kind>archive</kind>
         <file>rts430_eabi.lib</file>
         <name>int05.asm.obj</name>
      </input_file>
      <input_file id="fl-34">
         <path>/localhome/calib3/ti/ccs901/ccs/tools/compiler/ti-cgt-msp430_18.12.1.LTS/lib/</path>
         <kind>archive</kind>
         <file>rts430_eabi.lib</file>
         <name>int07.asm.obj</name>
      </input_file>
      <input_file id="fl-35">
         <path>/localhome/calib3/ti/ccs901/ccs/tools/compiler/ti-cgt-msp430_18.12.1.LTS/lib/</path>
         <kind>archive</kind>
         <file>rts430_eabi.lib</file>
         <name>int08.asm.obj</name>
      </input_file>
      <input_file id="fl-36">
         <path>/localhome/calib3/ti/ccs901/ccs/tools/compiler/ti-cgt-msp430_18.12.1.LTS/lib/</path>
         <kind>archive</kind>
         <file>rts430_eabi.lib</file>
         <name>int11.asm.obj</name>
      </input_file>
      <input_file id="fl-37">
         <path>/localhome/calib3/ti/ccs901/ccs/tools/compiler/ti-cgt-msp430_18.12.1.LTS/lib/</path>
         <kind>archive</kind>
         <file>rts430_eabi.lib</file>
         <name>int12.asm.obj</name>
      </input_file>
      <input_file id="fl-38">
         <path>/localhome/calib3/ti/ccs901/ccs/tools/compiler/ti-cgt-msp430_18.12.1.LTS/lib/</path>
         <kind>archive</kind>
         <file>rts430_eabi.lib</file>
         <name>int14.asm.obj</name>
      </input_file>
      <input_file id="fl-39">
         <path>/localhome/calib3/ti/ccs901/ccs/tools/compiler/ti-cgt-msp430_18.12.1.LTS/lib/</path>
         <kind>archive</kind>
         <file>rts430_eabi.lib</file>
         <name>isr_trap.asm.obj</name>
      </input_file>
      <input_file id="fl-3a">
         <path>/localhome/calib3/ti/ccs901/ccs/tools/compiler/ti-cgt-msp430_18.12.1.LTS/lib/</path>
         <kind>archive</kind>
         <file>rts430_eabi.lib</file>
         <name>lsl16.asm.obj</name>
      </input_file>
      <input_file id="fl-3b">
         <path>/localhome/calib3/ti/ccs901/ccs/tools/compiler/ti-cgt-msp430_18.12.1.LTS/lib/</path>
         <kind>archive</kind>
         <file>rts430_eabi.lib</file>
         <name>lsr16.asm.obj</name>
      </input_file>
      <input_file id="fl-3c">
         <path>/localhome/calib3/ti/ccs901/ccs/tools/compiler/ti-cgt-msp430_18.12.1.LTS/lib/</path>
         <kind>archive</kind>
         <file>rts430_eabi.lib</file>
         <name>mult16.asm.obj</name>
      </input_file>
      <input_file id="fl-3d">
         <path>/localhome/calib3/ti/ccs901/ccs/tools/compiler/ti-cgt-msp430_18.12.1.LTS/lib/</path>
         <kind>archive</kind>
         <file>rts430_eabi.lib</file>
         <name>mult16_hw.asm.obj</name>
      </input_file>
      <input_file id="fl-3e">
         <path>/localhome/calib3/ti/ccs901/ccs/tools/compiler/ti-cgt-msp430_18.12.1.LTS/lib/</path>
         <kind>archive</kind>
         <file>rts430_eabi.lib</file>
         <name>mult1632.asm.obj</name>
      </input_file>
      <input_file id="fl-3f">
         <path>/localhome/calib3/ti/ccs901/ccs/tools/compiler/ti-cgt-msp430_18.12.1.LTS/lib/</path>
         <kind>archive</kind>
         <file>rts430_eabi.lib</file>
         <name>mult1632_hw.asm.obj</name>
      </input_file>
      <input_file id="fl-40">
         <path>/localhome/calib3/ti/ccs901/ccs/tools/compiler/ti-cgt-msp430_18.12.1.LTS/lib/</path>
         <kind>archive</kind>
         <file>rts430_eabi.lib</file>
         <name>mult32.asm.obj</name>
      </input_file>
      <input_file id="fl-41">
         <path>/localhome/calib3/ti/ccs901/ccs/tools/compiler/ti-cgt-msp430_18.12.1.LTS/lib/</path>
         <kind>archive</kind>
         <file>rts430_eabi.lib</file>
         <name>mult32_hw.asm.obj</name>
      </input_file>
      <input_file id="fl-42">
         <path>/localhome/calib3/ti/ccs901/ccs/tools/compiler/ti-cgt-msp430_18.12.1.LTS/lib/</path>
         <kind>archive</kind>
         <file>rts430_eabi.lib</file>
         <name>mult3264_hw.asm.obj</name>
      </input_file>
      <input_file id="fl-43">
         <path>/localhome/calib3/ti/ccs901/ccs/tools/compiler/ti-cgt-msp430_18.12.1.LTS/lib/</path>
         <kind>archive</kind>
         <file>rts430_eabi.lib</file>
         <name>mult64_hw.asm.obj</name>
      </input_file>
      <input_file id="fl-44">
         <path>/localhome/calib3/ti/ccs901/ccs/tools/compiler/ti-cgt-msp430_18.12.1.LTS/lib/</path>
         <kind>archive</kind>
         <file>rts430_eabi.lib</file>
         <name>boot.c.obj</name>
      </input_file>
      <input_file id="fl-45">
         <path>/localhome/calib3/ti/ccs901/ccs/tools/compiler/ti-cgt-msp430_18.12.1.LTS/lib/</path>
         <kind>archive</kind>
         <file>rts430_eabi.lib</file>
         <name>autoinit.c.obj</name>
      </input_file>
      <input_file id="fl-46">
         <path>/localhome/calib3/ti/ccs901/ccs/tools/compiler/ti-cgt-msp430_18.12.1.LTS/lib/</path>
         <kind>archive</kind>
         <file>rts430_eabi.lib</file>
         <name>copy_zero_init.c.obj</name>
      </input_file>
      <input_file id="fl-47">
         <path>/localhome/calib3/ti/ccs901/ccs/tools/compiler/ti-cgt-msp430_18.12.1.LTS/lib/</path>
         <kind>archive</kind>
         <file>rts430_eabi.lib</file>
         <name>cpy_tbl.c.obj</name>
      </input_file>
      <input_file id="fl-48">
         <path>/localhome/calib3/ti/ccs901/ccs/tools/compiler/ti-cgt-msp430_18.12.1.LTS/lib/</path>
         <kind>archive</kind>
         <file>rts430_eabi.lib</file>
         <name>mpu_init.c.obj</name>
      </input_file>
      <input_file id="fl-49">
         <path>/localhome/calib3/ti/ccs901/ccs/tools/compiler/ti-cgt-msp430_18.12.1.LTS/lib/</path>
         <kind>archive</kind>
         <file>rts430_eabi.lib</file>
         <name>lsr64.c.obj</name>
      </input_file>
      <input_file id="fl-4a">
         <path>/localhome/calib3/ti/ccs901/ccs/tools/compiler/ti-cgt-msp430_18.12.1.LTS/lib/</path>
         <kind>archive</kind>
         <file>rts430_eabi.lib</file>
         <name>pre_init.c.obj</name>
      </input_file>
      <input_file id="fl-4b">
         <path>/localhome/calib3/ti/ccs901/ccs/tools/compiler/ti-cgt-msp430_18.12.1.LTS/lib/</path>
         <kind>archive</kind>
         <file>rts430_eabi.lib</file>
         <name>startup.c.obj</name>
      </input_file>
      <input_file id="fl-4c">
         <path>/localhome/calib3/ti/ccs901/ccs/tools/compiler/ti-cgt-msp430_18.12.1.LTS/lib/</path>
         <kind>archive</kind>
         <file>rts430_eabi.lib</file>
         <name>copy_decompress_none.c.obj</name>
      </input_file>
      <input_file id="fl-4d">
         <path>/localhome/calib3/ti/ccs901/ccs/tools/compiler/ti-cgt-msp430_18.12.1.LTS/lib/</path>
         <kind>archive</kind>
         <file>rts430_eabi.lib</file>
         <name>copy_decompress_lzss.c.obj</name>
      </input_file>
      <input_file id="fl-4e">
         <path>/localhome/calib3/ti/ccs901/ccs/tools/compiler/ti-cgt-msp430_18.12.1.LTS/lib/</path>
         <kind>archive</kind>
         <file>rts430_eabi.lib</file>
         <name>cvtdf.c.obj</name>
      </input_file>
      <input_file id="fl-4f">
         <path>/localhome/calib3/ti/ccs901/ccs/tools/compiler/ti-cgt-msp430_18.12.1.LTS/lib/</path>
         <kind>archive</kind>
         <file>rts430_eabi.lib</file>
         <name>fixdu.c.obj</name>
      </input_file>
      <input_file id="fl-50">
         <path>/localhome/calib3/ti/ccs901/ccs/tools/compiler/ti-cgt-msp430_18.12.1.LTS/lib/</path>
         <kind>archive</kind>
         <file>rts430_eabi.lib</file>
         <name>fixdul.c.obj</name>
      </input_file>
      <input_file id="fl-51">
         <path>/localhome/calib3/ti/ccs901/ccs/tools/compiler/ti-cgt-msp430_18.12.1.LTS/lib/</path>
         <kind>archive</kind>
         <file>rts430_eabi.lib</file>
         <name>fltid.c.obj</name>
      </input_file>
      <input_file id="fl-52">
         <path>/localhome/calib3/ti/ccs901/ccs/tools/compiler/ti-cgt-msp430_18.12.1.LTS/lib/</path>
         <kind>archive</kind>
         <file>rts430_eabi.lib</file>
         <name>fltlid.c.obj</name>
      </input_file>
      <input_file id="fl-53">
         <path>/localhome/calib3/ti/ccs901/ccs/tools/compiler/ti-cgt-msp430_18.12.1.LTS/lib/</path>
         <kind>archive</kind>
         <file>rts430_eabi.lib</file>
         <name>fltud.c.obj</name>
      </input_file>
      <input_file id="fl-54">
         <path>/localhome/calib3/ti/ccs901/ccs/tools/compiler/ti-cgt-msp430_18.12.1.LTS/lib/</path>
         <kind>archive</kind>
         <file>rts430_eabi.lib</file>
         <name>fltuld.c.obj</name>
      </input_file>
      <input_file id="fl-55">
         <path>/localhome/calib3/ti/ccs901/ccs/tools/compiler/ti-cgt-msp430_18.12.1.LTS/lib/</path>
         <kind>archive</kind>
         <file>rts430_eabi.lib</file>
         <name>mpyd.c.obj</name>
      </input_file>
      <input_file id="fl-56">
         <path>/localhome/calib3/ti/ccs901/ccs/tools/compiler/ti-cgt-msp430_18.12.1.LTS/lib/</path>
         <kind>archive</kind>
         <file>rts430_eabi.lib</file>
         <name>subd.c.obj</name>
      </input_file>
      <input_file id="fl-57">
         <path>/localhome/calib3/ti/ccs901/ccs/tools/compiler/ti-cgt-msp430_18.12.1.LTS/lib/</path>
         <kind>archive</kind>
         <file>rts430_eabi.lib</file>
         <name>exit.c.obj</name>
      </input_file>
      <input_file id="fl-58">
         <path>/localhome/calib3/ti/ccs901/ccs/tools/compiler/ti-cgt-msp430_18.12.1.LTS/lib/</path>
         <kind>archive</kind>
         <file>rts430_eabi.lib</file>
         <name>_lock.c.obj</name>
      </input_file>
      <input_file id="fl-59">
         <path>/localhome/calib3/ti/ccs901/ccs/tools/compiler/ti-cgt-msp430_18.12.1.LTS/lib/</path>
         <kind>archive</kind>
         <file>rts430_eabi.lib</file>
         <name>args_main.c.obj</name>
      </input_file>
      <input_file id="fl-5a">
         <path>/localhome/calib3/ti/ccs901/ccs/tools/compiler/ti-cgt-msp430_18.12.1.LTS/lib/</path>
         <kind>archive</kind>
         <file>rts430_eabi.lib</file>
         <name>memcpy.c.obj</name>
      </input_file>
      <input_file id="fl-5b">
         <path>/localhome/calib3/ti/ccs901/ccs/tools/compiler/ti-cgt-msp430_18.12.1.LTS/lib/</path>
         <kind>archive</kind>
         <file>rts430_eabi.lib</file>
         <name>errno.c.obj</name>
      </input_file>
      <input_file id="fl-5c">
         <path>/localhome/calib3/ti/ccs901/ccs/tools/compiler/ti-cgt-msp430_18.12.1.LTS/lib/</path>
         <kind>archive</kind>
         <file>rts430_eabi.lib</file>
         <name>lsl32.asm.obj</name>
      </input_file>
      <input_file id="fl-5d">
         <path>/localhome/calib3/ti/ccs901/ccs/tools/compiler/ti-cgt-msp430_18.12.1.LTS/lib/</path>
         <kind>archive</kind>
         <file>rts430_eabi.lib</file>
         <name>lsr32.asm.obj</name>
      </input_file>
      <input_file id="fl-5e">
         <path>/localhome/calib3/ti/ccs901/ccs/tools/compiler/ti-cgt-msp430_18.12.1.LTS/lib/</path>
         <kind>archive</kind>
         <file>rts430_eabi.lib</file>
         <name>exit_gvars.c.obj</name>
      </input_file>
      <input_file id="fl-5f">
         <path>/localhome/calib3/ti/ccs901/ccs/tools/compiler/ti-cgt-msp430_18.12.1.LTS/lib/</path>
         <kind>archive</kind>
         <file>rts430_eabi.lib</file>
         <name>addd.c.obj</name>
      </input_file>
      <input_file id="fl-60">
         <path>/localhome/calib3/ti/ccs901/ccs/tools/compiler/ti-cgt-msp430_18.12.1.LTS/lib/</path>
         <kind>archive</kind>
         <file>rts430_eabi.lib</file>
         <name>frcaddd.c.obj</name>
      </input_file>
      <input_file id="fl-61">
         <path>/localhome/calib3/ti/ccs901/ccs/tools/compiler/ti-cgt-msp430_18.12.1.LTS/lib/</path>
         <kind>archive</kind>
         <file>rts430_eabi.lib</file>
         <name>frcmpyd.c.obj</name>
      </input_file>
      <input_file id="fl-62">
         <path>/localhome/calib3/ti/ccs901/ccs/tools/compiler/ti-cgt-msp430_18.12.1.LTS/lib/</path>
         <kind>archive</kind>
         <file>rts430_eabi.lib</file>
         <name>renormd.c.obj</name>
      </input_file>
      <input_file id="fl-63">
         <path>/localhome/calib3/ti/ccs901/ccs/tools/compiler/ti-cgt-msp430_18.12.1.LTS/lib/</path>
         <kind>archive</kind>
         <file>rts430_eabi.lib</file>
         <name>asr32.asm.obj</name>
      </input_file>
   </input_file_list>
   <object_component_list>
      <object_component id="oc-308">
         <name>.common:checksum</name>
         <uninitialized>true</uninitialized>
         <run_address>0x31a</run_address>
         <size>0x1</size>
      </object_component>
      <object_component id="oc-1bc">
         <name>.common:message</name>
         <uninitialized>true</uninitialized>
         <run_address>0x300</run_address>
         <size>0x1a</size>
      </object_component>
      <object_component id="oc-36d">
         <name>.common:mem</name>
         <uninitialized>true</uninitialized>
         <run_address>0x200</run_address>
         <size>0x100</size>
      </object_component>
      <object_component id="oc-37f">
         <name>.data:__nan_union</name>
         <load_address>0x328</load_address>
         <run_address>0x328</run_address>
         <size>0x4</size>
         <input_file_ref idref="fl-7"/>
      </object_component>
      <object_component id="oc-199">
         <name>.data</name>
         <load_address>0x31c</load_address>
         <run_address>0x31c</run_address>
         <size>0xc</size>
         <input_file_ref idref="fl-7"/>
      </object_component>
      <object_component id="oc-1cd">
         <name>.data</name>
         <load_address>0x332</load_address>
         <run_address>0x332</run_address>
         <size>0x2</size>
         <input_file_ref idref="fl-8"/>
      </object_component>
      <object_component id="oc-2ed">
         <name>.data</name>
         <load_address>0x32c</load_address>
         <run_address>0x32c</run_address>
         <size>0x3</size>
         <input_file_ref idref="fl-9"/>
      </object_component>
      <object_component id="oc-491">
         <name>.data</name>
         <load_address>0x330</load_address>
         <run_address>0x330</run_address>
         <size>0x2</size>
         <input_file_ref idref="fl-5b"/>
      </object_component>
      <object_component id="oc-f5">
         <name>.stack</name>
         <uninitialized>true</uninitialized>
         <run_address>0x9b0</run_address>
         <size>0x2</size>
         <input_file_ref idref="fl-44"/>
      </object_component>
      <object_component id="oc-510">
         <name>.stack</name>
         <uninitialized>true</uninitialized>
         <run_address>0x9b0</run_address>
         <size>0x0</size>
      </object_component>
      <object_component id="oc-275">
         <name>.text:taking_data_long</name>
         <load_address>0x1100</load_address>
         <run_address>0x1100</run_address>
         <size>0x350</size>
         <input_file_ref idref="fl-7"/>
      </object_component>
      <object_component id="oc-417">
         <name>.text:__mspabi_addd</name>
         <load_address>0x1450</load_address>
         <run_address>0x1450</run_address>
         <size>0x2fa</size>
         <input_file_ref idref="fl-5f"/>
      </object_component>
      <object_component id="oc-26f">
         <name>.text:taking_data_short</name>
         <load_address>0x174a</load_address>
         <run_address>0x174a</run_address>
         <size>0x296</size>
         <input_file_ref idref="fl-7"/>
      </object_component>
      <object_component id="oc-2c8">
         <name>.text:__TI_frcmpyd</name>
         <load_address>0x19e0</load_address>
         <run_address>0x19e0</run_address>
         <size>0x286</size>
         <input_file_ref idref="fl-61"/>
      </object_component>
      <object_component id="oc-20e">
         <name>.text:__mspabi_mpyd</name>
         <load_address>0x1c66</load_address>
         <run_address>0x1c66</run_address>
         <size>0x26e</size>
         <input_file_ref idref="fl-55"/>
      </object_component>
      <object_component id="oc-480">
         <name>.text:__TI_frcaddd</name>
         <load_address>0x1ed4</load_address>
         <run_address>0x1ed4</run_address>
         <size>0x260</size>
         <input_file_ref idref="fl-60"/>
      </object_component>
      <object_component id="oc-438">
         <name>.text:sqrtf</name>
         <load_address>0x2134</load_address>
         <run_address>0x2134</run_address>
         <size>0x13c</size>
         <input_file_ref idref="fl-24"/>
      </object_component>
      <object_component id="oc-433">
         <name>.text</name>
         <load_address>0x2270</load_address>
         <run_address>0x2270</run_address>
         <size>0x132</size>
         <input_file_ref idref="fl-29"/>
      </object_component>
      <object_component id="oc-340">
         <name>.text:temperature_sensor_read</name>
         <load_address>0x23a2</load_address>
         <run_address>0x23a2</run_address>
         <size>0xde</size>
         <input_file_ref idref="fl-2"/>
      </object_component>
      <object_component id="oc-1c5">
         <name>.text:set_mode</name>
         <load_address>0x2480</load_address>
         <run_address>0x2480</run_address>
         <size>0xce</size>
         <input_file_ref idref="fl-1"/>
      </object_component>
      <object_component id="oc-35d">
         <name>.text</name>
         <load_address>0x254e</load_address>
         <run_address>0x254e</run_address>
         <size>0xc4</size>
         <input_file_ref idref="fl-2c"/>
      </object_component>
      <object_component id="oc-4b5">
         <name>.text:__TI_renormd</name>
         <load_address>0x2612</load_address>
         <run_address>0x2612</run_address>
         <size>0xbe</size>
         <input_file_ref idref="fl-62"/>
      </object_component>
      <object_component id="oc-410">
         <name>.text:__mspabi_fltlid</name>
         <load_address>0x26d0</load_address>
         <run_address>0x26d0</run_address>
         <size>0xac</size>
         <input_file_ref idref="fl-52"/>
      </object_component>
      <object_component id="oc-42c">
         <name>.text</name>
         <load_address>0x277c</load_address>
         <run_address>0x277c</run_address>
         <size>0x9c</size>
         <input_file_ref idref="fl-2a"/>
      </object_component>
      <object_component id="oc-125">
         <name>.text:port1_isr</name>
         <load_address>0x2818</load_address>
         <run_address>0x2818</run_address>
         <size>0x98</size>
         <input_file_ref idref="fl-1"/>
      </object_component>
      <object_component id="oc-33a">
         <name>.text:temperature_sensor_write</name>
         <load_address>0x28b0</load_address>
         <run_address>0x28b0</run_address>
         <size>0x98</size>
         <input_file_ref idref="fl-2"/>
      </object_component>
      <object_component id="oc-379">
         <name>.text:sd</name>
         <load_address>0x2948</load_address>
         <run_address>0x2948</run_address>
         <size>0x92</size>
         <input_file_ref idref="fl-5"/>
      </object_component>
      <object_component id="oc-352">
         <name>.text:__mspabi_cvtdf</name>
         <load_address>0x29da</load_address>
         <run_address>0x29da</run_address>
         <size>0x8c</size>
         <input_file_ref idref="fl-4e"/>
      </object_component>
      <object_component id="oc-2bc">
         <name>.text:__mspabi_fltuld</name>
         <load_address>0x2a66</load_address>
         <run_address>0x2a66</run_address>
         <size>0x8a</size>
         <input_file_ref idref="fl-54"/>
      </object_component>
      <object_component id="oc-248">
         <name>.text:tx_request</name>
         <load_address>0x2af0</load_address>
         <run_address>0x2af0</run_address>
         <size>0x82</size>
         <input_file_ref idref="fl-9"/>
      </object_component>
      <object_component id="oc-33">
         <name>.text:decompress:lzss:__TI_decompress_lzss</name>
         <load_address>0x2b72</load_address>
         <run_address>0x2b72</run_address>
         <size>0x7c</size>
         <input_file_ref idref="fl-4d"/>
      </object_component>
      <object_component id="oc-1bf">
         <name>.text:rx_request</name>
         <load_address>0x2bee</load_address>
         <run_address>0x2bee</run_address>
         <size>0x7c</size>
         <input_file_ref idref="fl-9"/>
      </object_component>
      <object_component id="oc-2d5">
         <name>.text:__mspabi_fixdul</name>
         <load_address>0x2c6a</load_address>
         <run_address>0x2c6a</run_address>
         <size>0x74</size>
         <input_file_ref idref="fl-50"/>
      </object_component>
      <object_component id="oc-382">
         <name>.text</name>
         <load_address>0x2cde</load_address>
         <run_address>0x2cde</run_address>
         <size>0x68</size>
         <input_file_ref idref="fl-2d"/>
      </object_component>
      <object_component id="oc-314">
         <name>.text:relay_setup</name>
         <load_address>0x2d46</load_address>
         <run_address>0x2d46</run_address>
         <size>0x66</size>
         <input_file_ref idref="fl-1"/>
      </object_component>
      <object_component id="oc-1b4">
         <name>.text:schedule</name>
         <load_address>0x2dac</load_address>
         <run_address>0x2dac</run_address>
         <size>0x66</size>
         <input_file_ref idref="fl-8"/>
      </object_component>
      <object_component id="oc-131">
         <name>.text:setup_isr</name>
         <load_address>0x2e12</load_address>
         <run_address>0x2e12</run_address>
         <size>0x64</size>
         <input_file_ref idref="fl-9"/>
      </object_component>
      <object_component id="oc-1df">
         <name>.text:main</name>
         <load_address>0x2e76</load_address>
         <run_address>0x2e76</run_address>
         <size>0x62</size>
         <input_file_ref idref="fl-7"/>
      </object_component>
      <object_component id="oc-3c0">
         <name>.text:l_lsr_const</name>
         <load_address>0x2ed8</load_address>
         <run_address>0x2ed8</run_address>
         <size>0x5c</size>
         <input_file_ref idref="fl-5d"/>
      </object_component>
      <object_component id="oc-23f">
         <name>.text:message_decode</name>
         <load_address>0x2f34</load_address>
         <run_address>0x2f34</run_address>
         <size>0x5c</size>
         <input_file_ref idref="fl-9"/>
      </object_component>
      <object_component id="oc-367">
         <name>.text:clock_bits</name>
         <load_address>0x2f90</load_address>
         <run_address>0x2f90</run_address>
         <size>0x4e</size>
         <input_file_ref idref="fl-4"/>
      </object_component>
      <object_component id="oc-fe">
         <name>.text</name>
         <load_address>0x2fde</load_address>
         <run_address>0x2fde</run_address>
         <size>0x4c</size>
         <input_file_ref idref="fl-3b"/>
      </object_component>
      <object_component id="oc-1a8">
         <name>.text:wait</name>
         <load_address>0x302a</load_address>
         <run_address>0x302a</run_address>
         <size>0x48</size>
         <input_file_ref idref="fl-8"/>
      </object_component>
      <object_component id="oc-263">
         <name>.text:usart_setup</name>
         <load_address>0x3072</load_address>
         <run_address>0x3072</run_address>
         <size>0x46</size>
         <input_file_ref idref="fl-6"/>
      </object_component>
      <object_component id="oc-3f6">
         <name>.text:clock_out</name>
         <load_address>0x30b8</load_address>
         <run_address>0x30b8</run_address>
         <size>0x44</size>
         <input_file_ref idref="fl-2"/>
      </object_component>
      <object_component id="oc-289">
         <name>.text:__TI_auto_init_nobinit_nopinit:__TI_auto_init_nobinit_nopinit</name>
         <load_address>0x30fc</load_address>
         <run_address>0x30fc</run_address>
         <size>0x42</size>
         <input_file_ref idref="fl-45"/>
      </object_component>
      <object_component id="oc-3c8">
         <name>.text:l_asr_const</name>
         <load_address>0x313e</load_address>
         <run_address>0x313e</run_address>
         <size>0x3e</size>
         <input_file_ref idref="fl-63"/>
      </object_component>
      <object_component id="oc-3bb">
         <name>.text:l_lsl_const</name>
         <load_address>0x317c</load_address>
         <run_address>0x317c</run_address>
         <size>0x3e</size>
         <input_file_ref idref="fl-5c"/>
      </object_component>
      <object_component id="oc-426">
         <name>.text:sum</name>
         <load_address>0x31ba</load_address>
         <run_address>0x31ba</run_address>
         <size>0x3e</size>
         <input_file_ref idref="fl-5"/>
      </object_component>
      <object_component id="oc-373">
         <name>.text:mean</name>
         <load_address>0x31f8</load_address>
         <run_address>0x31f8</run_address>
         <size>0x38</size>
         <input_file_ref idref="fl-5"/>
      </object_component>
      <object_component id="oc-409">
         <name>.text:clock_in</name>
         <load_address>0x3230</load_address>
         <run_address>0x3230</run_address>
         <size>0x36</size>
         <input_file_ref idref="fl-2"/>
      </object_component>
      <object_component id="oc-358">
         <name>.text</name>
         <load_address>0x3266</load_address>
         <run_address>0x3266</run_address>
         <size>0x36</size>
         <input_file_ref idref="fl-2b"/>
      </object_component>
      <object_component id="oc-25d">
         <name>.text:port_setup</name>
         <load_address>0x329c</load_address>
         <run_address>0x329c</run_address>
         <size>0x34</size>
         <input_file_ref idref="fl-7"/>
      </object_component>
      <object_component id="oc-36e">
         <name>.text</name>
         <load_address>0x32d0</load_address>
         <run_address>0x32d0</run_address>
         <size>0x32</size>
         <input_file_ref idref="fl-2e"/>
      </object_component>
      <object_component id="oc-34c">
         <name>.text:__mspabi_subd</name>
         <load_address>0x3302</load_address>
         <run_address>0x3302</run_address>
         <size>0x2e</size>
         <input_file_ref idref="fl-56"/>
      </object_component>
      <object_component id="oc-31a">
         <name>.text:adc_setup</name>
         <load_address>0x3330</load_address>
         <run_address>0x3330</run_address>
         <size>0x2e</size>
         <input_file_ref idref="fl-4"/>
      </object_component>
      <object_component id="oc-257">
         <name>.text:clock_setup</name>
         <load_address>0x335e</load_address>
         <run_address>0x335e</run_address>
         <size>0x2e</size>
         <input_file_ref idref="fl-8"/>
      </object_component>
      <object_component id="oc-3cd">
         <name>.text</name>
         <load_address>0x338c</load_address>
         <run_address>0x338c</run_address>
         <size>0x2e</size>
         <input_file_ref idref="fl-41"/>
      </object_component>
      <object_component id="oc-2c3">
         <name>.text</name>
         <load_address>0x33ba</load_address>
         <run_address>0x33ba</run_address>
         <size>0x2c</size>
         <input_file_ref idref="fl-25"/>
      </object_component>
      <object_component id="oc-335">
         <name>.text</name>
         <load_address>0x33e6</load_address>
         <run_address>0x33e6</run_address>
         <size>0x2c</size>
         <input_file_ref idref="fl-26"/>
      </object_component>
      <object_component id="oc-f9">
         <name>.text</name>
         <load_address>0x3412</load_address>
         <run_address>0x3412</run_address>
         <size>0x2c</size>
         <input_file_ref idref="fl-3a"/>
      </object_component>
      <object_component id="oc-3fc">
         <name>.text:check_ack</name>
         <load_address>0x343e</load_address>
         <run_address>0x343e</run_address>
         <size>0x2a</size>
         <input_file_ref idref="fl-2"/>
      </object_component>
      <object_component id="oc-2f6">
         <name>.text:usart_send_word_msb_first</name>
         <load_address>0x3468</load_address>
         <run_address>0x3468</run_address>
         <size>0x28</size>
         <input_file_ref idref="fl-6"/>
      </object_component>
      <object_component id="oc-302">
         <name>.text:usart_send_msg</name>
         <load_address>0x3490</load_address>
         <run_address>0x3490</run_address>
         <size>0x22</size>
         <input_file_ref idref="fl-6"/>
      </object_component>
      <object_component id="oc-13d">
         <name>.text:timerB0_irq</name>
         <load_address>0x34b2</load_address>
         <run_address>0x34b2</run_address>
         <size>0x20</size>
         <input_file_ref idref="fl-8"/>
      </object_component>
      <object_component id="oc-32c">
         <name>.text:Reed_setup</name>
         <load_address>0x34d2</load_address>
         <run_address>0x34d2</run_address>
         <size>0x1e</size>
         <input_file_ref idref="fl-1"/>
      </object_component>
      <object_component id="oc-155">
         <name>.text:_c_int00_noargs</name>
         <load_address>0x34f0</load_address>
         <run_address>0x34f0</run_address>
         <size>0x1c</size>
         <input_file_ref idref="fl-44"/>
      </object_component>
      <object_component id="oc-320">
         <name>.text:temperature_sensor_setup</name>
         <load_address>0x350c</load_address>
         <run_address>0x350c</run_address>
         <size>0x1a</size>
         <input_file_ref idref="fl-2"/>
      </object_component>
      <object_component id="oc-3f0">
         <name>.text</name>
         <load_address>0x3526</load_address>
         <run_address>0x3526</run_address>
         <size>0x16</size>
         <input_file_ref idref="fl-27"/>
      </object_component>
      <object_component id="oc-402">
         <name>.text:CLOCK</name>
         <load_address>0x353c</load_address>
         <run_address>0x353c</run_address>
         <size>0x14</size>
         <input_file_ref idref="fl-2"/>
      </object_component>
      <object_component id="oc-143">
         <name>.text:decompress:ZI:__TI_zero_init_nomemset:__TI_zero_init_nomemset</name>
         <load_address>0x3550</load_address>
         <run_address>0x3550</run_address>
         <size>0x14</size>
         <input_file_ref idref="fl-46"/>
      </object_component>
      <object_component id="oc-362">
         <name>.text</name>
         <load_address>0x3564</load_address>
         <run_address>0x3564</run_address>
         <size>0x14</size>
         <input_file_ref idref="fl-3d"/>
      </object_component>
      <object_component id="oc-214">
         <name>.text:__mspabi_fixdu</name>
         <load_address>0x3578</load_address>
         <run_address>0x3578</run_address>
         <size>0x12</size>
         <input_file_ref idref="fl-4f"/>
      </object_component>
      <object_component id="oc-39">
         <name>.text:decompress:none:__TI_decompress_none</name>
         <load_address>0x358a</load_address>
         <run_address>0x358a</run_address>
         <size>0x12</size>
         <input_file_ref idref="fl-4c"/>
      </object_component>
      <object_component id="oc-3d6">
         <name>.text:l_lsr</name>
         <load_address>0x359c</load_address>
         <run_address>0x359c</run_address>
         <size>0x12</size>
         <input_file_ref idref="fl-5d"/>
      </object_component>
      <object_component id="oc-113">
         <name>.text:memcpy</name>
         <load_address>0x35ae</load_address>
         <run_address>0x35ae</run_address>
         <size>0x12</size>
         <input_file_ref idref="fl-5a"/>
      </object_component>
      <object_component id="oc-12b">
         <name>.text:timerA0_irq</name>
         <load_address>0x35c0</load_address>
         <run_address>0x35c0</run_address>
         <size>0x12</size>
         <input_file_ref idref="fl-8"/>
      </object_component>
      <object_component id="oc-1a2">
         <name>.text:SLEEP</name>
         <load_address>0x35d2</load_address>
         <run_address>0x35d2</run_address>
         <size>0x10</size>
         <input_file_ref idref="fl-9"/>
      </object_component>
      <object_component id="oc-4b0">
         <name>.text:l_asr</name>
         <load_address>0x35e2</load_address>
         <run_address>0x35e2</run_address>
         <size>0x10</size>
         <input_file_ref idref="fl-63"/>
      </object_component>
      <object_component id="oc-4ab">
         <name>.text:l_lsl</name>
         <load_address>0x35f2</load_address>
         <run_address>0x35f2</run_address>
         <size>0x10</size>
         <input_file_ref idref="fl-5c"/>
      </object_component>
      <object_component id="oc-103">
         <name>.text</name>
         <load_address>0x3602</load_address>
         <run_address>0x3602</run_address>
         <size>0x10</size>
         <input_file_ref idref="fl-28"/>
      </object_component>
      <object_component id="oc-2f0">
         <name>.text:usart_send_byte</name>
         <load_address>0x3612</load_address>
         <run_address>0x3612</run_address>
         <size>0x10</size>
         <input_file_ref idref="fl-6"/>
      </object_component>
      <object_component id="oc-1ae">
         <name>.text:activate_relay_irq</name>
         <load_address>0x3622</load_address>
         <run_address>0x3622</run_address>
         <size>0xe</size>
         <input_file_ref idref="fl-1"/>
      </object_component>
      <object_component id="oc-346">
         <name>.text:__mspabi_fltid</name>
         <load_address>0x3630</load_address>
         <run_address>0x3630</run_address>
         <size>0xc</size>
         <input_file_ref idref="fl-51"/>
      </object_component>
      <object_component id="oc-326">
         <name>.text:xbee_setup</name>
         <load_address>0x363c</load_address>
         <run_address>0x363c</run_address>
         <size>0xc</size>
         <input_file_ref idref="fl-9"/>
      </object_component>
      <object_component id="oc-120">
         <name>.text:_isr:__TI_ISR_TRAP</name>
         <load_address>0x3648</load_address>
         <run_address>0x3648</run_address>
         <size>0x8</size>
         <input_file_ref idref="fl-39"/>
      </object_component>
      <object_component id="oc-19c">
         <name>.text:debug_led_off</name>
         <load_address>0x3650</load_address>
         <run_address>0x3650</run_address>
         <size>0x8</size>
         <input_file_ref idref="fl-7"/>
      </object_component>
      <object_component id="oc-269">
         <name>.text:debug_led_on</name>
         <load_address>0x3658</load_address>
         <run_address>0x3658</run_address>
         <size>0x8</size>
         <input_file_ref idref="fl-7"/>
      </object_component>
      <object_component id="oc-208">
         <name>.text:__mspabi_fltud</name>
         <load_address>0x3660</load_address>
         <run_address>0x3660</run_address>
         <size>0x6</size>
         <input_file_ref idref="fl-53"/>
      </object_component>
      <object_component id="oc-27d">
         <name>.text:abort</name>
         <load_address>0x3666</load_address>
         <run_address>0x3666</run_address>
         <size>0x6</size>
         <input_file_ref idref="fl-57"/>
      </object_component>
      <object_component id="oc-2fc">
         <name>.text:usart_reset_checksum</name>
         <load_address>0x366c</load_address>
         <run_address>0x366c</run_address>
         <size>0x6</size>
         <input_file_ref idref="fl-6"/>
      </object_component>
      <object_component id="oc-137">
         <name>.text:watchdog_timer</name>
         <load_address>0x3672</load_address>
         <run_address>0x3672</run_address>
         <size>0x6</size>
         <input_file_ref idref="fl-8"/>
      </object_component>
      <object_component id="oc-1d9">
         <name>.text:_system_pre_init</name>
         <load_address>0x3678</load_address>
         <run_address>0x3678</run_address>
         <size>0x4</size>
         <input_file_ref idref="fl-4a"/>
      </object_component>
      <object_component id="oc-39a">
         <name>.text:_system_post_cinit</name>
         <load_address>0x367c</load_address>
         <run_address>0x367c</run_address>
         <size>0x2</size>
         <input_file_ref idref="fl-4b"/>
      </object_component>
      <object_component id="oc-50f">
         <name>.cinit..data.load</name>
         <load_address>0x3684</load_address>
         <run_address>0x3684</run_address>
         <size>0x10</size>
      </object_component>
      <object_component id="oc-50c">
         <name>__TI_handler_table</name>
         <load_address>0x3694</load_address>
         <run_address>0x3694</run_address>
         <size>0x6</size>
      </object_component>
      <object_component id="oc-50e">
         <name>.cinit..bss.load</name>
         <load_address>0x369a</load_address>
         <run_address>0x369a</run_address>
         <size>0x4</size>
      </object_component>
      <object_component id="oc-50d">
         <name>__TI_cinit_table</name>
         <load_address>0x369e</load_address>
         <run_address>0x369e</run_address>
         <size>0x8</size>
      </object_component>
      <object_component id="oc-245">
         <name>.const:.string:$P$T0$1</name>
         <load_address>0x367e</load_address>
         <run_address>0x367e</run_address>
         <size>0x5</size>
         <input_file_ref idref="fl-9"/>
      </object_component>
      <object_component id="oc-4d1">
         <name>.binit</name>
         <load_address>0x1100</load_address>
         <run_address>0x1100</run_address>
         <size>0x0</size>
      </object_component>
      <object_component id="oc-3f">
         <name>.int00</name>
         <load_address>0xffe0</load_address>
         <run_address>0xffe0</run_address>
         <size>0x2</size>
         <input_file_ref idref="fl-2f"/>
      </object_component>
      <object_component id="oc-40">
         <name>.int01</name>
         <load_address>0xffe2</load_address>
         <run_address>0xffe2</run_address>
         <size>0x2</size>
         <input_file_ref idref="fl-30"/>
      </object_component>
      <object_component id="oc-41">
         <name>.int02</name>
         <load_address>0xffe4</load_address>
         <run_address>0xffe4</run_address>
         <size>0x2</size>
         <input_file_ref idref="fl-31"/>
      </object_component>
      <object_component id="oc-42">
         <name>.int03</name>
         <load_address>0xffe6</load_address>
         <run_address>0xffe6</run_address>
         <size>0x2</size>
         <input_file_ref idref="fl-32"/>
      </object_component>
      <object_component id="oc-43">
         <name>.int04</name>
         <load_address>0xffe8</load_address>
         <run_address>0xffe8</run_address>
         <size>0x2</size>
         <input_file_ref idref="fl-1"/>
      </object_component>
      <object_component id="oc-44">
         <name>.int05</name>
         <load_address>0xffea</load_address>
         <run_address>0xffea</run_address>
         <size>0x2</size>
         <input_file_ref idref="fl-33"/>
      </object_component>
      <object_component id="oc-45">
         <name>.int06</name>
         <load_address>0xffec</load_address>
         <run_address>0xffec</run_address>
         <size>0x2</size>
         <input_file_ref idref="fl-8"/>
      </object_component>
      <object_component id="oc-46">
         <name>.int07</name>
         <load_address>0xffee</load_address>
         <run_address>0xffee</run_address>
         <size>0x2</size>
         <input_file_ref idref="fl-34"/>
      </object_component>
      <object_component id="oc-47">
         <name>.int08</name>
         <load_address>0xfff0</load_address>
         <run_address>0xfff0</run_address>
         <size>0x2</size>
         <input_file_ref idref="fl-35"/>
      </object_component>
      <object_component id="oc-48">
         <name>.int09</name>
         <load_address>0xfff2</load_address>
         <run_address>0xfff2</run_address>
         <size>0x2</size>
         <input_file_ref idref="fl-9"/>
      </object_component>
      <object_component id="oc-49">
         <name>.int10</name>
         <load_address>0xfff4</load_address>
         <run_address>0xfff4</run_address>
         <size>0x2</size>
         <input_file_ref idref="fl-8"/>
      </object_component>
      <object_component id="oc-4a">
         <name>.int11</name>
         <load_address>0xfff6</load_address>
         <run_address>0xfff6</run_address>
         <size>0x2</size>
         <input_file_ref idref="fl-36"/>
      </object_component>
      <object_component id="oc-4b">
         <name>.int12</name>
         <load_address>0xfff8</load_address>
         <run_address>0xfff8</run_address>
         <size>0x2</size>
         <input_file_ref idref="fl-37"/>
      </object_component>
      <object_component id="oc-4c">
         <name>.int13</name>
         <load_address>0xfffa</load_address>
         <run_address>0xfffa</run_address>
         <size>0x2</size>
         <input_file_ref idref="fl-8"/>
      </object_component>
      <object_component id="oc-4d">
         <name>.int14</name>
         <load_address>0xfffc</load_address>
         <run_address>0xfffc</run_address>
         <size>0x2</size>
         <input_file_ref idref="fl-38"/>
      </object_component>
      <object_component id="oc-f8">
         <name>.reset</name>
         <load_address>0xfffe</load_address>
         <run_address>0xfffe</run_address>
         <size>0x2</size>
         <input_file_ref idref="fl-44"/>
      </object_component>
      <object_component id="oc-2de">
         <name>.debug_info</name>
         <load_address>0x0</load_address>
         <run_address>0x0</run_address>
         <size>0x573</size>
         <input_file_ref idref="fl-1"/>
      </object_component>
      <object_component id="oc-1c6">
         <name>.debug_info</name>
         <load_address>0x573</load_address>
         <run_address>0x573</run_address>
         <size>0x13c</size>
         <input_file_ref idref="fl-1"/>
      </object_component>
      <object_component id="oc-315">
         <name>.debug_info</name>
         <load_address>0x6af</load_address>
         <run_address>0x6af</run_address>
         <size>0x120</size>
         <input_file_ref idref="fl-1"/>
      </object_component>
      <object_component id="oc-126">
         <name>.debug_info</name>
         <load_address>0x7cf</load_address>
         <run_address>0x7cf</run_address>
         <size>0x157</size>
         <input_file_ref idref="fl-1"/>
      </object_component>
      <object_component id="oc-1af">
         <name>.debug_info</name>
         <load_address>0x926</load_address>
         <run_address>0x926</run_address>
         <size>0x118</size>
         <input_file_ref idref="fl-1"/>
      </object_component>
      <object_component id="oc-32d">
         <name>.debug_info</name>
         <load_address>0xa3e</load_address>
         <run_address>0xa3e</run_address>
         <size>0x108</size>
         <input_file_ref idref="fl-1"/>
      </object_component>
      <object_component id="oc-221">
         <name>.debug_info</name>
         <load_address>0xb46</load_address>
         <run_address>0xb46</run_address>
         <size>0x658</size>
         <input_file_ref idref="fl-1"/>
      </object_component>
      <object_component id="oc-2e0">
         <name>.debug_info</name>
         <load_address>0x119e</load_address>
         <run_address>0x119e</run_address>
         <size>0xc8</size>
         <input_file_ref idref="fl-1"/>
      </object_component>
      <object_component id="oc-2e5">
         <name>.debug_info</name>
         <load_address>0x1266</load_address>
         <run_address>0x1266</run_address>
         <size>0x57</size>
         <input_file_ref idref="fl-1"/>
      </object_component>
      <object_component id="oc-22b">
         <name>.debug_info</name>
         <load_address>0x12bd</load_address>
         <run_address>0x12bd</run_address>
         <size>0x2e1</size>
         <input_file_ref idref="fl-1"/>
      </object_component>
      <object_component id="oc-226">
         <name>.debug_info</name>
         <load_address>0x159e</load_address>
         <run_address>0x159e</run_address>
         <size>0x23a</size>
         <input_file_ref idref="fl-1"/>
      </object_component>
      <object_component id="oc-235">
         <name>.debug_info</name>
         <load_address>0x17d8</load_address>
         <run_address>0x17d8</run_address>
         <size>0x566</size>
         <input_file_ref idref="fl-1"/>
      </object_component>
      <object_component id="oc-441">
         <name>.debug_info</name>
         <load_address>0x1d3e</load_address>
         <run_address>0x1d3e</run_address>
         <size>0x51</size>
         <input_file_ref idref="fl-1"/>
      </object_component>
      <object_component id="oc-10e">
         <name>.debug_info</name>
         <load_address>0x1d8f</load_address>
         <run_address>0x1d8f</run_address>
         <size>0x84</size>
         <input_file_ref idref="fl-1"/>
      </object_component>
      <object_component id="oc-3de">
         <name>.debug_info</name>
         <load_address>0x1e13</load_address>
         <run_address>0x1e13</run_address>
         <size>0x53</size>
         <input_file_ref idref="fl-1"/>
      </object_component>
      <object_component id="oc-230">
         <name>.debug_info</name>
         <load_address>0x1e66</load_address>
         <run_address>0x1e66</run_address>
         <size>0x39</size>
         <input_file_ref idref="fl-1"/>
      </object_component>
      <object_component id="oc-23a">
         <name>.debug_info</name>
         <load_address>0x1e9f</load_address>
         <run_address>0x1e9f</run_address>
         <size>0x57b</size>
         <input_file_ref idref="fl-1"/>
      </object_component>
      <object_component id="oc-47a">
         <name>.debug_info</name>
         <load_address>0x241a</load_address>
         <run_address>0x241a</run_address>
         <size>0x3e2</size>
         <input_file_ref idref="fl-2"/>
      </object_component>
      <object_component id="oc-403">
         <name>.debug_info</name>
         <load_address>0x27fc</load_address>
         <run_address>0x27fc</run_address>
         <size>0x12e</size>
         <input_file_ref idref="fl-2"/>
      </object_component>
      <object_component id="oc-3f7">
         <name>.debug_info</name>
         <load_address>0x292a</load_address>
         <run_address>0x292a</run_address>
         <size>0x171</size>
         <input_file_ref idref="fl-2"/>
      </object_component>
      <object_component id="oc-3fd">
         <name>.debug_info</name>
         <load_address>0x2a9b</load_address>
         <run_address>0x2a9b</run_address>
         <size>0x138</size>
         <input_file_ref idref="fl-2"/>
      </object_component>
      <object_component id="oc-33b">
         <name>.debug_info</name>
         <load_address>0x2bd3</load_address>
         <run_address>0x2bd3</run_address>
         <size>0x276</size>
         <input_file_ref idref="fl-2"/>
      </object_component>
      <object_component id="oc-321">
         <name>.debug_info</name>
         <load_address>0x2e49</load_address>
         <run_address>0x2e49</run_address>
         <size>0x12a</size>
         <input_file_ref idref="fl-2"/>
      </object_component>
      <object_component id="oc-40a">
         <name>.debug_info</name>
         <load_address>0x2f73</load_address>
         <run_address>0x2f73</run_address>
         <size>0x153</size>
         <input_file_ref idref="fl-2"/>
      </object_component>
      <object_component id="oc-341">
         <name>.debug_info</name>
         <load_address>0x30c6</load_address>
         <run_address>0x30c6</run_address>
         <size>0x284</size>
         <input_file_ref idref="fl-2"/>
      </object_component>
      <object_component id="oc-424">
         <name>.debug_info</name>
         <load_address>0x334a</load_address>
         <run_address>0x334a</run_address>
         <size>0x3af</size>
         <input_file_ref idref="fl-4"/>
      </object_component>
      <object_component id="oc-368">
         <name>.debug_info</name>
         <load_address>0x36f9</load_address>
         <run_address>0x36f9</run_address>
         <size>0x15c</size>
         <input_file_ref idref="fl-4"/>
      </object_component>
      <object_component id="oc-31b">
         <name>.debug_info</name>
         <load_address>0x3855</load_address>
         <run_address>0x3855</run_address>
         <size>0x10c</size>
         <input_file_ref idref="fl-4"/>
      </object_component>
      <object_component id="oc-432">
         <name>.debug_info</name>
         <load_address>0x3961</load_address>
         <run_address>0x3961</run_address>
         <size>0x1a2</size>
         <input_file_ref idref="fl-5"/>
      </object_component>
      <object_component id="oc-427">
         <name>.debug_info</name>
         <load_address>0x3b03</load_address>
         <run_address>0x3b03</run_address>
         <size>0x190</size>
         <input_file_ref idref="fl-5"/>
      </object_component>
      <object_component id="oc-37a">
         <name>.debug_info</name>
         <load_address>0x3c93</load_address>
         <run_address>0x3c93</run_address>
         <size>0x229</size>
         <input_file_ref idref="fl-5"/>
      </object_component>
      <object_component id="oc-374">
         <name>.debug_info</name>
         <load_address>0x3ebc</load_address>
         <run_address>0x3ebc</run_address>
         <size>0x182</size>
         <input_file_ref idref="fl-5"/>
      </object_component>
      <object_component id="oc-309">
         <name>.debug_info</name>
         <load_address>0x403e</load_address>
         <run_address>0x403e</run_address>
         <size>0x41f</size>
         <input_file_ref idref="fl-6"/>
      </object_component>
      <object_component id="oc-264">
         <name>.debug_info</name>
         <load_address>0x445d</load_address>
         <run_address>0x445d</run_address>
         <size>0x10a</size>
         <input_file_ref idref="fl-6"/>
      </object_component>
      <object_component id="oc-2f7">
         <name>.debug_info</name>
         <load_address>0x4567</load_address>
         <run_address>0x4567</run_address>
         <size>0x173</size>
         <input_file_ref idref="fl-6"/>
      </object_component>
      <object_component id="oc-303">
         <name>.debug_info</name>
         <load_address>0x46da</load_address>
         <run_address>0x46da</run_address>
         <size>0x178</size>
         <input_file_ref idref="fl-6"/>
      </object_component>
      <object_component id="oc-2f1">
         <name>.debug_info</name>
         <load_address>0x4852</load_address>
         <run_address>0x4852</run_address>
         <size>0x130</size>
         <input_file_ref idref="fl-6"/>
      </object_component>
      <object_component id="oc-2fd">
         <name>.debug_info</name>
         <load_address>0x4982</load_address>
         <run_address>0x4982</run_address>
         <size>0x11c</size>
         <input_file_ref idref="fl-6"/>
      </object_component>
      <object_component id="oc-1bd">
         <name>.debug_info</name>
         <load_address>0x4a9e</load_address>
         <run_address>0x4a9e</run_address>
         <size>0x7a7</size>
         <input_file_ref idref="fl-7"/>
      </object_component>
      <object_component id="oc-380">
         <name>.debug_info</name>
         <load_address>0x5245</load_address>
         <run_address>0x5245</run_address>
         <size>0xdf</size>
         <input_file_ref idref="fl-7"/>
      </object_component>
      <object_component id="oc-19a">
         <name>.debug_info</name>
         <load_address>0x5324</load_address>
         <run_address>0x5324</run_address>
         <size>0x1d4</size>
         <input_file_ref idref="fl-7"/>
      </object_component>
      <object_component id="oc-26a">
         <name>.debug_info</name>
         <load_address>0x54f8</load_address>
         <run_address>0x54f8</run_address>
         <size>0x112</size>
         <input_file_ref idref="fl-7"/>
      </object_component>
      <object_component id="oc-19d">
         <name>.debug_info</name>
         <load_address>0x560a</load_address>
         <run_address>0x560a</run_address>
         <size>0x114</size>
         <input_file_ref idref="fl-7"/>
      </object_component>
      <object_component id="oc-270">
         <name>.debug_info</name>
         <load_address>0x571e</load_address>
         <run_address>0x571e</run_address>
         <size>0x41f</size>
         <input_file_ref idref="fl-7"/>
      </object_component>
      <object_component id="oc-276">
         <name>.debug_info</name>
         <load_address>0x5b3d</load_address>
         <run_address>0x5b3d</run_address>
         <size>0x49d</size>
         <input_file_ref idref="fl-7"/>
      </object_component>
      <object_component id="oc-25e">
         <name>.debug_info</name>
         <load_address>0x5fda</load_address>
         <run_address>0x5fda</run_address>
         <size>0x180</size>
         <input_file_ref idref="fl-7"/>
      </object_component>
      <object_component id="oc-1e0">
         <name>.debug_info</name>
         <load_address>0x615a</load_address>
         <run_address>0x615a</run_address>
         <size>0x17f</size>
         <input_file_ref idref="fl-7"/>
      </object_component>
      <object_component id="oc-21d">
         <name>.debug_info</name>
         <load_address>0x62d9</load_address>
         <run_address>0x62d9</run_address>
         <size>0x527</size>
         <input_file_ref idref="fl-8"/>
      </object_component>
      <object_component id="oc-1ce">
         <name>.debug_info</name>
         <load_address>0x6800</load_address>
         <run_address>0x6800</run_address>
         <size>0xcf</size>
         <input_file_ref idref="fl-8"/>
      </object_component>
      <object_component id="oc-138">
         <name>.debug_info</name>
         <load_address>0x68cf</load_address>
         <run_address>0x68cf</run_address>
         <size>0x10e</size>
         <input_file_ref idref="fl-8"/>
      </object_component>
      <object_component id="oc-1a9">
         <name>.debug_info</name>
         <load_address>0x69dd</load_address>
         <run_address>0x69dd</run_address>
         <size>0x144</size>
         <input_file_ref idref="fl-8"/>
      </object_component>
      <object_component id="oc-13e">
         <name>.debug_info</name>
         <load_address>0x6b21</load_address>
         <run_address>0x6b21</run_address>
         <size>0x10f</size>
         <input_file_ref idref="fl-8"/>
      </object_component>
      <object_component id="oc-12c">
         <name>.debug_info</name>
         <load_address>0x6c30</load_address>
         <run_address>0x6c30</run_address>
         <size>0x108</size>
         <input_file_ref idref="fl-8"/>
      </object_component>
      <object_component id="oc-1b5">
         <name>.debug_info</name>
         <load_address>0x6d38</load_address>
         <run_address>0x6d38</run_address>
         <size>0x18f</size>
         <input_file_ref idref="fl-8"/>
      </object_component>
      <object_component id="oc-258">
         <name>.debug_info</name>
         <load_address>0x6ec7</load_address>
         <run_address>0x6ec7</run_address>
         <size>0x112</size>
         <input_file_ref idref="fl-8"/>
      </object_component>
      <object_component id="oc-24f">
         <name>.debug_info</name>
         <load_address>0x6fd9</load_address>
         <run_address>0x6fd9</run_address>
         <size>0x69a</size>
         <input_file_ref idref="fl-9"/>
      </object_component>
      <object_component id="oc-2ee">
         <name>.debug_info</name>
         <load_address>0x7673</load_address>
         <run_address>0x7673</run_address>
         <size>0xf6</size>
         <input_file_ref idref="fl-9"/>
      </object_component>
      <object_component id="oc-246">
         <name>.debug_info</name>
         <load_address>0x7769</load_address>
         <run_address>0x7769</run_address>
         <size>0xd4</size>
         <input_file_ref idref="fl-9"/>
      </object_component>
      <object_component id="oc-1a3">
         <name>.debug_info</name>
         <load_address>0x783d</load_address>
         <run_address>0x783d</run_address>
         <size>0x111</size>
         <input_file_ref idref="fl-9"/>
      </object_component>
      <object_component id="oc-327">
         <name>.debug_info</name>
         <load_address>0x794e</load_address>
         <run_address>0x794e</run_address>
         <size>0x111</size>
         <input_file_ref idref="fl-9"/>
      </object_component>
      <object_component id="oc-249">
         <name>.debug_info</name>
         <load_address>0x7a5f</load_address>
         <run_address>0x7a5f</run_address>
         <size>0x2e9</size>
         <input_file_ref idref="fl-9"/>
      </object_component>
      <object_component id="oc-240">
         <name>.debug_info</name>
         <load_address>0x7d48</load_address>
         <run_address>0x7d48</run_address>
         <size>0x146</size>
         <input_file_ref idref="fl-9"/>
      </object_component>
      <object_component id="oc-1c0">
         <name>.debug_info</name>
         <load_address>0x7e8e</load_address>
         <run_address>0x7e8e</run_address>
         <size>0x1c7</size>
         <input_file_ref idref="fl-9"/>
      </object_component>
      <object_component id="oc-132">
         <name>.debug_info</name>
         <load_address>0x8055</load_address>
         <run_address>0x8055</run_address>
         <size>0x144</size>
         <input_file_ref idref="fl-9"/>
      </object_component>
      <object_component id="oc-30e">
         <name>.debug_info</name>
         <load_address>0x8199</load_address>
         <run_address>0x8199</run_address>
         <size>0x566</size>
         <input_file_ref idref="fl-9"/>
      </object_component>
      <object_component id="oc-495">
         <name>.debug_info</name>
         <load_address>0x86ff</load_address>
         <run_address>0x86ff</run_address>
         <size>0x182</size>
         <input_file_ref idref="fl-24"/>
      </object_component>
      <object_component id="oc-439">
         <name>.debug_info</name>
         <load_address>0x8881</load_address>
         <run_address>0x8881</run_address>
         <size>0x211</size>
         <input_file_ref idref="fl-24"/>
      </object_component>
      <object_component id="oc-4c3">
         <name>.debug_info</name>
         <load_address>0x8a92</load_address>
         <run_address>0x8a92</run_address>
         <size>0x39</size>
         <input_file_ref idref="fl-24"/>
      </object_component>
      <object_component id="oc-496">
         <name>.debug_info</name>
         <load_address>0x8acb</load_address>
         <run_address>0x8acb</run_address>
         <size>0x39</size>
         <input_file_ref idref="fl-24"/>
      </object_component>
      <object_component id="oc-2c4">
         <name>.debug_info</name>
         <load_address>0x8b04</load_address>
         <run_address>0x8b04</run_address>
         <size>0x124</size>
         <input_file_ref idref="fl-25"/>
      </object_component>
      <object_component id="oc-336">
         <name>.debug_info</name>
         <load_address>0x8c28</load_address>
         <run_address>0x8c28</run_address>
         <size>0x139</size>
         <input_file_ref idref="fl-26"/>
      </object_component>
      <object_component id="oc-3f1">
         <name>.debug_info</name>
         <load_address>0x8d61</load_address>
         <run_address>0x8d61</run_address>
         <size>0x125</size>
         <input_file_ref idref="fl-27"/>
      </object_component>
      <object_component id="oc-104">
         <name>.debug_info</name>
         <load_address>0x8e86</load_address>
         <run_address>0x8e86</run_address>
         <size>0x132</size>
         <input_file_ref idref="fl-28"/>
      </object_component>
      <object_component id="oc-434">
         <name>.debug_info</name>
         <load_address>0x8fb8</load_address>
         <run_address>0x8fb8</run_address>
         <size>0x125</size>
         <input_file_ref idref="fl-29"/>
      </object_component>
      <object_component id="oc-42d">
         <name>.debug_info</name>
         <load_address>0x90dd</load_address>
         <run_address>0x90dd</run_address>
         <size>0x125</size>
         <input_file_ref idref="fl-2a"/>
      </object_component>
      <object_component id="oc-359">
         <name>.debug_info</name>
         <load_address>0x9202</load_address>
         <run_address>0x9202</run_address>
         <size>0x12e</size>
         <input_file_ref idref="fl-2b"/>
      </object_component>
      <object_component id="oc-35e">
         <name>.debug_info</name>
         <load_address>0x9330</load_address>
         <run_address>0x9330</run_address>
         <size>0x125</size>
         <input_file_ref idref="fl-2c"/>
      </object_component>
      <object_component id="oc-383">
         <name>.debug_info</name>
         <load_address>0x9455</load_address>
         <run_address>0x9455</run_address>
         <size>0x139</size>
         <input_file_ref idref="fl-2d"/>
      </object_component>
      <object_component id="oc-36f">
         <name>.debug_info</name>
         <load_address>0x958e</load_address>
         <run_address>0x958e</run_address>
         <size>0x12b</size>
         <input_file_ref idref="fl-2e"/>
      </object_component>
      <object_component id="oc-121">
         <name>.debug_info</name>
         <load_address>0x96b9</load_address>
         <run_address>0x96b9</run_address>
         <size>0x113</size>
         <input_file_ref idref="fl-39"/>
      </object_component>
      <object_component id="oc-fa">
         <name>.debug_info</name>
         <load_address>0x97cc</load_address>
         <run_address>0x97cc</run_address>
         <size>0x124</size>
         <input_file_ref idref="fl-3a"/>
      </object_component>
      <object_component id="oc-ff">
         <name>.debug_info</name>
         <load_address>0x98f0</load_address>
         <run_address>0x98f0</run_address>
         <size>0x124</size>
         <input_file_ref idref="fl-3b"/>
      </object_component>
      <object_component id="oc-363">
         <name>.debug_info</name>
         <load_address>0x9a14</load_address>
         <run_address>0x9a14</run_address>
         <size>0x123</size>
         <input_file_ref idref="fl-3d"/>
      </object_component>
      <object_component id="oc-3ce">
         <name>.debug_info</name>
         <load_address>0x9b37</load_address>
         <run_address>0x9b37</run_address>
         <size>0x123</size>
         <input_file_ref idref="fl-41"/>
      </object_component>
      <object_component id="oc-f6">
         <name>.debug_info</name>
         <load_address>0x9c5a</load_address>
         <run_address>0x9c5a</run_address>
         <size>0x104</size>
         <input_file_ref idref="fl-44"/>
      </object_component>
      <object_component id="oc-156">
         <name>.debug_info</name>
         <load_address>0x9d5e</load_address>
         <run_address>0x9d5e</run_address>
         <size>0x17e</size>
         <input_file_ref idref="fl-44"/>
      </object_component>
      <object_component id="oc-3a1">
         <name>.debug_info</name>
         <load_address>0x9edc</load_address>
         <run_address>0x9edc</run_address>
         <size>0x3e2</size>
         <input_file_ref idref="fl-45"/>
      </object_component>
      <object_component id="oc-28a">
         <name>.debug_info</name>
         <load_address>0xa2be</load_address>
         <run_address>0xa2be</run_address>
         <size>0x1e4</size>
         <input_file_ref idref="fl-45"/>
      </object_component>
      <object_component id="oc-45d">
         <name>.debug_info</name>
         <load_address>0xa4a2</load_address>
         <run_address>0xa4a2</run_address>
         <size>0x39</size>
         <input_file_ref idref="fl-45"/>
      </object_component>
      <object_component id="oc-469">
         <name>.debug_info</name>
         <load_address>0xa4db</load_address>
         <run_address>0xa4db</run_address>
         <size>0x2c</size>
         <input_file_ref idref="fl-45"/>
      </object_component>
      <object_component id="oc-3ac">
         <name>.debug_info</name>
         <load_address>0xa507</load_address>
         <run_address>0xa507</run_address>
         <size>0x2c</size>
         <input_file_ref idref="fl-45"/>
      </object_component>
      <object_component id="oc-462">
         <name>.debug_info</name>
         <load_address>0xa533</load_address>
         <run_address>0xa533</run_address>
         <size>0xcd</size>
         <input_file_ref idref="fl-45"/>
      </object_component>
      <object_component id="oc-1d7">
         <name>.debug_info</name>
         <load_address>0xa600</load_address>
         <run_address>0xa600</run_address>
         <size>0x179</size>
         <input_file_ref idref="fl-46"/>
      </object_component>
      <object_component id="oc-144">
         <name>.debug_info</name>
         <load_address>0xa779</load_address>
         <run_address>0xa779</run_address>
         <size>0x1d6</size>
         <input_file_ref idref="fl-46"/>
      </object_component>
      <object_component id="oc-1d2">
         <name>.debug_info</name>
         <load_address>0xa94f</load_address>
         <run_address>0xa94f</run_address>
         <size>0x46</size>
         <input_file_ref idref="fl-46"/>
      </object_component>
      <object_component id="oc-18c">
         <name>.debug_info</name>
         <load_address>0xa995</load_address>
         <run_address>0xa995</run_address>
         <size>0x2c</size>
         <input_file_ref idref="fl-46"/>
      </object_component>
      <object_component id="oc-1da">
         <name>.debug_info</name>
         <load_address>0xa9c1</load_address>
         <run_address>0xa9c1</run_address>
         <size>0x157</size>
         <input_file_ref idref="fl-4a"/>
      </object_component>
      <object_component id="oc-39b">
         <name>.debug_info</name>
         <load_address>0xab18</load_address>
         <run_address>0xab18</run_address>
         <size>0x154</size>
         <input_file_ref idref="fl-4b"/>
      </object_component>
      <object_component id="oc-11f">
         <name>.debug_info</name>
         <load_address>0xac6c</load_address>
         <run_address>0xac6c</run_address>
         <size>0x184</size>
         <input_file_ref idref="fl-4c"/>
      </object_component>
      <object_component id="oc-3a">
         <name>.debug_info</name>
         <load_address>0xadf0</load_address>
         <run_address>0xadf0</run_address>
         <size>0x1ee</size>
         <input_file_ref idref="fl-4c"/>
      </object_component>
      <object_component id="oc-11a">
         <name>.debug_info</name>
         <load_address>0xafde</load_address>
         <run_address>0xafde</run_address>
         <size>0x46</size>
         <input_file_ref idref="fl-4c"/>
      </object_component>
      <object_component id="oc-191">
         <name>.debug_info</name>
         <load_address>0xb024</load_address>
         <run_address>0xb024</run_address>
         <size>0x2c</size>
         <input_file_ref idref="fl-4c"/>
      </object_component>
      <object_component id="oc-189">
         <name>.debug_info</name>
         <load_address>0xb050</load_address>
         <run_address>0xb050</run_address>
         <size>0x17a</size>
         <input_file_ref idref="fl-4d"/>
      </object_component>
      <object_component id="oc-34">
         <name>.debug_info</name>
         <load_address>0xb1ca</load_address>
         <run_address>0xb1ca</run_address>
         <size>0x296</size>
         <input_file_ref idref="fl-4d"/>
      </object_component>
      <object_component id="oc-109">
         <name>.debug_info</name>
         <load_address>0xb460</load_address>
         <run_address>0xb460</run_address>
         <size>0x60</size>
         <input_file_ref idref="fl-4d"/>
      </object_component>
      <object_component id="oc-1fb">
         <name>.debug_info</name>
         <load_address>0xb4c0</load_address>
         <run_address>0xb4c0</run_address>
         <size>0x46</size>
         <input_file_ref idref="fl-4d"/>
      </object_component>
      <object_component id="oc-184">
         <name>.debug_info</name>
         <load_address>0xb506</load_address>
         <run_address>0xb506</run_address>
         <size>0x39</size>
         <input_file_ref idref="fl-4d"/>
      </object_component>
      <object_component id="oc-41f">
         <name>.debug_info</name>
         <load_address>0xb53f</load_address>
         <run_address>0xb53f</run_address>
         <size>0x169</size>
         <input_file_ref idref="fl-4e"/>
      </object_component>
      <object_component id="oc-353">
         <name>.debug_info</name>
         <load_address>0xb6a8</load_address>
         <run_address>0xb6a8</run_address>
         <size>0x1dc</size>
         <input_file_ref idref="fl-4e"/>
      </object_component>
      <object_component id="oc-217">
         <name>.debug_info</name>
         <load_address>0xb884</load_address>
         <run_address>0xb884</run_address>
         <size>0x16f</size>
         <input_file_ref idref="fl-4f"/>
      </object_component>
      <object_component id="oc-2d8">
         <name>.debug_info</name>
         <load_address>0xb9f3</load_address>
         <run_address>0xb9f3</run_address>
         <size>0x1c4</size>
         <input_file_ref idref="fl-50"/>
      </object_component>
      <object_component id="oc-2cf">
         <name>.debug_info</name>
         <load_address>0xbbb7</load_address>
         <run_address>0xbbb7</run_address>
         <size>0x94</size>
         <input_file_ref idref="fl-50"/>
      </object_component>
      <object_component id="oc-34a">
         <name>.debug_info</name>
         <load_address>0xbc4b</load_address>
         <run_address>0xbc4b</run_address>
         <size>0x16a</size>
         <input_file_ref idref="fl-51"/>
      </object_component>
      <object_component id="oc-47f">
         <name>.debug_info</name>
         <load_address>0xbdb5</load_address>
         <run_address>0xbdb5</run_address>
         <size>0x16f</size>
         <input_file_ref idref="fl-52"/>
      </object_component>
      <object_component id="oc-412">
         <name>.debug_info</name>
         <load_address>0xbf24</load_address>
         <run_address>0xbf24</run_address>
         <size>0x21f</size>
         <input_file_ref idref="fl-52"/>
      </object_component>
      <object_component id="oc-20a">
         <name>.debug_info</name>
         <load_address>0xc143</load_address>
         <run_address>0xc143</run_address>
         <size>0x16a</size>
         <input_file_ref idref="fl-53"/>
      </object_component>
      <object_component id="oc-3c6">
         <name>.debug_info</name>
         <load_address>0xc2ad</load_address>
         <run_address>0xc2ad</run_address>
         <size>0x16f</size>
         <input_file_ref idref="fl-54"/>
      </object_component>
      <object_component id="oc-2bd">
         <name>.debug_info</name>
         <load_address>0xc41c</load_address>
         <run_address>0xc41c</run_address>
         <size>0x1e7</size>
         <input_file_ref idref="fl-54"/>
      </object_component>
      <object_component id="oc-2d4">
         <name>.debug_info</name>
         <load_address>0xc603</load_address>
         <run_address>0xc603</run_address>
         <size>0x1a6</size>
         <input_file_ref idref="fl-55"/>
      </object_component>
      <object_component id="oc-210">
         <name>.debug_info</name>
         <load_address>0xc7a9</load_address>
         <run_address>0xc7a9</run_address>
         <size>0x2e4</size>
         <input_file_ref idref="fl-55"/>
      </object_component>
      <object_component id="oc-34f">
         <name>.debug_info</name>
         <load_address>0xca8d</load_address>
         <run_address>0xca8d</run_address>
         <size>0x191</size>
         <input_file_ref idref="fl-56"/>
      </object_component>
      <object_component id="oc-27e">
         <name>.debug_info</name>
         <load_address>0xcc1e</load_address>
         <run_address>0xcc1e</run_address>
         <size>0x126</size>
         <input_file_ref idref="fl-57"/>
      </object_component>
      <object_component id="oc-18b">
         <name>.debug_info</name>
         <load_address>0xcd44</load_address>
         <run_address>0xcd44</run_address>
         <size>0x185</size>
         <input_file_ref idref="fl-5a"/>
      </object_component>
      <object_component id="oc-114">
         <name>.debug_info</name>
         <load_address>0xcec9</load_address>
         <run_address>0xcec9</run_address>
         <size>0x17e</size>
         <input_file_ref idref="fl-5a"/>
      </object_component>
      <object_component id="oc-492">
         <name>.debug_info</name>
         <load_address>0xd047</load_address>
         <run_address>0xd047</run_address>
         <size>0x102</size>
         <input_file_ref idref="fl-5b"/>
      </object_component>
      <object_component id="oc-4ac">
         <name>.debug_info</name>
         <load_address>0xd149</load_address>
         <run_address>0xd149</run_address>
         <size>0x124</size>
         <input_file_ref idref="fl-5c"/>
      </object_component>
      <object_component id="oc-3bc">
         <name>.debug_info</name>
         <load_address>0xd26d</load_address>
         <run_address>0xd26d</run_address>
         <size>0x12a</size>
         <input_file_ref idref="fl-5c"/>
      </object_component>
      <object_component id="oc-3d7">
         <name>.debug_info</name>
[...]
      </symbol>
      <symbol id="sm-390">
         <name>__mspabi_addf</name>
         <value>0x2276</value>
         <object_component_ref idref="oc-433"/>
      </symbol>
      <symbol id="sm-3a2">
         <name>__mspabi_divf</name>
         <value>0x277c</value>
         <object_component_ref idref="oc-42c"/>
      </symbol>
      <symbol id="sm-3af">
         <name>__mspabi_fltif</name>
         <value>0x3266</value>
         <object_component_ref idref="oc-358"/>
      </symbol>
      <symbol id="sm-3c6">
         <name>__mspabi_mpyf</name>
         <value>0x254e</value>
         <object_component_ref idref="oc-35d"/>
      </symbol>
      <symbol id="sm-3d8">
         <name>__mspabi_fixfi</name>
         <value>0x2cde</value>
         <object_component_ref idref="oc-382"/>
      </symbol>
      <symbol id="sm-3e4">
         <name>__mspabi_fltulf</name>
         <value>0x32d0</value>
         <object_component_ref idref="oc-36e"/>
      </symbol>
      <symbol id="sm-3e7">
         <name>__TI_int00</name>
         <value>0xffe0</value>
         <object_component_ref idref="oc-3f"/>
      </symbol>
      <symbol id="sm-3ea">
         <name>__TI_int01</name>
         <value>0xffe2</value>
         <object_component_ref idref="oc-40"/>
      </symbol>
      <symbol id="sm-3ed">
         <name>__TI_int02</name>
         <value>0xffe4</value>
         <object_component_ref idref="oc-41"/>
      </symbol>
      <symbol id="sm-3f0">
         <name>__TI_int03</name>
         <value>0xffe6</value>
         <object_component_ref idref="oc-42"/>
      </symbol>
      <symbol id="sm-3f3">
         <name>__TI_int05</name>
         <value>0xffea</value>
         <object_component_ref idref="oc-44"/>
      </symbol>
      <symbol id="sm-3f6">
         <name>__TI_int07</name>
         <value>0xffee</value>
         <object_component_ref idref="oc-46"/>
      </symbol>
      <symbol id="sm-3f9">
         <name>__TI_int08</name>
         <value>0xfff0</value>
         <object_component_ref idref="oc-47"/>
      </symbol>
      <symbol id="sm-3fc">
         <name>__TI_int11</name>
         <value>0xfff6</value>
         <object_component_ref idref="oc-4a"/>
      </symbol>
      <symbol id="sm-3ff">
         <name>__TI_int12</name>
         <value>0xfff8</value>
         <object_component_ref idref="oc-4b"/>
      </symbol>
      <symbol id="sm-402">
         <name>__TI_int14</name>
         <value>0xfffc</value>
         <object_component_ref idref="oc-4d"/>
      </symbol>
      <symbol id="sm-40a">
         <name>__TI_ISR_TRAP</name>
         <value>0x3648</value>
         <object_component_ref idref="oc-120"/>
      </symbol>
      <symbol id="sm-412">
         <name>__mspabi_slli</name>
         <value>0x3412</value>
         <object_component_ref idref="oc-f9"/>
      </symbol>
      <symbol id="sm-413">
         <name>__mspabi_slli_9</name>
         <value>0x342a</value>
         <object_component_ref idref="oc-f9"/>
      </symbol>
      <symbol id="sm-414">
         <name>__mspabi_slli_8</name>
         <value>0x342c</value>
         <object_component_ref idref="oc-f9"/>
      </symbol>
      <symbol id="sm-415">
         <name>__mspabi_slli_7</name>
         <value>0x342e</value>
         <object_component_ref idref="oc-f9"/>
      </symbol>
      <symbol id="sm-416">
         <name>__mspabi_slli_6</name>
         <value>0x3430</value>
         <object_component_ref idref="oc-f9"/>
      </symbol>
      <symbol id="sm-417">
         <name>__mspabi_slli_5</name>
         <value>0x3432</value>
         <object_component_ref idref="oc-f9"/>
      </symbol>
      <symbol id="sm-418">
         <name>__mspabi_slli_4</name>
         <value>0x3434</value>
         <object_component_ref idref="oc-f9"/>
      </symbol>
      <symbol id="sm-419">
         <name>__mspabi_slli_3</name>
         <value>0x3436</value>
         <object_component_ref idref="oc-f9"/>
      </symbol>
      <symbol id="sm-41a">
         <name>__mspabi_slli_2</name>
         <value>0x3438</value>
         <object_component_ref idref="oc-f9"/>
      </symbol>
      <symbol id="sm-41b">
         <name>__mspabi_slli_1</name>
         <value>0x343a</value>
         <object_component_ref idref="oc-f9"/>
      </symbol>
      <symbol id="sm-41c">
         <name>__mspabi_slli_15</name>
         <value>0x341e</value>
         <object_component_ref idref="oc-f9"/>
      </symbol>
      <symbol id="sm-41d">
         <name>__mspabi_slli_14</name>
         <value>0x3420</value>
         <object_component_ref idref="oc-f9"/>
      </symbol>
      <symbol id="sm-41e">
         <name>__mspabi_slli_13</name>
         <value>0x3422</value>
         <object_component_ref idref="oc-f9"/>
      </symbol>
      <symbol id="sm-41f">
         <name>__mspabi_slli_12</name>
         <value>0x3424</value>
         <object_component_ref idref="oc-f9"/>
      </symbol>
      <symbol id="sm-420">
         <name>__mspabi_slli_11</name>
         <value>0x3426</value>
         <object_component_ref idref="oc-f9"/>
      </symbol>
      <symbol id="sm-421">
         <name>__mspabi_slli_10</name>
         <value>0x3428</value>
         <object_component_ref idref="oc-f9"/>
      </symbol>
      <symbol id="sm-429">
         <name>__mspabi_srli_8</name>
         <value>0x3008</value>
         <object_component_ref idref="oc-fe"/>
      </symbol>
      <symbol id="sm-42a">
         <name>__mspabi_srli_9</name>
         <value>0x3004</value>
         <object_component_ref idref="oc-fe"/>
      </symbol>
      <symbol id="sm-42b">
         <name>__mspabi_srli_6</name>
         <value>0x3010</value>
         <object_component_ref idref="oc-fe"/>
      </symbol>
      <symbol id="sm-42c">
         <name>__mspabi_srli_7</name>
         <value>0x300c</value>
         <object_component_ref idref="oc-fe"/>
      </symbol>
      <symbol id="sm-42d">
         <name>__mspabi_srli_4</name>
         <value>0x3018</value>
         <object_component_ref idref="oc-fe"/>
      </symbol>
      <symbol id="sm-42e">
         <name>__mspabi_srli_5</name>
         <value>0x3014</value>
         <object_component_ref idref="oc-fe"/>
      </symbol>
      <symbol id="sm-42f">
         <name>__mspabi_srli_2</name>
         <value>0x3020</value>
         <object_component_ref idref="oc-fe"/>
      </symbol>
      <symbol id="sm-430">
         <name>__mspabi_srli_3</name>
         <value>0x301c</value>
         <object_component_ref idref="oc-fe"/>
      </symbol>
      <symbol id="sm-431">
         <name>__mspabi_srli_1</name>
         <value>0x3024</value>
         <object_component_ref idref="oc-fe"/>
      </symbol>
      <symbol id="sm-432">
         <name>__mspabi_srli</name>
         <value>0x2fde</value>
         <object_component_ref idref="oc-fe"/>
      </symbol>
      <symbol id="sm-433">
         <name>__mspabi_srli_15</name>
         <value>0x2fec</value>
         <object_component_ref idref="oc-fe"/>
      </symbol>
      <symbol id="sm-434">
         <name>__mspabi_srli_14</name>
         <value>0x2ff0</value>
         <object_component_ref idref="oc-fe"/>
      </symbol>
      <symbol id="sm-435">
         <name>__mspabi_srli_13</name>
         <value>0x2ff4</value>
         <object_component_ref idref="oc-fe"/>
      </symbol>
      <symbol id="sm-436">
         <name>__mspabi_srli_12</name>
         <value>0x2ff8</value>
         <object_component_ref idref="oc-fe"/>
      </symbol>
      <symbol id="sm-437">
         <name>__mspabi_srli_11</name>
         <value>0x2ffc</value>
         <object_component_ref idref="oc-fe"/>
      </symbol>
      <symbol id="sm-438">
         <name>__mspabi_srli_10</name>
         <value>0x3000</value>
         <object_component_ref idref="oc-fe"/>
      </symbol>
      <symbol id="sm-441">
         <name>__mspabi_mpyi_hw</name>
         <value>0x3564</value>
         <object_component_ref idref="oc-362"/>
      </symbol>
      <symbol id="sm-44c">
         <name>__mspabi_mpyl_hw</name>
         <value>0x338c</value>
         <object_component_ref idref="oc-3cd"/>
      </symbol>
      <symbol id="sm-45e">
         <name>_stack</name>
         <value>0x9b0</value>
         <object_component_ref idref="oc-f5"/>
      </symbol>
      <symbol id="sm-45f">
         <name>_c_int00_noargs</name>
         <value>0x34f0</value>
         <object_component_ref idref="oc-155"/>
      </symbol>
      <symbol id="sm-460">
         <name>_reset_vector</name>
         <value>0xfffe</value>
         <object_component_ref idref="oc-f8"/>
      </symbol>
      <symbol id="sm-482">
         <name>__TI_auto_init_nobinit_nopinit</name>
         <value>0x30fc</value>
         <object_component_ref idref="oc-289"/>
      </symbol>
      <symbol id="sm-49a">
         <name>__TI_zero_init_nomemset</name>
         <value>0x3550</value>
         <object_component_ref idref="oc-143"/>
      </symbol>
      <symbol id="sm-4a6">
         <name>_system_pre_init</name>
         <value>0x3678</value>
         <object_component_ref idref="oc-1d9"/>
      </symbol>
      <symbol id="sm-4af">
         <name>_system_post_cinit</name>
         <value>0x367c</value>
         <object_component_ref idref="oc-39a"/>
      </symbol>
      <symbol id="sm-4c5">
         <name>__TI_decompress_none</name>
         <value>0x358a</value>
         <object_component_ref idref="oc-39"/>
      </symbol>
      <symbol id="sm-4e8">
         <name>__TI_decompress_lzss</name>
         <value>0x2b72</value>
         <object_component_ref idref="oc-33"/>
      </symbol>
      <symbol id="sm-4fb">
         <name>__mspabi_cvtdf</name>
         <value>0x29da</value>
         <object_component_ref idref="oc-352"/>
      </symbol>
      <symbol id="sm-506">
         <name>__mspabi_fixdu</name>
         <value>0x3578</value>
         <object_component_ref idref="oc-214"/>
      </symbol>
      <symbol id="sm-51b">
         <name>__mspabi_fixdul</name>
         <value>0x2c6a</value>
         <object_component_ref idref="oc-2d5"/>
      </symbol>
      <symbol id="sm-524">
         <name>__mspabi_fltid</name>
         <value>0x3630</value>
         <object_component_ref idref="oc-346"/>
      </symbol>
      <symbol id="sm-53b">
         <name>__mspabi_fltlid</name>
         <value>0x26d0</value>
         <object_component_ref idref="oc-410"/>
      </symbol>
      <symbol id="sm-544">
         <name>__mspabi_fltud</name>
         <value>0x3660</value>
         <object_component_ref idref="oc-208"/>
      </symbol>
      <symbol id="sm-559">
         <name>__mspabi_fltuld</name>
         <value>0x2a66</value>
         <object_component_ref idref="oc-2bc"/>
      </symbol>
      <symbol id="sm-57b">
         <name>__mspabi_mpyd</name>
         <value>0x1c66</value>
         <object_component_ref idref="oc-20e"/>
      </symbol>
      <symbol id="sm-584">
         <name>__mspabi_subd</name>
         <value>0x3302</value>
         <object_component_ref idref="oc-34c"/>
      </symbol>
      <symbol id="sm-58e">
         <name>C$$EXIT</name>
         <value>0x3666</value>
         <object_component_ref idref="oc-27d"/>
      </symbol>
      <symbol id="sm-58f">
         <name>abort</name>
         <value>0x3666</value>
         <object_component_ref idref="oc-27d"/>
      </symbol>
      <symbol id="sm-59f">
         <name>memcpy</name>
         <value>0x35ae</value>
         <object_component_ref idref="oc-113"/>
      </symbol>
      <symbol id="sm-5a6">
         <name>errno</name>
         <value>0x330</value>
         <object_component_ref idref="oc-491"/>
      </symbol>
      <symbol id="sm-5b6">
         <name>__mspabi_slll_9</name>
         <value>0x3194</value>
         <object_component_ref idref="oc-3bb"/>
      </symbol>
      <symbol id="sm-5b7">
         <name>__mspabi_slll_8</name>
         <value>0x3198</value>
         <object_component_ref idref="oc-3bb"/>
      </symbol>
      <symbol id="sm-5b8">
         <name>__mspabi_slll_7</name>
         <value>0x319c</value>
         <object_component_ref idref="oc-3bb"/>
      </symbol>
      <symbol id="sm-5b9">
         <name>__mspabi_slll_6</name>
         <value>0x31a0</value>
         <object_component_ref idref="oc-3bb"/>
      </symbol>
      <symbol id="sm-5ba">
         <name>__mspabi_slll_5</name>
         <value>0x31a4</value>
         <object_component_ref idref="oc-3bb"/>
      </symbol>
      <symbol id="sm-5bb">
         <name>__mspabi_slll_4</name>
         <value>0x31a8</value>
         <object_component_ref idref="oc-3bb"/>
      </symbol>
      <symbol id="sm-5bc">
         <name>__mspabi_slll_3</name>
         <value>0x31ac</value>
         <object_component_ref idref="oc-3bb"/>
      </symbol>
      <symbol id="sm-5bd">
         <name>__mspabi_slll_2</name>
         <value>0x31b0</value>
         <object_component_ref idref="oc-3bb"/>
      </symbol>
      <symbol id="sm-5be">
         <name>__mspabi_slll_1</name>
         <value>0x31b4</value>
         <object_component_ref idref="oc-3bb"/>
      </symbol>
      <symbol id="sm-5bf">
         <name>__mspabi_slll</name>
         <value>0x35f2</value>
         <object_component_ref idref="oc-4ab"/>
      </symbol>
      <symbol id="sm-5c0">
         <name>__mspabi_slll_15</name>
         <value>0x317c</value>
         <object_component_ref idref="oc-3bb"/>
      </symbol>
      <symbol id="sm-5c1">
         <name>__mspabi_slll_14</name>
         <value>0x3180</value>
         <object_component_ref idref="oc-3bb"/>
      </symbol>
      <symbol id="sm-5c2">
         <name>__mspabi_slll_13</name>
         <value>0x3184</value>
         <object_component_ref idref="oc-3bb"/>
      </symbol>
      <symbol id="sm-5c3">
         <name>__mspabi_slll_12</name>
         <value>0x3188</value>
         <object_component_ref idref="oc-3bb"/>
      </symbol>
      <symbol id="sm-5c4">
         <name>__mspabi_slll_11</name>
         <value>0x318c</value>
         <object_component_ref idref="oc-3bb"/>
      </symbol>
      <symbol id="sm-5c5">
         <name>__mspabi_slll_10</name>
         <value>0x3190</value>
         <object_component_ref idref="oc-3bb"/>
      </symbol>
      <symbol id="sm-5d5">
         <name>__mspabi_srll_8</name>
         <value>0x2f02</value>
         <object_component_ref idref="oc-3c0"/>
      </symbol>
      <symbol id="sm-5d6">
         <name>__mspabi_srll_9</name>
         <value>0x2efc</value>
         <object_component_ref idref="oc-3c0"/>
      </symbol>
      <symbol id="sm-5d7">
         <name>__mspabi_srll_6</name>
         <value>0x2f0e</value>
         <object_component_ref idref="oc-3c0"/>
      </symbol>
      <symbol id="sm-5d8">
         <name>__mspabi_srll_7</name>
         <value>0x2f08</value>
         <object_component_ref idref="oc-3c0"/>
      </symbol>
      <symbol id="sm-5d9">
         <name>__mspabi_srll_4</name>
         <value>0x2f1a</value>
         <object_component_ref idref="oc-3c0"/>
      </symbol>
      <symbol id="sm-5da">
         <name>__mspabi_srll_5</name>
         <value>0x2f14</value>
         <object_component_ref idref="oc-3c0"/>
      </symbol>
      <symbol id="sm-5db">
         <name>__mspabi_srll_2</name>
         <value>0x2f26</value>
         <object_component_ref idref="oc-3c0"/>
      </symbol>
      <symbol id="sm-5dc">
         <name>__mspabi_srll_3</name>
         <value>0x2f20</value>
         <object_component_ref idref="oc-3c0"/>
      </symbol>
      <symbol id="sm-5dd">
         <name>__mspabi_srll_1</name>
         <value>0x2f2c</value>
         <object_component_ref idref="oc-3c0"/>
      </symbol>
      <symbol id="sm-5de">
         <name>__mspabi_srll_15</name>
         <value>0x2ed8</value>
         <object_component_ref idref="oc-3c0"/>
      </symbol>
      <symbol id="sm-5df">
         <name>__mspabi_srll_14</name>
         <value>0x2ede</value>
         <object_component_ref idref="oc-3c0"/>
      </symbol>
      <symbol id="sm-5e0">
         <name>__mspabi_srll_13</name>
         <value>0x2ee4</value>
         <object_component_ref idref="oc-3c0"/>
      </symbol>
      <symbol id="sm-5e1">
         <name>__mspabi_srll_12</name>
         <value>0x2eea</value>
         <object_component_ref idref="oc-3c0"/>
      </symbol>
      <symbol id="sm-5e2">
         <name>__mspabi_srll_11</name>
         <value>0x2ef0</value>
         <object_component_ref idref="oc-3c0"/>
      </symbol>
      <symbol id="sm-5e3">
         <name>__mspabi_srll_10</name>
         <value>0x2ef6</value>
         <object_component_ref idref="oc-3c0"/>
      </symbol>
      <symbol id="sm-5e4">
         <name>__mspabi_srll</name>
         <value>0x359c</value>
         <object_component_ref idref="oc-3d6"/>
      </symbol>
      <symbol id="sm-607">
         <name>__mspabi_addd</name>
         <value>0x1450</value>
         <object_component_ref idref="oc-417"/>
      </symbol>
      <symbol id="sm-628">
         <name>__TI_frcaddd</name>
         <value>0x1ed4</value>
         <object_component_ref idref="oc-480"/>
      </symbol>
      <symbol id="sm-638">
         <name>__TI_frcmpyd</name>
         <value>0x19e0</value>
         <object_component_ref idref="oc-2c8"/>
      </symbol>
      <symbol id="sm-64b">
         <name>__TI_renormd</name>
         <value>0x2612</value>
         <object_component_ref idref="oc-4b5"/>
      </symbol>
      <symbol id="sm-65b">
         <name>__mspabi_sral</name>
         <value>0x35e2</value>
         <object_component_ref idref="oc-4b0"/>
      </symbol>
      <symbol id="sm-65c">
         <name>__mspabi_sral_15</name>
         <value>0x313e</value>
         <object_component_ref idref="oc-3c8"/>
      </symbol>
      <symbol id="sm-65d">
         <name>__mspabi_sral_14</name>
         <value>0x3142</value>
         <object_component_ref idref="oc-3c8"/>
      </symbol>
      <symbol id="sm-65e">
         <name>__mspabi_sral_13</name>
         <value>0x3146</value>
         <object_component_ref idref="oc-3c8"/>
      </symbol>
      <symbol id="sm-65f">
         <name>__mspabi_sral_12</name>
         <value>0x314a</value>
         <object_component_ref idref="oc-3c8"/>
      </symbol>
      <symbol id="sm-660">
         <name>__mspabi_sral_11</name>
         <value>0x314e</value>
         <object_component_ref idref="oc-3c8"/>
      </symbol>
      <symbol id="sm-661">
         <name>__mspabi_sral_10</name>
         <value>0x3152</value>
         <object_component_ref idref="oc-3c8"/>
      </symbol>
      <symbol id="sm-662">
         <name>__mspabi_sral_8</name>
         <value>0x315a</value>
         <object_component_ref idref="oc-3c8"/>
      </symbol>
      <symbol id="sm-663">
         <name>__mspabi_sral_9</name>
         <value>0x3156</value>
         <object_component_ref idref="oc-3c8"/>
      </symbol>
      <symbol id="sm-664">
         <name>__mspabi_sral_6</name>
         <value>0x3162</value>
         <object_component_ref idref="oc-3c8"/>
      </symbol>
      <symbol id="sm-665">
         <name>__mspabi_sral_7</name>
         <value>0x315e</value>
         <object_component_ref idref="oc-3c8"/>
      </symbol>
      <symbol id="sm-666">
         <name>__mspabi_sral_4</name>
         <value>0x316a</value>
         <object_component_ref idref="oc-3c8"/>
      </symbol>
      <symbol id="sm-667">
         <name>__mspabi_sral_5</name>
         <value>0x3166</value>
         <object_component_ref idref="oc-3c8"/>
      </symbol>
      <symbol id="sm-668">
         <name>__mspabi_sral_2</name>
         <value>0x3172</value>
         <object_component_ref idref="oc-3c8"/>
      </symbol>
      <symbol id="sm-669">
         <name>__mspabi_sral_3</name>
         <value>0x316e</value>
         <object_component_ref idref="oc-3c8"/>
      </symbol>
      <symbol id="sm-66a">
         <name>__mspabi_sral_1</name>
         <value>0x3176</value>
         <object_component_ref idref="oc-3c8"/>
      </symbol>
   </symbol_table>
   <title>Link successful</title>
</link_info>
